build	Set up job	ï»¿2025-12-30T19:52:43.1301629Z Current runner version: '2.330.0'
build	Set up job	2025-12-30T19:52:43.1374590Z ##[group]Runner Image Provisioner
build	Set up job	2025-12-30T19:52:43.1376188Z Hosted Compute Agent
build	Set up job	2025-12-30T19:52:43.1377011Z Version: 20251211.462
build	Set up job	2025-12-30T19:52:43.1378320Z Commit: 6cbad8c2bb55d58165063d031ccabf57e2d2db61
build	Set up job	2025-12-30T19:52:43.1379492Z Build Date: 2025-12-11T16:28:49Z
build	Set up job	2025-12-30T19:52:43.1380543Z Worker ID: {d60d30c2-9f7a-4d42-871f-69bdb350a601}
build	Set up job	2025-12-30T19:52:43.1381726Z ##[endgroup]
build	Set up job	2025-12-30T19:52:43.1382748Z ##[group]Operating System
build	Set up job	2025-12-30T19:52:43.1383720Z Ubuntu
build	Set up job	2025-12-30T19:52:43.1384521Z 24.04.3
build	Set up job	2025-12-30T19:52:43.1385256Z LTS
build	Set up job	2025-12-30T19:52:43.1386256Z ##[endgroup]
build	Set up job	2025-12-30T19:52:43.1387134Z ##[group]Runner Image
build	Set up job	2025-12-30T19:52:43.1418406Z Image: ubuntu-24.04
build	Set up job	2025-12-30T19:52:43.1419322Z Version: 20251215.174.1
build	Set up job	2025-12-30T19:52:43.1421154Z Included Software: https://github.com/actions/runner-images/blob/ubuntu24/20251215.174/images/ubuntu/Ubuntu2404-Readme.md
build	Set up job	2025-12-30T19:52:43.1423692Z Image Release: https://github.com/actions/runner-images/releases/tag/ubuntu24%2F20251215.174
build	Set up job	2025-12-30T19:52:43.1425787Z ##[endgroup]
build	Set up job	2025-12-30T19:52:43.1427543Z ##[group]GITHUB_TOKEN Permissions
build	Set up job	2025-12-30T19:52:43.1430530Z Contents: read
build	Set up job	2025-12-30T19:52:43.1431394Z Metadata: read
build	Set up job	2025-12-30T19:52:43.1432300Z Packages: read
build	Set up job	2025-12-30T19:52:43.1433107Z ##[endgroup]
build	Set up job	2025-12-30T19:52:43.1436093Z Secret source: Actions
build	Set up job	2025-12-30T19:52:43.1437266Z Prepare workflow directory
build	Set up job	2025-12-30T19:52:43.2354465Z Prepare all required actions
build	Set up job	2025-12-30T19:52:43.2409210Z Getting action download info
build	Set up job	2025-12-30T19:52:43.6192961Z Download action repository 'actions/checkout@v4' (SHA:34e114876b0b11c390a56381ad16ebd13914f8d5)
build	Set up job	2025-12-30T19:52:43.7381458Z Download action repository 'actions/setup-node@v4' (SHA:49933ea5288caeca8642d1e84afbd3f7d6820020)
build	Set up job	2025-12-30T19:52:43.8345281Z Download action repository 'actions/cache@v4' (SHA:0057852bfaa89a56745cba8c7296529d2fc39830)
build	Set up job	2025-12-30T19:52:43.9440856Z Download action repository 'nick-fields/retry@v3' (SHA:ce71cc2ab81d554ebbe88c79ab5975992d79ba08)
build	Set up job	2025-12-30T19:52:44.2370314Z Complete job name: build
build	Run actions/checkout@v4	ï»¿2025-12-30T19:52:44.2982722Z ##[group]Run actions/checkout@v4
build	Run actions/checkout@v4	2025-12-30T19:52:44.2983550Z with:
build	Run actions/checkout@v4	2025-12-30T19:52:44.2983969Z   repository: Techlemariam/IronForge
build	Run actions/checkout@v4	2025-12-30T19:52:44.2984671Z   token: ***
build	Run actions/checkout@v4	2025-12-30T19:52:44.2985097Z   ssh-strict: true
build	Run actions/checkout@v4	2025-12-30T19:52:44.2985500Z   ssh-user: git
build	Run actions/checkout@v4	2025-12-30T19:52:44.2985923Z   persist-credentials: true
build	Run actions/checkout@v4	2025-12-30T19:52:44.2986386Z   clean: true
build	Run actions/checkout@v4	2025-12-30T19:52:44.2986787Z   sparse-checkout-cone-mode: true
build	Run actions/checkout@v4	2025-12-30T19:52:44.2987282Z   fetch-depth: 1
build	Run actions/checkout@v4	2025-12-30T19:52:44.2987846Z   fetch-tags: false
build	Run actions/checkout@v4	2025-12-30T19:52:44.2988265Z   show-progress: true
build	Run actions/checkout@v4	2025-12-30T19:52:44.2988685Z   lfs: false
build	Run actions/checkout@v4	2025-12-30T19:52:44.2989077Z   submodules: false
build	Run actions/checkout@v4	2025-12-30T19:52:44.2989486Z   set-safe-directory: true
build	Run actions/checkout@v4	2025-12-30T19:52:44.2990161Z env:
build	Run actions/checkout@v4	2025-12-30T19:52:44.2990549Z   DATABASE_URL: 
build	Run actions/checkout@v4	2025-12-30T19:52:44.2990950Z   DIRECT_URL: 
build	Run actions/checkout@v4	2025-12-30T19:52:44.2991368Z   NEXT_PUBLIC_SUPABASE_URL: 
build	Run actions/checkout@v4	2025-12-30T19:52:44.2991899Z   NEXT_PUBLIC_SUPABASE_ANON_KEY: 
build	Run actions/checkout@v4	2025-12-30T19:52:44.2992411Z ##[endgroup]
build	Run actions/checkout@v4	2025-12-30T19:52:44.4110565Z Syncing repository: Techlemariam/IronForge
build	Run actions/checkout@v4	2025-12-30T19:52:44.4112872Z ##[group]Getting Git version info
build	Run actions/checkout@v4	2025-12-30T19:52:44.4114651Z Working directory is '/home/runner/work/IronForge/IronForge'
build	Run actions/checkout@v4	2025-12-30T19:52:44.4117929Z [command]/usr/bin/git version
build	Run actions/checkout@v4	2025-12-30T19:52:44.4189047Z git version 2.52.0
build	Run actions/checkout@v4	2025-12-30T19:52:44.4216770Z ##[endgroup]
build	Run actions/checkout@v4	2025-12-30T19:52:44.4232108Z Temporarily overriding HOME='/home/runner/work/_temp/e8f44e92-7c90-4264-8157-9c869388c739' before making global git config changes
build	Run actions/checkout@v4	2025-12-30T19:52:44.4235674Z Adding repository directory to the temporary git global config as a safe directory
build	Run actions/checkout@v4	2025-12-30T19:52:44.4248720Z [command]/usr/bin/git config --global --add safe.directory /home/runner/work/IronForge/IronForge
build	Run actions/checkout@v4	2025-12-30T19:52:44.4288155Z Deleting the contents of '/home/runner/work/IronForge/IronForge'
build	Run actions/checkout@v4	2025-12-30T19:52:44.4292335Z ##[group]Initializing the repository
build	Run actions/checkout@v4	2025-12-30T19:52:44.4298070Z [command]/usr/bin/git init /home/runner/work/IronForge/IronForge
build	Run actions/checkout@v4	2025-12-30T19:52:44.4428715Z hint: Using 'master' as the name for the initial branch. This default branch name
build	Run actions/checkout@v4	2025-12-30T19:52:44.4431522Z hint: will change to "main" in Git 3.0. To configure the initial branch name
build	Run actions/checkout@v4	2025-12-30T19:52:44.4433103Z hint: to use in all of your new repositories, which will suppress this warning,
build	Run actions/checkout@v4	2025-12-30T19:52:44.4434269Z hint: call:
build	Run actions/checkout@v4	2025-12-30T19:52:44.4434902Z hint:
build	Run actions/checkout@v4	2025-12-30T19:52:44.4435708Z hint: 	git config --global init.defaultBranch <name>
build	Run actions/checkout@v4	2025-12-30T19:52:44.4436794Z hint:
build	Run actions/checkout@v4	2025-12-30T19:52:44.4438010Z hint: Names commonly chosen instead of 'master' are 'main', 'trunk' and
build	Run actions/checkout@v4	2025-12-30T19:52:44.4439702Z hint: 'development'. The just-created branch can be renamed via this command:
build	Run actions/checkout@v4	2025-12-30T19:52:44.4441029Z hint:
build	Run actions/checkout@v4	2025-12-30T19:52:44.4441755Z hint: 	git branch -m <name>
build	Run actions/checkout@v4	2025-12-30T19:52:44.4442608Z hint:
build	Run actions/checkout@v4	2025-12-30T19:52:44.4443630Z hint: Disable this message with "git config set advice.defaultBranchName false"
build	Run actions/checkout@v4	2025-12-30T19:52:44.4446405Z Initialized empty Git repository in /home/runner/work/IronForge/IronForge/.git/
build	Run actions/checkout@v4	2025-12-30T19:52:44.4449755Z [command]/usr/bin/git remote add origin https://github.com/Techlemariam/IronForge
build	Run actions/checkout@v4	2025-12-30T19:52:44.4489187Z ##[endgroup]
build	Run actions/checkout@v4	2025-12-30T19:52:44.4490401Z ##[group]Disabling automatic garbage collection
build	Run actions/checkout@v4	2025-12-30T19:52:44.4493718Z [command]/usr/bin/git config --local gc.auto 0
build	Run actions/checkout@v4	2025-12-30T19:52:44.4525307Z ##[endgroup]
build	Run actions/checkout@v4	2025-12-30T19:52:44.4526588Z ##[group]Setting up auth
build	Run actions/checkout@v4	2025-12-30T19:52:44.4532435Z [command]/usr/bin/git config --local --name-only --get-regexp core\.sshCommand
build	Run actions/checkout@v4	2025-12-30T19:52:44.4564993Z [command]/usr/bin/git submodule foreach --recursive sh -c "git config --local --name-only --get-regexp 'core\.sshCommand' && git config --local --unset-all 'core.sshCommand' || :"
build	Run actions/checkout@v4	2025-12-30T19:52:44.4895655Z [command]/usr/bin/git config --local --name-only --get-regexp http\.https\:\/\/github\.com\/\.extraheader
build	Run actions/checkout@v4	2025-12-30T19:52:44.4928310Z [command]/usr/bin/git submodule foreach --recursive sh -c "git config --local --name-only --get-regexp 'http\.https\:\/\/github\.com\/\.extraheader' && git config --local --unset-all 'http.https://github.com/.extraheader' || :"
build	Run actions/checkout@v4	2025-12-30T19:52:44.5154614Z [command]/usr/bin/git config --local --name-only --get-regexp ^includeIf\.gitdir:
build	Run actions/checkout@v4	2025-12-30T19:52:44.5187003Z [command]/usr/bin/git submodule foreach --recursive git config --local --show-origin --name-only --get-regexp remote.origin.url
build	Run actions/checkout@v4	2025-12-30T19:52:44.5427143Z [command]/usr/bin/git config --local http.https://github.com/.extraheader AUTHORIZATION: basic ***
build	Run actions/checkout@v4	2025-12-30T19:52:44.5463043Z ##[endgroup]
build	Run actions/checkout@v4	2025-12-30T19:52:44.5466181Z ##[group]Fetching the repository
build	Run actions/checkout@v4	2025-12-30T19:52:44.5473493Z [command]/usr/bin/git -c protocol.version=2 fetch --no-tags --prune --no-recurse-submodules --depth=1 origin +f3639e946556de6f46c9204503500c184b317be8:refs/remotes/origin/main
build	Run actions/checkout@v4	2025-12-30T19:52:44.9815431Z From https://github.com/Techlemariam/IronForge
build	Run actions/checkout@v4	2025-12-30T19:52:44.9817269Z  * [new ref]         f3639e946556de6f46c9204503500c184b317be8 -> origin/main
build	Run actions/checkout@v4	2025-12-30T19:52:44.9821282Z ##[endgroup]
build	Run actions/checkout@v4	2025-12-30T19:52:44.9822990Z ##[group]Determining the checkout info
build	Run actions/checkout@v4	2025-12-30T19:52:44.9824917Z ##[endgroup]
build	Run actions/checkout@v4	2025-12-30T19:52:44.9826124Z [command]/usr/bin/git sparse-checkout disable
build	Run actions/checkout@v4	2025-12-30T19:52:44.9863016Z [command]/usr/bin/git config --local --unset-all extensions.worktreeConfig
build	Run actions/checkout@v4	2025-12-30T19:52:44.9891073Z ##[group]Checking out the ref
build	Run actions/checkout@v4	2025-12-30T19:52:44.9894479Z [command]/usr/bin/git checkout --progress --force -B main refs/remotes/origin/main
build	Run actions/checkout@v4	2025-12-30T19:52:45.0659840Z Switched to a new branch 'main'
build	Run actions/checkout@v4	2025-12-30T19:52:45.0663757Z branch 'main' set up to track 'origin/main'.
build	Run actions/checkout@v4	2025-12-30T19:52:45.0669318Z ##[endgroup]
build	Run actions/checkout@v4	2025-12-30T19:52:45.0690130Z [command]/usr/bin/git log -1 --format=%H
build	Run actions/checkout@v4	2025-12-30T19:52:45.0724211Z f3639e946556de6f46c9204503500c184b317be8
build	Run actions/setup-node@v4	ï»¿2025-12-30T19:52:45.1147163Z ##[group]Run actions/setup-node@v4
build	Run actions/setup-node@v4	2025-12-30T19:52:45.1149517Z with:
build	Run actions/setup-node@v4	2025-12-30T19:52:45.1150878Z   node-version: 20
build	Run actions/setup-node@v4	2025-12-30T19:52:45.1152322Z   cache: npm
build	Run actions/setup-node@v4	2025-12-30T19:52:45.1153778Z   always-auth: false
build	Run actions/setup-node@v4	2025-12-30T19:52:45.1155335Z   check-latest: false
build	Run actions/setup-node@v4	2025-12-30T19:52:45.1157288Z   token: ***
build	Run actions/setup-node@v4	2025-12-30T19:52:45.1158866Z env:
build	Run actions/setup-node@v4	2025-12-30T19:52:45.1160161Z   DATABASE_URL: 
build	Run actions/setup-node@v4	2025-12-30T19:52:45.1161610Z   DIRECT_URL: 
build	Run actions/setup-node@v4	2025-12-30T19:52:45.1163042Z   NEXT_PUBLIC_SUPABASE_URL: 
build	Run actions/setup-node@v4	2025-12-30T19:52:45.1164860Z   NEXT_PUBLIC_SUPABASE_ANON_KEY: 
build	Run actions/setup-node@v4	2025-12-30T19:52:45.1166625Z ##[endgroup]
build	Run actions/setup-node@v4	2025-12-30T19:52:45.3280817Z Found in cache @ /opt/hostedtoolcache/node/20.19.6/x64
build	Run actions/setup-node@v4	2025-12-30T19:52:45.3284755Z ##[group]Environment details
build	Run actions/setup-node@v4	2025-12-30T19:52:45.8581159Z node: v20.19.6
build	Run actions/setup-node@v4	2025-12-30T19:52:45.8590614Z npm: 10.8.2
build	Run actions/setup-node@v4	2025-12-30T19:52:45.8591869Z yarn: 1.22.22
build	Run actions/setup-node@v4	2025-12-30T19:52:45.8594240Z ##[endgroup]
build	Run actions/setup-node@v4	2025-12-30T19:52:45.8630029Z [command]/opt/hostedtoolcache/node/20.19.6/x64/bin/npm config get cache
build	Run actions/setup-node@v4	2025-12-30T19:52:46.0625330Z /home/runner/.npm
build	Run actions/setup-node@v4	2025-12-30T19:52:46.2279257Z Cache hit for: node-cache-Linux-x64-npm-bc1105ec9d4992d0012669004f1e174eafd92857eab460dea0598c7aa16a4d10
build	Run actions/setup-node@v4	2025-12-30T19:52:47.3028827Z Received 176160768 of 315367302 (55.9%), 164.7 MBs/sec
build	Run actions/setup-node@v4	2025-12-30T19:52:47.9059194Z Received 315367302 of 315367302 (100.0%), 184.5 MBs/sec
build	Run actions/setup-node@v4	2025-12-30T19:52:47.9062403Z Cache Size: ~301 MB (315367302 B)
build	Run actions/setup-node@v4	2025-12-30T19:52:47.9105699Z [command]/usr/bin/tar -xf /home/runner/work/_temp/fececd67-9497-4f96-aa3f-99d16e95c469/cache.tzst -P -C /home/runner/work/IronForge/IronForge --use-compress-program unzstd
build	Run actions/setup-node@v4	2025-12-30T19:52:48.6375505Z Cache restored successfully
build	Run actions/setup-node@v4	2025-12-30T19:52:48.6983550Z Cache restored from key: node-cache-Linux-x64-npm-bc1105ec9d4992d0012669004f1e174eafd92857eab460dea0598c7aa16a4d10
build	Restore Next.js cache	ï»¿2025-12-30T19:52:49.1892350Z ##[group]Run actions/cache@v4
build	Restore Next.js cache	2025-12-30T19:52:49.1892651Z with:
build	Restore Next.js cache	2025-12-30T19:52:49.1892917Z   path: /home/runner/work/IronForge/IronForge/.next/cache
build	Restore Next.js cache	
build	Restore Next.js cache	2025-12-30T19:52:49.1893688Z   key: Linux-nextjs-bc1105ec9d4992d0012669004f1e174eafd92857eab460dea0598c7aa16a4d10-d55b91273cc450836dd9a02e7636cee1b174c472ebc8e2b3281d79f672fd4558
build	Restore Next.js cache	2025-12-30T19:52:49.1894623Z   restore-keys: Linux-nextjs-bc1105ec9d4992d0012669004f1e174eafd92857eab460dea0598c7aa16a4d10-
build	Restore Next.js cache	
build	Restore Next.js cache	2025-12-30T19:52:49.1895106Z   enableCrossOsArchive: false
build	Restore Next.js cache	2025-12-30T19:52:49.1895338Z   fail-on-cache-miss: false
build	Restore Next.js cache	2025-12-30T19:52:49.1895570Z   lookup-only: false
build	Restore Next.js cache	2025-12-30T19:52:49.1895763Z   save-always: false
build	Restore Next.js cache	2025-12-30T19:52:49.1895940Z env:
build	Restore Next.js cache	2025-12-30T19:52:49.1896092Z   DATABASE_URL: 
build	Restore Next.js cache	2025-12-30T19:52:49.1896267Z   DIRECT_URL: 
build	Restore Next.js cache	2025-12-30T19:52:49.1896450Z   NEXT_PUBLIC_SUPABASE_URL: 
build	Restore Next.js cache	2025-12-30T19:52:49.1896677Z   NEXT_PUBLIC_SUPABASE_ANON_KEY: 
build	Restore Next.js cache	2025-12-30T19:52:49.1896909Z ##[endgroup]
build	Restore Next.js cache	2025-12-30T19:52:49.4404478Z Cache not found for input keys: Linux-nextjs-bc1105ec9d4992d0012669004f1e174eafd92857eab460dea0598c7aa16a4d10-d55b91273cc450836dd9a02e7636cee1b174c472ebc8e2b3281d79f672fd4558, Linux-nextjs-bc1105ec9d4992d0012669004f1e174eafd92857eab460dea0598c7aa16a4d10-
build	Install dependencies	ï»¿2025-12-30T19:52:49.4489322Z ##[group]Run nick-fields/retry@v3
build	Install dependencies	2025-12-30T19:52:49.4489647Z with:
build	Install dependencies	2025-12-30T19:52:49.4489830Z   timeout_minutes: 10
build	Install dependencies	2025-12-30T19:52:49.4490031Z   max_attempts: 3
build	Install dependencies	2025-12-30T19:52:49.4490214Z   command: npm install
build	Install dependencies	2025-12-30T19:52:49.4490413Z   retry_wait_seconds: 10
build	Install dependencies	2025-12-30T19:52:49.4490629Z   polling_interval_seconds: 1
build	Install dependencies	2025-12-30T19:52:49.4490882Z   warning_on_retry: true
build	Install dependencies	2025-12-30T19:52:49.4491078Z   continue_on_error: false
build	Install dependencies	2025-12-30T19:52:49.4491268Z env:
build	Install dependencies	2025-12-30T19:52:49.4491428Z   DATABASE_URL: 
build	Install dependencies	2025-12-30T19:52:49.4491598Z   DIRECT_URL: 
build	Install dependencies	2025-12-30T19:52:49.4491770Z   NEXT_PUBLIC_SUPABASE_URL: 
build	Install dependencies	2025-12-30T19:52:49.4491987Z   NEXT_PUBLIC_SUPABASE_ANON_KEY: 
build	Install dependencies	2025-12-30T19:52:49.4492209Z ##[endgroup]
build	Install dependencies	2025-12-30T19:52:49.5186505Z ##[group]Attempt 1
build	Install dependencies	2025-12-30T19:52:51.0588416Z npm warn EBADENGINE Unsupported engine {
build	Install dependencies	2025-12-30T19:52:51.0593195Z npm warn EBADENGINE   package: '@capacitor/cli@8.0.0',
build	Install dependencies	2025-12-30T19:52:51.0595955Z npm warn EBADENGINE   required: { node: '>=22.0.0' },
build	Install dependencies	2025-12-30T19:52:51.0597264Z npm warn EBADENGINE   current: { node: 'v20.19.6', npm: '10.8.2' }
build	Install dependencies	2025-12-30T19:52:51.0598162Z npm warn EBADENGINE }
build	Install dependencies	2025-12-30T19:52:51.0611890Z npm warn EBADENGINE Unsupported engine {
build	Install dependencies	2025-12-30T19:52:51.0612852Z npm warn EBADENGINE   package: 'camera-controls@3.1.2',
build	Install dependencies	2025-12-30T19:52:51.0613978Z npm warn EBADENGINE   required: { node: '>=22.0.0', npm: '>=10.5.1' },
build	Install dependencies	2025-12-30T19:52:51.0615058Z npm warn EBADENGINE   current: { node: 'v20.19.6', npm: '10.8.2' }
build	Install dependencies	2025-12-30T19:52:51.0615940Z npm warn EBADENGINE }
build	Install dependencies	2025-12-30T19:52:59.3233983Z npm warn deprecated inflight@1.0.6: This module is not supported, and leaks memory. Do not use it. Check out lru-cache if you want a good and tested way to coalesce async requests by a key value, which is much more comprehensive and powerful.
build	Install dependencies	2025-12-30T19:52:59.6176950Z npm warn deprecated @humanwhocodes/config-array@0.13.0: Use @eslint/config-array instead
build	Install dependencies	2025-12-30T19:52:59.7072331Z npm warn deprecated rimraf@3.0.2: Rimraf versions prior to v4 are no longer supported
build	Install dependencies	2025-12-30T19:52:59.9460667Z npm warn deprecated @humanwhocodes/object-schema@2.0.3: Use @eslint/object-schema instead
build	Install dependencies	2025-12-30T19:52:59.9498843Z npm warn deprecated glob@7.2.3: Glob versions prior to v9 are no longer supported
build	Install dependencies	2025-12-30T19:53:00.8749809Z npm warn deprecated source-map@0.8.0-beta.0: The work that was done in this beta branch won't be included in future versions
build	Install dependencies	2025-12-30T19:53:01.0528280Z npm warn deprecated node-domexception@1.0.0: Use your platform's native DOMException instead
build	Install dependencies	2025-12-30T19:53:05.6786033Z npm warn deprecated eslint@8.57.1: This version is no longer supported. Please see https://eslint.org/version-support for other options.
build	Install dependencies	2025-12-30T19:53:12.8138775Z 
build	Install dependencies	2025-12-30T19:53:12.8140712Z > ironforge-rpg@1.0.0 postinstall
build	Install dependencies	2025-12-30T19:53:12.8142412Z > prisma generate
build	Install dependencies	2025-12-30T19:53:12.8143776Z 
build	Install dependencies	2025-12-30T19:53:13.8460084Z Prisma schema loaded from prisma/schema.prisma.
build	Install dependencies	2025-12-30T19:53:14.7590182Z 
build	Install dependencies	2025-12-30T19:53:14.7591468Z âœ” Generated Prisma Client (v7.2.0) to ./node_modules/@prisma/client in 510ms
build	Install dependencies	2025-12-30T19:53:14.7592076Z 
build	Install dependencies	2025-12-30T19:53:14.7592651Z Start by importing your Prisma Client (See: https://pris.ly/d/importing-client)
build	Install dependencies	2025-12-30T19:53:14.7593186Z 
build	Install dependencies	2025-12-30T19:53:14.7593672Z Tip: Want to turn off tips and other hints? https://pris.ly/tip-4-nohints
build	Install dependencies	2025-12-30T19:53:14.7594125Z 
build	Install dependencies	2025-12-30T19:53:14.8146916Z 
build	Install dependencies	2025-12-30T19:53:14.8147946Z added 1185 packages, and audited 1186 packages in 25s
build	Install dependencies	2025-12-30T19:53:14.8167151Z 
build	Install dependencies	2025-12-30T19:53:14.8172936Z 230 packages are looking for funding
build	Install dependencies	2025-12-30T19:53:14.8173511Z   run `npm fund` for details
build	Install dependencies	2025-12-30T19:53:14.8308502Z 
build	Install dependencies	2025-12-30T19:53:14.8308849Z 2 moderate severity vulnerabilities
build	Install dependencies	2025-12-30T19:53:14.8309179Z 
build	Install dependencies	2025-12-30T19:53:14.8309771Z To address all issues (including breaking changes), run:
build	Install dependencies	2025-12-30T19:53:14.8310452Z   npm audit fix --force
build	Install dependencies	2025-12-30T19:53:14.8310739Z 
build	Install dependencies	2025-12-30T19:53:14.8338530Z Run `npm audit` for details.
build	Install dependencies	2025-12-30T19:53:15.5539801Z Command completed after 1 attempt(s).
build	Install dependencies	2025-12-30T19:53:15.5543754Z ##[endgroup]
build	Run npx prisma generate	ï»¿2025-12-30T19:53:15.5625624Z ##[group]Run npx prisma generate
build	Run npx prisma generate	2025-12-30T19:53:15.5625967Z [36;1mnpx prisma generate[0m
build	Run npx prisma generate	2025-12-30T19:53:15.5671830Z shell: /usr/bin/bash -e {0}
build	Run npx prisma generate	2025-12-30T19:53:15.5672067Z env:
build	Run npx prisma generate	2025-12-30T19:53:15.5672229Z   DATABASE_URL: 
build	Run npx prisma generate	2025-12-30T19:53:15.5672404Z   DIRECT_URL: 
build	Run npx prisma generate	2025-12-30T19:53:15.5672593Z   NEXT_PUBLIC_SUPABASE_URL: 
build	Run npx prisma generate	2025-12-30T19:53:15.5672826Z   NEXT_PUBLIC_SUPABASE_ANON_KEY: 
build	Run npx prisma generate	2025-12-30T19:53:15.5673046Z ##[endgroup]
build	Run npx prisma generate	2025-12-30T19:53:16.9482810Z Prisma schema loaded from prisma/schema.prisma.
build	Run npx prisma generate	2025-12-30T19:53:18.0165719Z 
build	Run npx prisma generate	2025-12-30T19:53:18.0169661Z âœ” Generated Prisma Client (v7.2.0) to ./node_modules/@prisma/client in 660ms
build	Run npx prisma generate	2025-12-30T19:53:18.0170220Z 
build	Run npx prisma generate	2025-12-30T19:53:18.0170808Z Start by importing your Prisma Client (See: https://pris.ly/d/importing-client)
build	Run npx prisma generate	2025-12-30T19:53:18.0171333Z 
build	Run npx prisma generate	2025-12-30T19:53:18.0172133Z Tip: Interested in query caching in just a few lines of code? Try Accelerate today! https://pris.ly/tip-3-accelerate
build	Run npx prisma generate	2025-12-30T19:53:18.0173116Z 
build	Run npm run build	ï»¿2025-12-30T19:53:18.0529023Z ##[group]Run npm run build
build	Run npm run build	2025-12-30T19:53:18.0529306Z [36;1mnpm run build[0m
build	Run npm run build	2025-12-30T19:53:18.0561632Z shell: /usr/bin/bash -e {0}
build	Run npm run build	2025-12-30T19:53:18.0561848Z env:
build	Run npm run build	2025-12-30T19:53:18.0562011Z   DATABASE_URL: 
build	Run npm run build	2025-12-30T19:53:18.0562188Z   DIRECT_URL: 
build	Run npm run build	2025-12-30T19:53:18.0562367Z   NEXT_PUBLIC_SUPABASE_URL: 
build	Run npm run build	2025-12-30T19:53:18.0562602Z   NEXT_PUBLIC_SUPABASE_ANON_KEY: 
build	Run npm run build	2025-12-30T19:53:18.0562826Z ##[endgroup]
build	Run npm run build	2025-12-30T19:53:18.6627004Z 
build	Run npm run build	2025-12-30T19:53:18.6628012Z > ironforge-rpg@1.0.0 build
build	Run npm run build	2025-12-30T19:53:18.6628670Z > next build
build	Run npm run build	2025-12-30T19:53:18.6629792Z 
build	Run npm run build	2025-12-30T19:53:19.6007229Z âŒ Invalid environment variables: {
build	Run npm run build	2025-12-30T19:53:19.6011278Z   DATABASE_URL: [ 'Invalid url' ],
build	Run npm run build	2025-12-30T19:53:19.6011804Z   DIRECT_URL: [ 'Invalid url' ],
build	Run npm run build	2025-12-30T19:53:19.6012340Z   NEXT_PUBLIC_SUPABASE_URL: [ 'Invalid url' ],
build	Run npm run build	2025-12-30T19:53:19.6013137Z   NEXT_PUBLIC_SUPABASE_ANON_KEY: [ 'String must contain at least 1 character(s)' ]
build	Run npm run build	2025-12-30T19:53:19.6013953Z }
build	Run npm run build	2025-12-30T19:53:19.6016481Z  â¨¯ Failed to load next.config.mjs, see more info here https://nextjs.org/docs/messages/next-config-error
build	Run npm run build	2025-12-30T19:53:19.6081375Z 
build	Run npm run build	2025-12-30T19:53:19.6081852Z > Build error occurred
build	Run npm run build	2025-12-30T19:53:19.6117992Z Error: Invalid environment variables
build	Run npm run build	2025-12-30T19:53:19.6119081Z     at <unknown> (src/env.mjs:46:15)
build	Run npm run build	2025-12-30T19:53:19.6316777Z ##[error]Process completed with exit code 1.
build	Post Run actions/checkout@v4	ï»¿2025-12-30T19:53:19.6396334Z Post job cleanup.
build	Post Run actions/checkout@v4	2025-12-30T19:53:19.7330327Z [command]/usr/bin/git version
build	Post Run actions/checkout@v4	2025-12-30T19:53:19.7371237Z git version 2.52.0
build	Post Run actions/checkout@v4	2025-12-30T19:53:19.7417882Z Temporarily overriding HOME='/home/runner/work/_temp/38097b17-beb3-4a4c-a1c7-70e91bf6d1a2' before making global git config changes
build	Post Run actions/checkout@v4	2025-12-30T19:53:19.7419716Z Adding repository directory to the temporary git global config as a safe directory
build	Post Run actions/checkout@v4	2025-12-30T19:53:19.7425529Z [command]/usr/bin/git config --global --add safe.directory /home/runner/work/IronForge/IronForge
build	Post Run actions/checkout@v4	2025-12-30T19:53:19.7467789Z [command]/usr/bin/git config --local --name-only --get-regexp core\.sshCommand
build	Post Run actions/checkout@v4	2025-12-30T19:53:19.7502630Z [command]/usr/bin/git submodule foreach --recursive sh -c "git config --local --name-only --get-regexp 'core\.sshCommand' && git config --local --unset-all 'core.sshCommand' || :"
build	Post Run actions/checkout@v4	2025-12-30T19:53:19.7739789Z [command]/usr/bin/git config --local --name-only --get-regexp http\.https\:\/\/github\.com\/\.extraheader
build	Post Run actions/checkout@v4	2025-12-30T19:53:19.7762595Z http.https://github.com/.extraheader
build	Post Run actions/checkout@v4	2025-12-30T19:53:19.7778146Z [command]/usr/bin/git config --local --unset-all http.https://github.com/.extraheader
build	Post Run actions/checkout@v4	2025-12-30T19:53:19.7811618Z [command]/usr/bin/git submodule foreach --recursive sh -c "git config --local --name-only --get-regexp 'http\.https\:\/\/github\.com\/\.extraheader' && git config --local --unset-all 'http.https://github.com/.extraheader' || :"
build	Post Run actions/checkout@v4	2025-12-30T19:53:19.8041263Z [command]/usr/bin/git config --local --name-only --get-regexp ^includeIf\.gitdir:
build	Post Run actions/checkout@v4	2025-12-30T19:53:19.8074346Z [command]/usr/bin/git submodule foreach --recursive git config --local --show-origin --name-only --get-regexp remote.origin.url
build	Complete job	ï»¿2025-12-30T19:53:19.8448642Z Cleaning up orphan processes
