ğŸ­ E2E Tests	Set up job	ï»¿2026-01-07T20:40:05.2569869Z Current runner version: '2.330.0'
ğŸ­ E2E Tests	Set up job	2026-01-07T20:40:05.2599305Z ##[group]Runner Image Provisioner
ğŸ­ E2E Tests	Set up job	2026-01-07T20:40:05.2600194Z Hosted Compute Agent
ğŸ­ E2E Tests	Set up job	2026-01-07T20:40:05.2600937Z Version: 20251211.462
ğŸ­ E2E Tests	Set up job	2026-01-07T20:40:05.2601565Z Commit: 6cbad8c2bb55d58165063d031ccabf57e2d2db61
ğŸ­ E2E Tests	Set up job	2026-01-07T20:40:05.2602265Z Build Date: 2025-12-11T16:28:49Z
ğŸ­ E2E Tests	Set up job	2026-01-07T20:40:05.2603086Z Worker ID: {7551f844-3070-41dd-bbd6-13fbe1f40394}
ğŸ­ E2E Tests	Set up job	2026-01-07T20:40:05.2603786Z ##[endgroup]
ğŸ­ E2E Tests	Set up job	2026-01-07T20:40:05.2604408Z ##[group]Operating System
ğŸ­ E2E Tests	Set up job	2026-01-07T20:40:05.2605075Z Ubuntu
ğŸ­ E2E Tests	Set up job	2026-01-07T20:40:05.2605579Z 24.04.3
ğŸ­ E2E Tests	Set up job	2026-01-07T20:40:05.2606356Z LTS
ğŸ­ E2E Tests	Set up job	2026-01-07T20:40:05.2606874Z ##[endgroup]
ğŸ­ E2E Tests	Set up job	2026-01-07T20:40:05.2607392Z ##[group]Runner Image
ğŸ­ E2E Tests	Set up job	2026-01-07T20:40:05.2608168Z Image: ubuntu-24.04
ğŸ­ E2E Tests	Set up job	2026-01-07T20:40:05.2608731Z Version: 20251215.174.1
ğŸ­ E2E Tests	Set up job	2026-01-07T20:40:05.2609867Z Included Software: https://github.com/actions/runner-images/blob/ubuntu24/20251215.174/images/ubuntu/Ubuntu2404-Readme.md
ğŸ­ E2E Tests	Set up job	2026-01-07T20:40:05.2611376Z Image Release: https://github.com/actions/runner-images/releases/tag/ubuntu24%2F20251215.174
ğŸ­ E2E Tests	Set up job	2026-01-07T20:40:05.2612822Z ##[endgroup]
ğŸ­ E2E Tests	Set up job	2026-01-07T20:40:05.2613981Z ##[group]GITHUB_TOKEN Permissions
ğŸ­ E2E Tests	Set up job	2026-01-07T20:40:05.2616515Z Contents: read
ğŸ­ E2E Tests	Set up job	2026-01-07T20:40:05.2617140Z Metadata: read
ğŸ­ E2E Tests	Set up job	2026-01-07T20:40:05.2617802Z Packages: read
ğŸ­ E2E Tests	Set up job	2026-01-07T20:40:05.2618364Z ##[endgroup]
ğŸ­ E2E Tests	Set up job	2026-01-07T20:40:05.2620446Z Secret source: Actions
ğŸ­ E2E Tests	Set up job	2026-01-07T20:40:05.2621628Z Prepare workflow directory
ğŸ­ E2E Tests	Set up job	2026-01-07T20:40:05.3168218Z Prepare all required actions
ğŸ­ E2E Tests	Set up job	2026-01-07T20:40:05.3206327Z Getting action download info
ğŸ­ E2E Tests	Set up job	2026-01-07T20:40:05.7426939Z Download action repository 'actions/checkout@v4' (SHA:34e114876b0b11c390a56381ad16ebd13914f8d5)
ğŸ­ E2E Tests	Set up job	2026-01-07T20:40:05.8430488Z Download action repository 'pnpm/action-setup@v4' (SHA:41ff72655975bd51cab0327fa583b6e92b6d3061)
ğŸ­ E2E Tests	Set up job	2026-01-07T20:40:06.3692109Z Download action repository 'actions/setup-node@v6' (SHA:395ad3262231945c25e8478fd5baf05154b1d79f)
ğŸ­ E2E Tests	Set up job	2026-01-07T20:40:06.4717886Z Download action repository 'actions/cache@v5' (SHA:9255dc7a253b0ccc959486e2bca901246202afeb)
ğŸ­ E2E Tests	Set up job	2026-01-07T20:40:07.2823688Z Complete job name: ğŸ­ E2E Tests
ğŸ­ E2E Tests	Run actions/checkout@v4	ï»¿2026-01-07T20:40:07.3649387Z ##[group]Run actions/checkout@v4
ğŸ­ E2E Tests	Run actions/checkout@v4	2026-01-07T20:40:07.3651011Z with:
ğŸ­ E2E Tests	Run actions/checkout@v4	2026-01-07T20:40:07.3652007Z   repository: Techlemariam/IronForge
ğŸ­ E2E Tests	Run actions/checkout@v4	2026-01-07T20:40:07.3653501Z   token: ***
ğŸ­ E2E Tests	Run actions/checkout@v4	2026-01-07T20:40:07.3654523Z   ssh-strict: true
ğŸ­ E2E Tests	Run actions/checkout@v4	2026-01-07T20:40:07.3655524Z   ssh-user: git
ğŸ­ E2E Tests	Run actions/checkout@v4	2026-01-07T20:40:07.3656729Z   persist-credentials: true
ğŸ­ E2E Tests	Run actions/checkout@v4	2026-01-07T20:40:07.3657830Z   clean: true
ğŸ­ E2E Tests	Run actions/checkout@v4	2026-01-07T20:40:07.3658816Z   sparse-checkout-cone-mode: true
ğŸ­ E2E Tests	Run actions/checkout@v4	2026-01-07T20:40:07.3660013Z   fetch-depth: 1
ğŸ­ E2E Tests	Run actions/checkout@v4	2026-01-07T20:40:07.3661024Z   fetch-tags: false
ğŸ­ E2E Tests	Run actions/checkout@v4	2026-01-07T20:40:07.3661990Z   show-progress: true
ğŸ­ E2E Tests	Run actions/checkout@v4	2026-01-07T20:40:07.3663044Z   lfs: false
ğŸ­ E2E Tests	Run actions/checkout@v4	2026-01-07T20:40:07.3663960Z   submodules: false
ğŸ­ E2E Tests	Run actions/checkout@v4	2026-01-07T20:40:07.3664978Z   set-safe-directory: true
ğŸ­ E2E Tests	Run actions/checkout@v4	2026-01-07T20:40:07.3666690Z env:
ğŸ­ E2E Tests	Run actions/checkout@v4	2026-01-07T20:40:07.3669177Z   DATABASE_URL: ***
ğŸ­ E2E Tests	Run actions/checkout@v4	2026-01-07T20:40:07.3671544Z   DIRECT_URL: ***
ğŸ­ E2E Tests	Run actions/checkout@v4	2026-01-07T20:40:07.3672925Z   NEXT_PUBLIC_SUPABASE_URL: ***
ğŸ­ E2E Tests	Run actions/checkout@v4	2026-01-07T20:40:07.3678216Z   NEXT_PUBLIC_SUPABASE_ANON_KEY: ***
ğŸ­ E2E Tests	Run actions/checkout@v4	2026-01-07T20:40:07.3679485Z   SKIP_ENV_VALIDATION: true
ğŸ­ E2E Tests	Run actions/checkout@v4	2026-01-07T20:40:07.3680673Z ##[endgroup]
ğŸ­ E2E Tests	Run actions/checkout@v4	2026-01-07T20:40:07.4800735Z Syncing repository: Techlemariam/IronForge
ğŸ­ E2E Tests	Run actions/checkout@v4	2026-01-07T20:40:07.4803825Z ##[group]Getting Git version info
ğŸ­ E2E Tests	Run actions/checkout@v4	2026-01-07T20:40:07.4805364Z Working directory is '/home/runner/work/IronForge/IronForge'
ğŸ­ E2E Tests	Run actions/checkout@v4	2026-01-07T20:40:07.4808550Z [command]/usr/bin/git version
ğŸ­ E2E Tests	Run actions/checkout@v4	2026-01-07T20:40:07.4889959Z git version 2.52.0
ğŸ­ E2E Tests	Run actions/checkout@v4	2026-01-07T20:40:07.4916977Z ##[endgroup]
ğŸ­ E2E Tests	Run actions/checkout@v4	2026-01-07T20:40:07.4932262Z Temporarily overriding HOME='/home/runner/work/_temp/a194dea1-48ea-44bc-9a69-1047b732451a' before making global git config changes
ğŸ­ E2E Tests	Run actions/checkout@v4	2026-01-07T20:40:07.4935412Z Adding repository directory to the temporary git global config as a safe directory
ğŸ­ E2E Tests	Run actions/checkout@v4	2026-01-07T20:40:07.4938644Z [command]/usr/bin/git config --global --add safe.directory /home/runner/work/IronForge/IronForge
ğŸ­ E2E Tests	Run actions/checkout@v4	2026-01-07T20:40:07.4980877Z Deleting the contents of '/home/runner/work/IronForge/IronForge'
ğŸ­ E2E Tests	Run actions/checkout@v4	2026-01-07T20:40:07.4984489Z ##[group]Initializing the repository
ğŸ­ E2E Tests	Run actions/checkout@v4	2026-01-07T20:40:07.4989068Z [command]/usr/bin/git init /home/runner/work/IronForge/IronForge
ğŸ­ E2E Tests	Run actions/checkout@v4	2026-01-07T20:40:07.5121300Z hint: Using 'master' as the name for the initial branch. This default branch name
ğŸ­ E2E Tests	Run actions/checkout@v4	2026-01-07T20:40:07.5124829Z hint: will change to "main" in Git 3.0. To configure the initial branch name
ğŸ­ E2E Tests	Run actions/checkout@v4	2026-01-07T20:40:07.5128095Z hint: to use in all of your new repositories, which will suppress this warning,
ğŸ­ E2E Tests	Run actions/checkout@v4	2026-01-07T20:40:07.5129736Z hint: call:
ğŸ­ E2E Tests	Run actions/checkout@v4	2026-01-07T20:40:07.5130682Z hint:
ğŸ­ E2E Tests	Run actions/checkout@v4	2026-01-07T20:40:07.5132134Z hint: 	git config --global init.defaultBranch <name>
ğŸ­ E2E Tests	Run actions/checkout@v4	2026-01-07T20:40:07.5133680Z hint:
ğŸ­ E2E Tests	Run actions/checkout@v4	2026-01-07T20:40:07.5135077Z hint: Names commonly chosen instead of 'master' are 'main', 'trunk' and
ğŸ­ E2E Tests	Run actions/checkout@v4	2026-01-07T20:40:07.5137745Z hint: 'development'. The just-created branch can be renamed via this command:
ğŸ­ E2E Tests	Run actions/checkout@v4	2026-01-07T20:40:07.5139653Z hint:
ğŸ­ E2E Tests	Run actions/checkout@v4	2026-01-07T20:40:07.5140679Z hint: 	git branch -m <name>
ğŸ­ E2E Tests	Run actions/checkout@v4	2026-01-07T20:40:07.5141840Z hint:
ğŸ­ E2E Tests	Run actions/checkout@v4	2026-01-07T20:40:07.5143237Z hint: Disable this message with "git config set advice.defaultBranchName false"
ğŸ­ E2E Tests	Run actions/checkout@v4	2026-01-07T20:40:07.5145447Z Initialized empty Git repository in /home/runner/work/IronForge/IronForge/.git/
ğŸ­ E2E Tests	Run actions/checkout@v4	2026-01-07T20:40:07.5149369Z [command]/usr/bin/git remote add origin https://github.com/Techlemariam/IronForge
ğŸ­ E2E Tests	Run actions/checkout@v4	2026-01-07T20:40:07.5178147Z ##[endgroup]
ğŸ­ E2E Tests	Run actions/checkout@v4	2026-01-07T20:40:07.5179824Z ##[group]Disabling automatic garbage collection
ğŸ­ E2E Tests	Run actions/checkout@v4	2026-01-07T20:40:07.5181894Z [command]/usr/bin/git config --local gc.auto 0
ğŸ­ E2E Tests	Run actions/checkout@v4	2026-01-07T20:40:07.5215626Z ##[endgroup]
ğŸ­ E2E Tests	Run actions/checkout@v4	2026-01-07T20:40:07.5218632Z ##[group]Setting up auth
ğŸ­ E2E Tests	Run actions/checkout@v4	2026-01-07T20:40:07.5223719Z [command]/usr/bin/git config --local --name-only --get-regexp core\.sshCommand
ğŸ­ E2E Tests	Run actions/checkout@v4	2026-01-07T20:40:07.5257472Z [command]/usr/bin/git submodule foreach --recursive sh -c "git config --local --name-only --get-regexp 'core\.sshCommand' && git config --local --unset-all 'core.sshCommand' || :"
ğŸ­ E2E Tests	Run actions/checkout@v4	2026-01-07T20:40:07.5612299Z [command]/usr/bin/git config --local --name-only --get-regexp http\.https\:\/\/github\.com\/\.extraheader
ğŸ­ E2E Tests	Run actions/checkout@v4	2026-01-07T20:40:07.5648703Z [command]/usr/bin/git submodule foreach --recursive sh -c "git config --local --name-only --get-regexp 'http\.https\:\/\/github\.com\/\.extraheader' && git config --local --unset-all 'http.https://github.com/.extraheader' || :"
ğŸ­ E2E Tests	Run actions/checkout@v4	2026-01-07T20:40:07.5876377Z [command]/usr/bin/git config --local --name-only --get-regexp ^includeIf\.gitdir:
ğŸ­ E2E Tests	Run actions/checkout@v4	2026-01-07T20:40:07.5921441Z [command]/usr/bin/git submodule foreach --recursive git config --local --show-origin --name-only --get-regexp remote.origin.url
ğŸ­ E2E Tests	Run actions/checkout@v4	2026-01-07T20:40:07.6157292Z [command]/usr/bin/git config --local http.https://github.com/.extraheader AUTHORIZATION: basic ***
ğŸ­ E2E Tests	Run actions/checkout@v4	2026-01-07T20:40:07.6193505Z ##[endgroup]
ğŸ­ E2E Tests	Run actions/checkout@v4	2026-01-07T20:40:07.6196815Z ##[group]Fetching the repository
ğŸ­ E2E Tests	Run actions/checkout@v4	2026-01-07T20:40:07.6206189Z [command]/usr/bin/git -c protocol.version=2 fetch --no-tags --prune --no-recurse-submodules --depth=1 origin +eb8b279a64edcaadd4956f8fdc7d95cf2692fc7f:refs/remotes/pull/34/merge
ğŸ­ E2E Tests	Run actions/checkout@v4	2026-01-07T20:40:08.4116331Z From https://github.com/Techlemariam/IronForge
ğŸ­ E2E Tests	Run actions/checkout@v4	2026-01-07T20:40:08.4117610Z  * [new ref]         eb8b279a64edcaadd4956f8fdc7d95cf2692fc7f -> pull/34/merge
ğŸ­ E2E Tests	Run actions/checkout@v4	2026-01-07T20:40:08.4158624Z ##[endgroup]
ğŸ­ E2E Tests	Run actions/checkout@v4	2026-01-07T20:40:08.4161268Z ##[group]Determining the checkout info
ğŸ­ E2E Tests	Run actions/checkout@v4	2026-01-07T20:40:08.4162115Z ##[endgroup]
ğŸ­ E2E Tests	Run actions/checkout@v4	2026-01-07T20:40:08.4166320Z [command]/usr/bin/git sparse-checkout disable
ğŸ­ E2E Tests	Run actions/checkout@v4	2026-01-07T20:40:08.4208760Z [command]/usr/bin/git config --local --unset-all extensions.worktreeConfig
ğŸ­ E2E Tests	Run actions/checkout@v4	2026-01-07T20:40:08.4234964Z ##[group]Checking out the ref
ğŸ­ E2E Tests	Run actions/checkout@v4	2026-01-07T20:40:08.4238877Z [command]/usr/bin/git checkout --progress --force refs/remotes/pull/34/merge
ğŸ­ E2E Tests	Run actions/checkout@v4	2026-01-07T20:40:08.5382592Z Note: switching to 'refs/remotes/pull/34/merge'.
ğŸ­ E2E Tests	Run actions/checkout@v4	2026-01-07T20:40:08.5383237Z 
ğŸ­ E2E Tests	Run actions/checkout@v4	2026-01-07T20:40:08.5383721Z You are in 'detached HEAD' state. You can look around, make experimental
ğŸ­ E2E Tests	Run actions/checkout@v4	2026-01-07T20:40:08.5384590Z changes and commit them, and you can discard any commits you make in this
ğŸ­ E2E Tests	Run actions/checkout@v4	2026-01-07T20:40:08.5385658Z state without impacting any branches by switching back to a branch.
ğŸ­ E2E Tests	Run actions/checkout@v4	2026-01-07T20:40:08.5386418Z 
ğŸ­ E2E Tests	Run actions/checkout@v4	2026-01-07T20:40:08.5386771Z If you want to create a new branch to retain commits you create, you may
ğŸ­ E2E Tests	Run actions/checkout@v4	2026-01-07T20:40:08.5387482Z do so (now or later) by using -c with the switch command. Example:
ğŸ­ E2E Tests	Run actions/checkout@v4	2026-01-07T20:40:08.5387815Z 
ğŸ­ E2E Tests	Run actions/checkout@v4	2026-01-07T20:40:08.5387983Z   git switch -c <new-branch-name>
ğŸ­ E2E Tests	Run actions/checkout@v4	2026-01-07T20:40:08.5388196Z 
ğŸ­ E2E Tests	Run actions/checkout@v4	2026-01-07T20:40:08.5388311Z Or undo this operation with:
ğŸ­ E2E Tests	Run actions/checkout@v4	2026-01-07T20:40:08.5388501Z 
ğŸ­ E2E Tests	Run actions/checkout@v4	2026-01-07T20:40:08.5388598Z   git switch -
ğŸ­ E2E Tests	Run actions/checkout@v4	2026-01-07T20:40:08.5388752Z 
ğŸ­ E2E Tests	Run actions/checkout@v4	2026-01-07T20:40:08.5388987Z Turn off this advice by setting config variable advice.detachedHead to false
ğŸ­ E2E Tests	Run actions/checkout@v4	2026-01-07T20:40:08.5389334Z 
ğŸ­ E2E Tests	Run actions/checkout@v4	2026-01-07T20:40:08.5389721Z HEAD is now at eb8b279 Merge 1cb04245867d38d111e70a85990cf57e7039a453 into b789994c9141a6c4ac9b5c7c3c90186cac73a7e6
ğŸ­ E2E Tests	Run actions/checkout@v4	2026-01-07T20:40:08.5395427Z ##[endgroup]
ğŸ­ E2E Tests	Run actions/checkout@v4	2026-01-07T20:40:08.5433780Z [command]/usr/bin/git log -1 --format=%H
ğŸ­ E2E Tests	Run actions/checkout@v4	2026-01-07T20:40:08.5456950Z eb8b279a64edcaadd4956f8fdc7d95cf2692fc7f
ğŸ­ E2E Tests	Run pnpm/action-setup@v4	ï»¿2026-01-07T20:40:08.5650103Z ##[group]Run pnpm/action-setup@v4
ğŸ­ E2E Tests	Run pnpm/action-setup@v4	2026-01-07T20:40:08.5650452Z with:
ğŸ­ E2E Tests	Run pnpm/action-setup@v4	2026-01-07T20:40:08.5650653Z   dest: ~/setup-pnpm
ğŸ­ E2E Tests	Run pnpm/action-setup@v4	2026-01-07T20:40:08.5650875Z   run_install: null
ğŸ­ E2E Tests	Run pnpm/action-setup@v4	2026-01-07T20:40:08.5651101Z   package_json_file: package.json
ğŸ­ E2E Tests	Run pnpm/action-setup@v4	2026-01-07T20:40:08.5651359Z   standalone: false
ğŸ­ E2E Tests	Run pnpm/action-setup@v4	2026-01-07T20:40:08.5651555Z env:
ğŸ­ E2E Tests	Run pnpm/action-setup@v4	2026-01-07T20:40:08.5652385Z   DATABASE_URL: ***
ğŸ­ E2E Tests	Run pnpm/action-setup@v4	2026-01-07T20:40:08.5653067Z   DIRECT_URL: ***
ğŸ­ E2E Tests	Run pnpm/action-setup@v4	2026-01-07T20:40:08.5653433Z   NEXT_PUBLIC_SUPABASE_URL: ***
ğŸ­ E2E Tests	Run pnpm/action-setup@v4	2026-01-07T20:40:08.5654816Z   NEXT_PUBLIC_SUPABASE_ANON_KEY: ***
ğŸ­ E2E Tests	Run pnpm/action-setup@v4	2026-01-07T20:40:08.5655104Z   SKIP_ENV_VALIDATION: true
ğŸ­ E2E Tests	Run pnpm/action-setup@v4	2026-01-07T20:40:08.5655338Z ##[endgroup]
ğŸ­ E2E Tests	Run pnpm/action-setup@v4	2026-01-07T20:40:08.6198186Z ##[group]Running self-installer...
ğŸ­ E2E Tests	Run pnpm/action-setup@v4	2026-01-07T20:40:09.3043231Z Progress: resolved 1, reused 0, downloaded 0, added 0
ğŸ­ E2E Tests	Run pnpm/action-setup@v4	2026-01-07T20:40:09.3169327Z Packages: +1
ğŸ­ E2E Tests	Run pnpm/action-setup@v4	2026-01-07T20:40:09.3170031Z +
ğŸ­ E2E Tests	Run pnpm/action-setup@v4	2026-01-07T20:40:09.9707724Z Progress: resolved 1, reused 0, downloaded 1, added 1, done
ğŸ­ E2E Tests	Run pnpm/action-setup@v4	2026-01-07T20:40:09.9973528Z 
ğŸ­ E2E Tests	Run pnpm/action-setup@v4	2026-01-07T20:40:09.9974096Z dependencies:
ğŸ­ E2E Tests	Run pnpm/action-setup@v4	2026-01-07T20:40:09.9974697Z + pnpm 9.15.0 (10.27.0 is available)
ğŸ­ E2E Tests	Run pnpm/action-setup@v4	2026-01-07T20:40:09.9975060Z 
ğŸ­ E2E Tests	Run pnpm/action-setup@v4	2026-01-07T20:40:10.0016587Z Done in 1.2s
ğŸ­ E2E Tests	Run pnpm/action-setup@v4	2026-01-07T20:40:10.0199481Z ##[endgroup]
ğŸ­ E2E Tests	Run pnpm/action-setup@v4	2026-01-07T20:40:10.0202943Z Installation Completed!
ğŸ­ E2E Tests	Run actions/setup-node@v6	ï»¿2026-01-07T20:40:10.0338298Z ##[group]Run actions/setup-node@v6
ğŸ­ E2E Tests	Run actions/setup-node@v6	2026-01-07T20:40:10.0338620Z with:
ğŸ­ E2E Tests	Run actions/setup-node@v6	2026-01-07T20:40:10.0338833Z   node-version: 22
ğŸ­ E2E Tests	Run actions/setup-node@v6	2026-01-07T20:40:10.0339035Z   cache: pnpm
ğŸ­ E2E Tests	Run actions/setup-node@v6	2026-01-07T20:40:10.0339257Z   check-latest: false
ğŸ­ E2E Tests	Run actions/setup-node@v6	2026-01-07T20:40:10.0339607Z   token: ***
ğŸ­ E2E Tests	Run actions/setup-node@v6	2026-01-07T20:40:10.0339824Z   package-manager-cache: true
ğŸ­ E2E Tests	Run actions/setup-node@v6	2026-01-07T20:40:10.0340071Z env:
ğŸ­ E2E Tests	Run actions/setup-node@v6	2026-01-07T20:40:10.0340728Z   DATABASE_URL: ***
ğŸ­ E2E Tests	Run actions/setup-node@v6	2026-01-07T20:40:10.0341330Z   DIRECT_URL: ***
ğŸ­ E2E Tests	Run actions/setup-node@v6	2026-01-07T20:40:10.0341670Z   NEXT_PUBLIC_SUPABASE_URL: ***
ğŸ­ E2E Tests	Run actions/setup-node@v6	2026-01-07T20:40:10.0343027Z   NEXT_PUBLIC_SUPABASE_ANON_KEY: ***
ğŸ­ E2E Tests	Run actions/setup-node@v6	2026-01-07T20:40:10.0343306Z   SKIP_ENV_VALIDATION: true
ğŸ­ E2E Tests	Run actions/setup-node@v6	2026-01-07T20:40:10.0343616Z   PNPM_HOME: /home/runner/setup-pnpm/node_modules/.bin
ğŸ­ E2E Tests	Run actions/setup-node@v6	2026-01-07T20:40:10.0343941Z ##[endgroup]
ğŸ­ E2E Tests	Run actions/setup-node@v6	2026-01-07T20:40:10.1791274Z Found in cache @ /opt/hostedtoolcache/node/22.21.1/x64
ğŸ­ E2E Tests	Run actions/setup-node@v6	2026-01-07T20:40:10.1796898Z (node:2223) [DEP0040] DeprecationWarning: The `punycode` module is deprecated. Please use a userland alternative instead.
ğŸ­ E2E Tests	Run actions/setup-node@v6	2026-01-07T20:40:10.1798176Z (Use `node --trace-deprecation ...` to show where the warning was created)
ğŸ­ E2E Tests	Run actions/setup-node@v6	2026-01-07T20:40:10.1800341Z ##[group]Environment details
ğŸ­ E2E Tests	Run actions/setup-node@v6	2026-01-07T20:40:11.7782402Z node: v22.21.1
ğŸ­ E2E Tests	Run actions/setup-node@v6	2026-01-07T20:40:11.7782875Z npm: 10.9.4
ğŸ­ E2E Tests	Run actions/setup-node@v6	2026-01-07T20:40:11.7783253Z yarn: 1.22.22
ğŸ­ E2E Tests	Run actions/setup-node@v6	2026-01-07T20:40:11.7784774Z ##[endgroup]
ğŸ­ E2E Tests	Run actions/setup-node@v6	2026-01-07T20:40:11.7810791Z [command]/home/runner/setup-pnpm/node_modules/.bin/pnpm store path --silent
ğŸ­ E2E Tests	Run actions/setup-node@v6	2026-01-07T20:40:12.2998942Z /home/runner/setup-pnpm/node_modules/.bin/store/v3
ğŸ­ E2E Tests	Run actions/setup-node@v6	2026-01-07T20:40:12.4358181Z Cache hit for: node-cache-Linux-x64-pnpm-87c008dc9358694f3b5b0ccd1343d2730c2250451e2d227da281c5b1338a0c60
ğŸ­ E2E Tests	Run actions/setup-node@v6	2026-01-07T20:40:12.4462295Z (node:2223) [DEP0169] DeprecationWarning: `url.parse()` behavior is not standardized and prone to errors that have security implications. Use the WHATWG URL API instead. CVEs are not issued for `url.parse()` vulnerabilities.
ğŸ­ E2E Tests	Run actions/setup-node@v6	2026-01-07T20:40:13.5980472Z Received 117440512 of 432780340 (27.1%), 112.0 MBs/sec
ğŸ­ E2E Tests	Run actions/setup-node@v6	2026-01-07T20:40:14.5984302Z Received 268435456 of 432780340 (62.0%), 127.9 MBs/sec
ğŸ­ E2E Tests	Run actions/setup-node@v6	2026-01-07T20:40:15.5185862Z Received 432780340 of 432780340 (100.0%), 141.3 MBs/sec
ğŸ­ E2E Tests	Run actions/setup-node@v6	2026-01-07T20:40:15.5188143Z Cache Size: ~413 MB (432780340 B)
ğŸ­ E2E Tests	Run actions/setup-node@v6	2026-01-07T20:40:15.5304760Z [command]/usr/bin/tar -xf /home/runner/work/_temp/d6c2e008-a415-426d-84c2-ce77265f65ef/cache.tzst -P -C /home/runner/work/IronForge/IronForge --use-compress-program unzstd
ğŸ­ E2E Tests	Run actions/setup-node@v6	2026-01-07T20:40:20.2648163Z Cache restored successfully
ğŸ­ E2E Tests	Run actions/setup-node@v6	2026-01-07T20:40:20.3473662Z Cache restored from key: node-cache-Linux-x64-pnpm-87c008dc9358694f3b5b0ccd1343d2730c2250451e2d227da281c5b1338a0c60
ğŸ­ E2E Tests	Install Dependencies	ï»¿2026-01-07T20:40:20.3670804Z ##[group]Run pnpm install --frozen-lockfile
ğŸ­ E2E Tests	Install Dependencies	2026-01-07T20:40:20.3671222Z [36;1mpnpm install --frozen-lockfile[0m
ğŸ­ E2E Tests	Install Dependencies	2026-01-07T20:40:20.3712738Z shell: /usr/bin/bash -e {0}
ğŸ­ E2E Tests	Install Dependencies	2026-01-07T20:40:20.3713012Z env:
ğŸ­ E2E Tests	Install Dependencies	2026-01-07T20:40:20.3713766Z   DATABASE_URL: ***
ğŸ­ E2E Tests	Install Dependencies	2026-01-07T20:40:20.3714375Z   DIRECT_URL: ***
ğŸ­ E2E Tests	Install Dependencies	2026-01-07T20:40:20.3714721Z   NEXT_PUBLIC_SUPABASE_URL: ***
ğŸ­ E2E Tests	Install Dependencies	2026-01-07T20:40:20.3716362Z   NEXT_PUBLIC_SUPABASE_ANON_KEY: ***
ğŸ­ E2E Tests	Install Dependencies	2026-01-07T20:40:20.3716645Z   SKIP_ENV_VALIDATION: true
ğŸ­ E2E Tests	Install Dependencies	2026-01-07T20:40:20.3716934Z   PNPM_HOME: /home/runner/setup-pnpm/node_modules/.bin
ğŸ­ E2E Tests	Install Dependencies	2026-01-07T20:40:20.3717231Z ##[endgroup]
ğŸ­ E2E Tests	Install Dependencies	2026-01-07T20:40:20.8417834Z Lockfile is up to date, resolution step is skipped
ğŸ­ E2E Tests	Install Dependencies	2026-01-07T20:40:20.9538047Z Progress: resolved 1, reused 0, downloaded 0, added 0
ğŸ­ E2E Tests	Install Dependencies	2026-01-07T20:40:21.1616477Z Packages: +1498
ğŸ­ E2E Tests	Install Dependencies	2026-01-07T20:40:21.1617910Z ++++++++++++++++++++++++++++++++++++++++++++++++++++++++++++++++++++++++++++++++
ğŸ­ E2E Tests	Install Dependencies	2026-01-07T20:40:21.9539436Z Progress: resolved 1498, reused 1072, downloaded 0, added 0
ğŸ­ E2E Tests	Install Dependencies	2026-01-07T20:40:22.9550641Z Progress: resolved 1498, reused 1498, downloaded 0, added 731
ğŸ­ E2E Tests	Install Dependencies	2026-01-07T20:40:23.6881196Z Progress: resolved 1498, reused 1498, downloaded 0, added 1498, done
ğŸ­ E2E Tests	Install Dependencies	2026-01-07T20:40:24.7614240Z 
ğŸ­ E2E Tests	Install Dependencies	2026-01-07T20:40:24.7614823Z dependencies:
ğŸ­ E2E Tests	Install Dependencies	2026-01-07T20:40:24.7615282Z + @ai-sdk/google 3.0.2
ğŸ­ E2E Tests	Install Dependencies	2026-01-07T20:40:24.7615719Z + @ai-sdk/react 3.0.6
ğŸ­ E2E Tests	Install Dependencies	2026-01-07T20:40:24.7616455Z + @capacitor/android 8.0.0
ğŸ­ E2E Tests	Install Dependencies	2026-01-07T20:40:24.7616888Z + @capacitor/cli 8.0.0
ğŸ­ E2E Tests	Install Dependencies	2026-01-07T20:40:24.7617320Z + @capacitor/core 8.0.0
ğŸ­ E2E Tests	Install Dependencies	2026-01-07T20:40:24.7617752Z + @google/genai 1.34.0
ğŸ­ E2E Tests	Install Dependencies	2026-01-07T20:40:24.7618220Z + @mediapipe/tasks-vision 0.10.9
ğŸ­ E2E Tests	Install Dependencies	2026-01-07T20:40:24.7618713Z + @neondatabase/serverless 1.0.2
ğŸ­ E2E Tests	Install Dependencies	2026-01-07T20:40:24.7619284Z + @prisma/adapter-neon 7.2.0
ğŸ­ E2E Tests	Install Dependencies	2026-01-07T20:40:24.7619793Z + @prisma/adapter-pg 7.2.0
ğŸ­ E2E Tests	Install Dependencies	2026-01-07T20:40:24.7620295Z + @prisma/client 7.2.0
ğŸ­ E2E Tests	Install Dependencies	2026-01-07T20:40:24.7620780Z + @radix-ui/react-avatar 1.1.11
ğŸ­ E2E Tests	Install Dependencies	2026-01-07T20:40:24.7621348Z + @radix-ui/react-dialog 1.1.15
ğŸ­ E2E Tests	Install Dependencies	2026-01-07T20:40:24.7621860Z + @radix-ui/react-label 2.1.8
ğŸ­ E2E Tests	Install Dependencies	2026-01-07T20:40:24.7622500Z + @radix-ui/react-popover 1.1.15
ğŸ­ E2E Tests	Install Dependencies	2026-01-07T20:40:24.7623098Z + @radix-ui/react-progress 1.1.8
ğŸ­ E2E Tests	Install Dependencies	2026-01-07T20:40:24.7623745Z + @radix-ui/react-scroll-area 1.2.10
ğŸ­ E2E Tests	Install Dependencies	2026-01-07T20:40:24.7624336Z + @radix-ui/react-select 2.2.6
ğŸ­ E2E Tests	Install Dependencies	2026-01-07T20:40:24.7624944Z + @radix-ui/react-slider 1.3.6
ğŸ­ E2E Tests	Install Dependencies	2026-01-07T20:40:24.7625474Z + @radix-ui/react-slot 1.2.4
ğŸ­ E2E Tests	Install Dependencies	2026-01-07T20:40:24.7626177Z + @radix-ui/react-tabs 1.1.13
ğŸ­ E2E Tests	Install Dependencies	2026-01-07T20:40:24.7626718Z + @react-three/drei 10.7.7
ğŸ­ E2E Tests	Install Dependencies	2026-01-07T20:40:24.7627199Z + @react-three/fiber 9.5.0
ğŸ­ E2E Tests	Install Dependencies	2026-01-07T20:40:24.7627676Z + @sentry/nextjs 10.32.1
ğŸ­ E2E Tests	Install Dependencies	2026-01-07T20:40:24.7628129Z + @serwist/next 9.4.2
ğŸ­ E2E Tests	Install Dependencies	2026-01-07T20:40:24.7628621Z + @supabase/ssr 0.5.2
ğŸ­ E2E Tests	Install Dependencies	2026-01-07T20:40:24.7629087Z + @supabase/supabase-js 2.89.0
ğŸ­ E2E Tests	Install Dependencies	2026-01-07T20:40:24.7629606Z + @types/canvas-confetti 1.9.0
ğŸ­ E2E Tests	Install Dependencies	2026-01-07T20:40:24.7630077Z + @types/howler 2.2.12
ğŸ­ E2E Tests	Install Dependencies	2026-01-07T20:40:24.7630527Z + @types/web-push 3.6.4
ğŸ­ E2E Tests	Install Dependencies	2026-01-07T20:40:24.7631016Z + @vercel/speed-insights 1.3.1
ğŸ­ E2E Tests	Install Dependencies	2026-01-07T20:40:24.7631447Z + ai 6.0.6
ğŸ­ E2E Tests	Install Dependencies	2026-01-07T20:40:24.7631771Z + axios 1.13.2
ğŸ­ E2E Tests	Install Dependencies	2026-01-07T20:40:24.7632160Z + canvas-confetti 1.9.4
ğŸ­ E2E Tests	Install Dependencies	2026-01-07T20:40:24.7633019Z + class-variance-authority 0.7.1
ğŸ­ E2E Tests	Install Dependencies	2026-01-07T20:40:24.7633477Z + clsx 2.1.1
ğŸ­ E2E Tests	Install Dependencies	2026-01-07T20:40:24.7633889Z + framer-motion 11.18.2
ğŸ­ E2E Tests	Install Dependencies	2026-01-07T20:40:24.7634283Z + h3-js 4.4.0
ğŸ­ E2E Tests	Install Dependencies	2026-01-07T20:40:24.7634649Z + howler 2.2.4
ğŸ­ E2E Tests	Install Dependencies	2026-01-07T20:40:24.7635054Z + import-in-the-middle 2.0.1
ğŸ­ E2E Tests	Install Dependencies	2026-01-07T20:40:24.7635516Z + lucide-react 0.562.0
ğŸ­ E2E Tests	Install Dependencies	2026-01-07T20:40:24.7636160Z + maplibre-gl 5.15.0
ğŸ­ E2E Tests	Install Dependencies	2026-01-07T20:40:24.7636573Z + next 16.1.1
ğŸ­ E2E Tests	Install Dependencies	2026-01-07T20:40:24.7636912Z + pg 8.16.3
ğŸ­ E2E Tests	Install Dependencies	2026-01-07T20:40:24.7637249Z + pino 10.1.0
ğŸ­ E2E Tests	Install Dependencies	2026-01-07T20:40:24.7637619Z + pino-pretty 13.1.3
ğŸ­ E2E Tests	Install Dependencies	2026-01-07T20:40:24.7638050Z + qrcode.react 4.2.0
ğŸ­ E2E Tests	Install Dependencies	2026-01-07T20:40:24.7638448Z + react 19.2.3
ğŸ­ E2E Tests	Install Dependencies	2026-01-07T20:40:24.7638845Z + react-dom 19.2.3
ğŸ­ E2E Tests	Install Dependencies	2026-01-07T20:40:24.7639282Z + react-dropzone 14.3.8
ğŸ­ E2E Tests	Install Dependencies	2026-01-07T20:40:24.7639741Z + react-player 2.16.1
ğŸ­ E2E Tests	Install Dependencies	2026-01-07T20:40:24.7640182Z + reactflow 11.11.4
ğŸ­ E2E Tests	Install Dependencies	2026-01-07T20:40:24.7640573Z + recharts 3.6.0
ğŸ­ E2E Tests	Install Dependencies	2026-01-07T20:40:24.7641405Z + require-in-the-middle 8.0.1
ğŸ­ E2E Tests	Install Dependencies	2026-01-07T20:40:24.7641881Z + serwist 9.4.2
ğŸ­ E2E Tests	Install Dependencies	2026-01-07T20:40:24.7642273Z + sonner 2.0.7
ğŸ­ E2E Tests	Install Dependencies	2026-01-07T20:40:24.7642679Z + tailwind-merge 3.4.0
ğŸ­ E2E Tests	Install Dependencies	2026-01-07T20:40:24.7643145Z + tailwindcss-animate 1.0.7
ğŸ­ E2E Tests	Install Dependencies	2026-01-07T20:40:24.7643602Z + three 0.182.0
ğŸ­ E2E Tests	Install Dependencies	2026-01-07T20:40:24.7643995Z + web-push 3.6.7
ğŸ­ E2E Tests	Install Dependencies	2026-01-07T20:40:24.7644371Z + zod 3.25.76
ğŸ­ E2E Tests	Install Dependencies	2026-01-07T20:40:24.7644731Z + zustand 5.0.9
ğŸ­ E2E Tests	Install Dependencies	2026-01-07T20:40:24.7644961Z 
ğŸ­ E2E Tests	Install Dependencies	2026-01-07T20:40:24.7645135Z devDependencies:
ğŸ­ E2E Tests	Install Dependencies	2026-01-07T20:40:24.7645542Z + @lhci/cli 0.15.1
ğŸ­ E2E Tests	Install Dependencies	2026-01-07T20:40:24.7646260Z + @playwright/test 1.57.0
ğŸ­ E2E Tests	Install Dependencies	2026-01-07T20:40:24.7646791Z + @tailwindcss/postcss 4.1.18
ğŸ­ E2E Tests	Install Dependencies	2026-01-07T20:40:24.7647285Z + @testing-library/dom 10.4.1
ğŸ­ E2E Tests	Install Dependencies	2026-01-07T20:40:24.7647831Z + @testing-library/react 16.3.1
ğŸ­ E2E Tests	Install Dependencies	2026-01-07T20:40:24.7648293Z + @types/node 25.0.3
ğŸ­ E2E Tests	Install Dependencies	2026-01-07T20:40:24.7648686Z + @types/pg 8.16.0
ğŸ­ E2E Tests	Install Dependencies	2026-01-07T20:40:24.7649080Z + @types/react 19.2.7
ğŸ­ E2E Tests	Install Dependencies	2026-01-07T20:40:24.7649503Z + @types/react-dom 19.2.3
ğŸ­ E2E Tests	Install Dependencies	2026-01-07T20:40:24.7649970Z + @types/three 0.182.0
ğŸ­ E2E Tests	Install Dependencies	2026-01-07T20:40:24.7650402Z + @types/web-bluetooth 0.0.21
ğŸ­ E2E Tests	Install Dependencies	2026-01-07T20:40:24.7650868Z + @types/ws 8.18.1
ğŸ­ E2E Tests	Install Dependencies	2026-01-07T20:40:24.7651367Z + @typescript-eslint/eslint-plugin 7.18.0
ğŸ­ E2E Tests	Install Dependencies	2026-01-07T20:40:24.7651998Z + @typescript-eslint/parser 7.18.0
ğŸ­ E2E Tests	Install Dependencies	2026-01-07T20:40:24.7652524Z + @vitest/coverage-v8 4.0.16
ğŸ­ E2E Tests	Install Dependencies	2026-01-07T20:40:24.7653025Z + autoprefixer 10.4.23
ğŸ­ E2E Tests	Install Dependencies	2026-01-07T20:40:24.7653452Z + dotenv 17.2.3
ğŸ­ E2E Tests	Install Dependencies	2026-01-07T20:40:24.7653874Z + dotenv-cli 11.0.0
ğŸ­ E2E Tests	Install Dependencies	2026-01-07T20:40:24.7654261Z + eslint 8.57.0
ğŸ­ E2E Tests	Install Dependencies	2026-01-07T20:40:24.7654677Z + eslint-config-next 14.2.5
ğŸ­ E2E Tests	Install Dependencies	2026-01-07T20:40:24.7655126Z + husky 9.1.7
ğŸ­ E2E Tests	Install Dependencies	2026-01-07T20:40:24.7655502Z + jsdom 27.4.0
ğŸ­ E2E Tests	Install Dependencies	2026-01-07T20:40:24.7655888Z + magicast 0.3.5
ğŸ­ E2E Tests	Install Dependencies	2026-01-07T20:40:24.7656511Z + postcss 8.5.6
ğŸ­ E2E Tests	Install Dependencies	2026-01-07T20:40:24.7656895Z + prisma 7.2.0
ğŸ­ E2E Tests	Install Dependencies	2026-01-07T20:40:24.7657309Z + tailwindcss 4.1.18
ğŸ­ E2E Tests	Install Dependencies	2026-01-07T20:40:24.7657711Z + tsx 4.21.0
ğŸ­ E2E Tests	Install Dependencies	2026-01-07T20:40:24.7658077Z + turbo 2.7.2
ğŸ­ E2E Tests	Install Dependencies	2026-01-07T20:40:24.7658454Z + typedoc 0.28.15
ğŸ­ E2E Tests	Install Dependencies	2026-01-07T20:40:24.7658922Z + typedoc-plugin-markdown 4.9.0
ğŸ­ E2E Tests	Install Dependencies	2026-01-07T20:40:24.7659432Z + typescript 5.9.3
ğŸ­ E2E Tests	Install Dependencies	2026-01-07T20:40:24.7659813Z + vercel 50.1.3
ğŸ­ E2E Tests	Install Dependencies	2026-01-07T20:40:24.7660188Z + vitest 4.0.16
ğŸ­ E2E Tests	Install Dependencies	2026-01-07T20:40:24.7660534Z + ws 8.18.3
ğŸ­ E2E Tests	Install Dependencies	2026-01-07T20:40:24.7660739Z 
ğŸ­ E2E Tests	Install Dependencies	2026-01-07T20:40:24.7919445Z 
ğŸ­ E2E Tests	Install Dependencies	2026-01-07T20:40:24.7920307Z > ironforge-rpg@1.0.0 postinstall /home/runner/work/IronForge/IronForge
ğŸ­ E2E Tests	Install Dependencies	2026-01-07T20:40:24.7920798Z > prisma generate
ğŸ­ E2E Tests	Install Dependencies	2026-01-07T20:40:24.7920946Z 
ğŸ­ E2E Tests	Install Dependencies	2026-01-07T20:40:25.8599289Z Loaded Prisma config from prisma.config.ts.
ğŸ­ E2E Tests	Install Dependencies	2026-01-07T20:40:25.8599807Z 
ğŸ­ E2E Tests	Install Dependencies	2026-01-07T20:40:25.9179389Z Prisma schema loaded from prisma/schema.prisma.
ğŸ­ E2E Tests	Install Dependencies	2026-01-07T20:40:25.9250530Z warn Preview feature "driverAdapters" is deprecated. The functionality can be used without specifying it as a preview feature.
ğŸ­ E2E Tests	Install Dependencies	2026-01-07T20:40:26.5790182Z 
ğŸ­ E2E Tests	Install Dependencies	2026-01-07T20:40:26.5792203Z âœ” Generated Prisma Client (v7.2.0) to ./node_modules/.pnpm/@prisma+client@7.2.0_prisma@7.2.0_@types+react@19.2.7_magicast@0.3.5_react-dom@19.2.3_react@1_q4f4ihbqwb6kirxwuk5vzzv5eu/node_modules/@prisma/client in 358ms
ğŸ­ E2E Tests	Install Dependencies	2026-01-07T20:40:26.5793217Z 
ğŸ­ E2E Tests	Install Dependencies	2026-01-07T20:40:26.5793622Z Start by importing your Prisma Client (See: https://pris.ly/d/importing-client)
ğŸ­ E2E Tests	Install Dependencies	2026-01-07T20:40:26.5794280Z 
ğŸ­ E2E Tests	Install Dependencies	2026-01-07T20:40:26.5794890Z Tip: Need your database queries to be 1000x faster? Accelerate offers you that and more: https://pris.ly/tip-2-accelerate
ğŸ­ E2E Tests	Install Dependencies	2026-01-07T20:40:26.5795450Z 
ğŸ­ E2E Tests	Install Dependencies	2026-01-07T20:40:26.6014043Z 
ğŸ­ E2E Tests	Install Dependencies	2026-01-07T20:40:26.6014937Z > ironforge-rpg@1.0.0 prepare /home/runner/work/IronForge/IronForge
ğŸ­ E2E Tests	Install Dependencies	2026-01-07T20:40:26.6015621Z > husky
ğŸ­ E2E Tests	Install Dependencies	2026-01-07T20:40:26.6015823Z 
ğŸ­ E2E Tests	Install Dependencies	2026-01-07T20:40:26.6471005Z Done in 6.2s
ğŸ­ E2E Tests	Generate Prisma Client	ï»¿2026-01-07T20:40:26.7023541Z ##[group]Run npx prisma generate
ğŸ­ E2E Tests	Generate Prisma Client	2026-01-07T20:40:26.7023916Z [36;1mnpx prisma generate[0m
ğŸ­ E2E Tests	Generate Prisma Client	2026-01-07T20:40:26.7055809Z shell: /usr/bin/bash -e {0}
ğŸ­ E2E Tests	Generate Prisma Client	2026-01-07T20:40:26.7056165Z env:
ğŸ­ E2E Tests	Generate Prisma Client	2026-01-07T20:40:26.7056875Z   DATABASE_URL: ***
ğŸ­ E2E Tests	Generate Prisma Client	2026-01-07T20:40:26.7057467Z   DIRECT_URL: ***
ğŸ­ E2E Tests	Generate Prisma Client	2026-01-07T20:40:26.7057818Z   NEXT_PUBLIC_SUPABASE_URL: ***
ğŸ­ E2E Tests	Generate Prisma Client	2026-01-07T20:40:26.7059180Z   NEXT_PUBLIC_SUPABASE_ANON_KEY: ***
ğŸ­ E2E Tests	Generate Prisma Client	2026-01-07T20:40:26.7059466Z   SKIP_ENV_VALIDATION: true
ğŸ­ E2E Tests	Generate Prisma Client	2026-01-07T20:40:26.7059769Z   PNPM_HOME: /home/runner/setup-pnpm/node_modules/.bin
ğŸ­ E2E Tests	Generate Prisma Client	2026-01-07T20:40:26.7060098Z ##[endgroup]
ğŸ­ E2E Tests	Generate Prisma Client	2026-01-07T20:40:28.9607129Z Loaded Prisma config from prisma.config.ts.
ğŸ­ E2E Tests	Generate Prisma Client	2026-01-07T20:40:28.9608942Z 
ğŸ­ E2E Tests	Generate Prisma Client	2026-01-07T20:40:28.9963595Z Prisma schema loaded from prisma/schema.prisma.
ğŸ­ E2E Tests	Generate Prisma Client	2026-01-07T20:40:29.0014486Z warn Preview feature "driverAdapters" is deprecated. The functionality can be used without specifying it as a preview feature.
ğŸ­ E2E Tests	Generate Prisma Client	2026-01-07T20:40:29.7295587Z 
ğŸ­ E2E Tests	Generate Prisma Client	2026-01-07T20:40:29.7298318Z âœ” Generated Prisma Client (v7.2.0) to ./node_modules/.pnpm/@prisma+client@7.2.0_prisma@7.2.0_@types+react@19.2.7_magicast@0.3.5_react-dom@19.2.3_react@1_q4f4ihbqwb6kirxwuk5vzzv5eu/node_modules/@prisma/client in 443ms
ğŸ­ E2E Tests	Generate Prisma Client	2026-01-07T20:40:29.7299894Z 
ğŸ­ E2E Tests	Generate Prisma Client	2026-01-07T20:40:29.7300490Z Start by importing your Prisma Client (See: https://pris.ly/d/importing-client)
ğŸ­ E2E Tests	Generate Prisma Client	2026-01-07T20:40:29.7301099Z 
ğŸ­ E2E Tests	Generate Prisma Client	2026-01-07T20:40:29.7301973Z Tip: Need your database queries to be 1000x faster? Accelerate offers you that and more: https://pris.ly/tip-2-accelerate
ğŸ­ E2E Tests	Generate Prisma Client	2026-01-07T20:40:29.7302810Z 
ğŸ­ E2E Tests	Cache Playwright Browsers	ï»¿2026-01-07T20:40:36.2354627Z ##[group]Run actions/cache@v5
ğŸ­ E2E Tests	Cache Playwright Browsers	2026-01-07T20:40:36.2354919Z with:
ğŸ­ E2E Tests	Cache Playwright Browsers	2026-01-07T20:40:36.2355132Z   path: ~/.cache/ms-playwright
ğŸ­ E2E Tests	Cache Playwright Browsers	2026-01-07T20:40:36.2355596Z   key: Linux-playwright-87c008dc9358694f3b5b0ccd1343d2730c2250451e2d227da281c5b1338a0c60
ğŸ­ E2E Tests	Cache Playwright Browsers	2026-01-07T20:40:36.2356475Z   enableCrossOsArchive: false
ğŸ­ E2E Tests	Cache Playwright Browsers	2026-01-07T20:40:36.2356866Z   fail-on-cache-miss: false
ğŸ­ E2E Tests	Cache Playwright Browsers	2026-01-07T20:40:36.2357153Z   lookup-only: false
ğŸ­ E2E Tests	Cache Playwright Browsers	2026-01-07T20:40:36.2357369Z   save-always: false
ğŸ­ E2E Tests	Cache Playwright Browsers	2026-01-07T20:40:36.2357567Z env:
ğŸ­ E2E Tests	Cache Playwright Browsers	2026-01-07T20:40:36.2358289Z   DATABASE_URL: ***
ğŸ­ E2E Tests	Cache Playwright Browsers	2026-01-07T20:40:36.2358877Z   DIRECT_URL: ***
ğŸ­ E2E Tests	Cache Playwright Browsers	2026-01-07T20:40:36.2359217Z   NEXT_PUBLIC_SUPABASE_URL: ***
ğŸ­ E2E Tests	Cache Playwright Browsers	2026-01-07T20:40:36.2360589Z   NEXT_PUBLIC_SUPABASE_ANON_KEY: ***
ğŸ­ E2E Tests	Cache Playwright Browsers	2026-01-07T20:40:36.2360869Z   SKIP_ENV_VALIDATION: true
ğŸ­ E2E Tests	Cache Playwright Browsers	2026-01-07T20:40:36.2361167Z   PNPM_HOME: /home/runner/setup-pnpm/node_modules/.bin
ğŸ­ E2E Tests	Cache Playwright Browsers	2026-01-07T20:40:36.2361474Z ##[endgroup]
ğŸ­ E2E Tests	Cache Playwright Browsers	2026-01-07T20:40:36.4731982Z Cache hit for: Linux-playwright-87c008dc9358694f3b5b0ccd1343d2730c2250451e2d227da281c5b1338a0c60
ğŸ­ E2E Tests	Cache Playwright Browsers	2026-01-07T20:40:37.6173406Z Received 100663296 of 450309770 (22.4%), 96.1 MBs/sec
ğŸ­ E2E Tests	Cache Playwright Browsers	2026-01-07T20:40:38.6176238Z Received 268435456 of 450309770 (59.6%), 128.0 MBs/sec
ğŸ­ E2E Tests	Cache Playwright Browsers	2026-01-07T20:40:39.6184496Z Received 432013312 of 450309770 (95.9%), 137.3 MBs/sec
ğŸ­ E2E Tests	Cache Playwright Browsers	2026-01-07T20:40:39.7168505Z Received 450309770 of 450309770 (100.0%), 138.6 MBs/sec
ğŸ­ E2E Tests	Cache Playwright Browsers	2026-01-07T20:40:39.7171532Z Cache Size: ~429 MB (450309770 B)
ğŸ­ E2E Tests	Cache Playwright Browsers	2026-01-07T20:40:39.7237412Z [command]/usr/bin/tar -xf /home/runner/work/_temp/07353cc1-0ee9-42d6-92de-b4d7e02dc52f/cache.tzst -P -C /home/runner/work/IronForge/IronForge --use-compress-program unzstd
ğŸ­ E2E Tests	Cache Playwright Browsers	2026-01-07T20:40:41.6817101Z Cache restored successfully
ğŸ­ E2E Tests	Cache Playwright Browsers	2026-01-07T20:40:41.7805535Z Cache restored from key: Linux-playwright-87c008dc9358694f3b5b0ccd1343d2730c2250451e2d227da281c5b1338a0c60
ğŸ­ E2E Tests	Seed E2E Database	ï»¿2026-01-07T20:40:41.7981090Z ##[group]Run npx tsx tests/e2e/setup/e2e-seed.ts
ğŸ­ E2E Tests	Seed E2E Database	2026-01-07T20:40:41.7981518Z [36;1mnpx tsx tests/e2e/setup/e2e-seed.ts[0m
ğŸ­ E2E Tests	Seed E2E Database	2026-01-07T20:40:41.8013798Z shell: /usr/bin/bash -e {0}
ğŸ­ E2E Tests	Seed E2E Database	2026-01-07T20:40:41.8014073Z env:
ğŸ­ E2E Tests	Seed E2E Database	2026-01-07T20:40:41.8014782Z   DATABASE_URL: ***
ğŸ­ E2E Tests	Seed E2E Database	2026-01-07T20:40:41.8015407Z   DIRECT_URL: ***
ğŸ­ E2E Tests	Seed E2E Database	2026-01-07T20:40:41.8015762Z   NEXT_PUBLIC_SUPABASE_URL: ***
ğŸ­ E2E Tests	Seed E2E Database	2026-01-07T20:40:41.8017331Z   NEXT_PUBLIC_SUPABASE_ANON_KEY: ***
ğŸ­ E2E Tests	Seed E2E Database	2026-01-07T20:40:41.8017624Z   SKIP_ENV_VALIDATION: true
ğŸ­ E2E Tests	Seed E2E Database	2026-01-07T20:40:41.8017931Z   PNPM_HOME: /home/runner/setup-pnpm/node_modules/.bin
ğŸ­ E2E Tests	Seed E2E Database	2026-01-07T20:40:41.8018242Z ##[endgroup]
ğŸ­ E2E Tests	Seed E2E Database	2026-01-07T20:40:42.3940791Z ğŸŒ± Starting E2E Database Seeding...
ğŸ­ E2E Tests	Seed E2E Database	2026-01-07T20:40:42.3941638Z Checking Battle Pass Season: SEASON_1
ğŸ­ E2E Tests	Seed E2E Database	2026-01-07T20:40:43.5537167Z âœ… Battle Pass Season ensured: cmk2pl6so0000ua1kn8wpiqa4
ğŸ­ E2E Tests	Seed E2E Database	2026-01-07T20:40:44.3231195Z âœ… Ensured opponent: Iron Breaker (Lvl 5) - ID: cmk2pl7el001fua1kepdt7vrw
ğŸ­ E2E Tests	Seed E2E Database	2026-01-07T20:40:45.0567916Z âœ… Ensured opponent: Steel Viper (Lvl 10) - ID: cmk2pl7zt001hua1kw1anz3cc
ğŸ­ E2E Tests	Seed E2E Database	2026-01-07T20:40:45.7913908Z âœ… Ensured opponent: Shadow Walker (Lvl 15) - ID: cmk2pl8kc001jua1kiee6o4kg
ğŸ­ E2E Tests	Seed E2E Database	2026-01-07T20:40:45.8207066Z âŒ Seeding failed: PrismaClientValidationError: 
ğŸ­ E2E Tests	Seed E2E Database	2026-01-07T20:40:45.8207928Z Invalid `prisma.user.upsert()` invocation in
ğŸ­ E2E Tests	Seed E2E Database	2026-01-07T20:40:45.8208860Z /home/runner/work/IronForge/IronForge/tests/e2e/setup/e2e-seed.ts:85:40
ğŸ­ E2E Tests	Seed E2E Database	2026-01-07T20:40:45.8209441Z 
ğŸ­ E2E Tests	Seed E2E Database	2026-01-07T20:40:45.8209612Z   82 
ğŸ­ E2E Tests	Seed E2E Database	2026-01-07T20:40:45.8210199Z   83 // 3. Seed Main Test User (Hunter) to prevent Onboarding Overlay in E2E
ğŸ­ E2E Tests	Seed E2E Database	2026-01-07T20:40:45.8211371Z   84 const testEmail = process.env.TEST_USER_EMAIL || '***';
ğŸ­ E2E Tests	Seed E2E Database	2026-01-07T20:40:45.8212274Z â†’ 85 const testUser = await prisma.user.upsert({
ğŸ­ E2E Tests	Seed E2E Database	2026-01-07T20:40:45.8212815Z        where: {
ğŸ­ E2E Tests	Seed E2E Database	2026-01-07T20:40:45.8213317Z          email: "***"
ğŸ­ E2E Tests	Seed E2E Database	2026-01-07T20:40:45.8213679Z        },
ğŸ­ E2E Tests	Seed E2E Database	2026-01-07T20:40:45.8214012Z        update: {
ğŸ­ E2E Tests	Seed E2E Database	2026-01-07T20:40:45.8214467Z          hasCompletedOnboarding: true,
ğŸ­ E2E Tests	Seed E2E Database	2026-01-07T20:40:45.8214947Z          level: 10,
ğŸ­ E2E Tests	Seed E2E Database	2026-01-07T20:40:45.8215336Z          gold: 5000
ğŸ­ E2E Tests	Seed E2E Database	2026-01-07T20:40:45.8215670Z        },
ğŸ­ E2E Tests	Seed E2E Database	2026-01-07T20:40:45.8216181Z        create: {
ğŸ­ E2E Tests	Seed E2E Database	2026-01-07T20:40:45.8216736Z          email: "***",
ğŸ­ E2E Tests	Seed E2E Database	2026-01-07T20:40:45.8217161Z          heroName: "E2E Hunter",
ğŸ­ E2E Tests	Seed E2E Database	2026-01-07T20:40:45.8217599Z          level: 10,
ğŸ­ E2E Tests	Seed E2E Database	2026-01-07T20:40:45.8217951Z          gold: 5000,
ğŸ­ E2E Tests	Seed E2E Database	2026-01-07T20:40:45.8218332Z          faction: "HORDE",
ğŸ­ E2E Tests	Seed E2E Database	2026-01-07T20:40:45.8218783Z          archetype: undefined,
ğŸ­ E2E Tests	Seed E2E Database	2026-01-07T20:40:45.8219286Z          hasCompletedOnboarding: true,
ğŸ­ E2E Tests	Seed E2E Database	2026-01-07T20:40:45.8219808Z          titan: {
ğŸ­ E2E Tests	Seed E2E Database	2026-01-07T20:40:45.8220158Z            create: {
ğŸ­ E2E Tests	Seed E2E Database	2026-01-07T20:40:45.8220562Z              name: "E2E Titan",
ğŸ­ E2E Tests	Seed E2E Database	2026-01-07T20:40:45.8220982Z              level: 10,
ğŸ­ E2E Tests	Seed E2E Database	2026-01-07T20:40:45.8221406Z              powerRating: 800,
ğŸ­ E2E Tests	Seed E2E Database	2026-01-07T20:40:45.8221872Z              strength: 20,
ğŸ­ E2E Tests	Seed E2E Database	2026-01-07T20:40:45.8222272Z              endurance: 20,
ğŸ­ E2E Tests	Seed E2E Database	2026-01-07T20:40:45.8222680Z              agility: 20,
ğŸ­ E2E Tests	Seed E2E Database	2026-01-07T20:40:45.8223067Z              spirit: 20,
ğŸ­ E2E Tests	Seed E2E Database	2026-01-07T20:40:45.8223441Z              ~~~~~~
ğŸ­ E2E Tests	Seed E2E Database	2026-01-07T20:40:45.8223784Z      ?       id?: String,
ğŸ­ E2E Tests	Seed E2E Database	2026-01-07T20:40:45.8224086Z      ?       xp?: Int,
ğŸ­ E2E Tests	Seed E2E Database	2026-01-07T20:40:45.8224341Z      ?       currentHp?: Int,
ğŸ­ E2E Tests	Seed E2E Database	2026-01-07T20:40:45.8224591Z      ?       maxHp?: Int,
ğŸ­ E2E Tests	Seed E2E Database	2026-01-07T20:40:45.8224863Z      ?       currentEnergy?: Int,
ğŸ­ E2E Tests	Seed E2E Database	2026-01-07T20:40:45.8225131Z      ?       maxEnergy?: Int,
ğŸ­ E2E Tests	Seed E2E Database	2026-01-07T20:40:45.8225378Z      ?       vitality?: Int,
ğŸ­ E2E Tests	Seed E2E Database	2026-01-07T20:40:45.8225620Z      ?       willpower?: Int,
ğŸ­ E2E Tests	Seed E2E Database	2026-01-07T20:40:45.8225872Z      ?       mood?: String,
ğŸ­ E2E Tests	Seed E2E Database	2026-01-07T20:40:45.8226492Z      ?       dailyDecree?: NullableJsonNullValueInput | Json,
ğŸ­ E2E Tests	Seed E2E Database	2026-01-07T20:40:45.8226849Z      ?       streak?: Int,
ğŸ­ E2E Tests	Seed E2E Database	2026-01-07T20:40:45.8227123Z      ?       strengthIndex?: Float,
ğŸ­ E2E Tests	Seed E2E Database	2026-01-07T20:40:45.8227419Z      ?       cardioIndex?: Float,
ğŸ­ E2E Tests	Seed E2E Database	2026-01-07T20:40:45.8227719Z      ?       mrvAdherence?: Float,
ğŸ­ E2E Tests	Seed E2E Database	2026-01-07T20:40:45.8228037Z      ?       lastPowerCalcAt?: DateTime | Null,
ğŸ­ E2E Tests	Seed E2E Database	2026-01-07T20:40:45.8228448Z      ?       currentBuff?: NullableJsonNullValueInput | Json,
ğŸ­ E2E Tests	Seed E2E Database	2026-01-07T20:40:45.8229229Z      ?       buffExpiresAt?: DateTime | Null,
ğŸ­ E2E Tests	Seed E2E Database	2026-01-07T20:40:45.8229719Z      ?       hrvBaseline?: Float | Null,
ğŸ­ E2E Tests	Seed E2E Database	2026-01-07T20:40:45.8230021Z      ?       isInjured?: Boolean,
ğŸ­ E2E Tests	Seed E2E Database	2026-01-07T20:40:45.8230307Z      ?       isResting?: Boolean,
ğŸ­ E2E Tests	Seed E2E Database	2026-01-07T20:40:45.8230588Z      ?       lastActive?: DateTime,
ğŸ­ E2E Tests	Seed E2E Database	2026-01-07T20:40:45.8230885Z      ?       createdAt?: DateTime,
ğŸ­ E2E Tests	Seed E2E Database	2026-01-07T20:40:45.8231168Z      ?       updatedAt?: DateTime,
ğŸ­ E2E Tests	Seed E2E Database	2026-01-07T20:40:45.8231696Z      ?       memories?: TitanMemoryCreateNestedManyWithoutTitanInput,
ğŸ­ E2E Tests	Seed E2E Database	2026-01-07T20:40:45.8232357Z      ?       scars?: TitanScarCreateNestedManyWithoutTitanInput
ğŸ­ E2E Tests	Seed E2E Database	2026-01-07T20:40:45.8232950Z            }
ğŸ­ E2E Tests	Seed E2E Database	2026-01-07T20:40:45.8233279Z          }
ğŸ­ E2E Tests	Seed E2E Database	2026-01-07T20:40:45.8233614Z        }
ğŸ­ E2E Tests	Seed E2E Database	2026-01-07T20:40:45.8234174Z      })
ğŸ­ E2E Tests	Seed E2E Database	2026-01-07T20:40:45.8234343Z 
ğŸ­ E2E Tests	Seed E2E Database	2026-01-07T20:40:45.8234610Z Unknown argument `spirit`. Available options are marked with ?.
ğŸ­ E2E Tests	Seed E2E Database	2026-01-07T20:40:45.8236298Z     at throwValidationException (/home/runner/work/IronForge/IronForge/node_modules/.pnpm/@prisma+client@7.2.0_prisma@7.2.0_@types+react@19.2.7_magicast@0.3.5_react-dom@19.2.3_react@1_q4f4ihbqwb6kirxwuk5vzzv5eu/node_modules/@prisma/client/src/runtime/core/errorRendering/throwValidationException.ts:46:9)
ğŸ­ E2E Tests	Seed E2E Database	2026-01-07T20:40:45.8238480Z     at qr.handleRequestError (/home/runner/work/IronForge/IronForge/node_modules/.pnpm/@prisma+client@7.2.0_prisma@7.2.0_@types+react@19.2.7_magicast@0.3.5_react-dom@19.2.3_react@1_q4f4ihbqwb6kirxwuk5vzzv5eu/node_modules/@prisma/client/src/runtime/RequestHandler.ts:202:7)
ğŸ­ E2E Tests	Seed E2E Database	2026-01-07T20:40:45.8240470Z     at qr.handleAndLogRequestError (/home/runner/work/IronForge/IronForge/node_modules/.pnpm/@prisma+client@7.2.0_prisma@7.2.0_@types+react@19.2.7_magicast@0.3.5_react-dom@19.2.3_react@1_q4f4ihbqwb6kirxwuk5vzzv5eu/node_modules/@prisma/client/src/runtime/RequestHandler.ts:174:12)
ğŸ­ E2E Tests	Seed E2E Database	2026-01-07T20:40:45.8242426Z     at qr.request (/home/runner/work/IronForge/IronForge/node_modules/.pnpm/@prisma+client@7.2.0_prisma@7.2.0_@types+react@19.2.7_magicast@0.3.5_react-dom@19.2.3_react@1_q4f4ihbqwb6kirxwuk5vzzv5eu/node_modules/@prisma/client/src/runtime/RequestHandler.ts:143:12)
ğŸ­ E2E Tests	Seed E2E Database	2026-01-07T20:40:45.8243636Z     at process.processTicksAndRejections (node:internal/process/task_queues:105:5)
ğŸ­ E2E Tests	Seed E2E Database	2026-01-07T20:40:45.8245480Z     at async a (/home/runner/work/IronForge/IronForge/node_modules/.pnpm/@prisma+client@7.2.0_prisma@7.2.0_@types+react@19.2.7_magicast@0.3.5_react-dom@19.2.3_react@1_q4f4ihbqwb6kirxwuk5vzzv5eu/node_modules/@prisma/client/src/runtime/getPrismaClient.ts:805:24)
ğŸ­ E2E Tests	Seed E2E Database	2026-01-07T20:40:45.8247066Z     at async main (/home/runner/work/IronForge/IronForge/tests/e2e/setup/e2e-seed.ts:85:22) {
ğŸ­ E2E Tests	Seed E2E Database	2026-01-07T20:40:45.8247539Z   clientVersion: '7.2.0'
ğŸ­ E2E Tests	Seed E2E Database	2026-01-07T20:40:45.8247775Z }
ğŸ­ E2E Tests	Seed E2E Database	2026-01-07T20:40:45.8497954Z ##[error]Process completed with exit code 1.
ğŸ­ E2E Tests	Post Run pnpm/action-setup@v4	ï»¿2026-01-07T20:40:45.8568792Z Post job cleanup.
ğŸ­ E2E Tests	Post Run pnpm/action-setup@v4	2026-01-07T20:40:45.9139217Z Pruning is unnecessary.
ğŸ­ E2E Tests	Post Run actions/checkout@v4	ï»¿2026-01-07T20:40:45.9242958Z Post job cleanup.
ğŸ­ E2E Tests	Post Run actions/checkout@v4	2026-01-07T20:40:46.0234966Z [command]/usr/bin/git version
ğŸ­ E2E Tests	Post Run actions/checkout@v4	2026-01-07T20:40:46.0272023Z git version 2.52.0
ğŸ­ E2E Tests	Post Run actions/checkout@v4	2026-01-07T20:40:46.0324853Z Temporarily overriding HOME='/home/runner/work/_temp/105d9366-d7c4-4fd3-9022-54e569db6c94' before making global git config changes
ğŸ­ E2E Tests	Post Run actions/checkout@v4	2026-01-07T20:40:46.0326999Z Adding repository directory to the temporary git global config as a safe directory
ğŸ­ E2E Tests	Post Run actions/checkout@v4	2026-01-07T20:40:46.0330803Z [command]/usr/bin/git config --global --add safe.directory /home/runner/work/IronForge/IronForge
ğŸ­ E2E Tests	Post Run actions/checkout@v4	2026-01-07T20:40:46.0372652Z [command]/usr/bin/git config --local --name-only --get-regexp core\.sshCommand
ğŸ­ E2E Tests	Post Run actions/checkout@v4	2026-01-07T20:40:46.0415023Z [command]/usr/bin/git submodule foreach --recursive sh -c "git config --local --name-only --get-regexp 'core\.sshCommand' && git config --local --unset-all 'core.sshCommand' || :"
ğŸ­ E2E Tests	Post Run actions/checkout@v4	2026-01-07T20:40:46.0647627Z [command]/usr/bin/git config --local --name-only --get-regexp http\.https\:\/\/github\.com\/\.extraheader
ğŸ­ E2E Tests	Post Run actions/checkout@v4	2026-01-07T20:40:46.0679286Z http.https://github.com/.extraheader
ğŸ­ E2E Tests	Post Run actions/checkout@v4	2026-01-07T20:40:46.0692955Z [command]/usr/bin/git config --local --unset-all http.https://github.com/.extraheader
ğŸ­ E2E Tests	Post Run actions/checkout@v4	2026-01-07T20:40:46.0727064Z [command]/usr/bin/git submodule foreach --recursive sh -c "git config --local --name-only --get-regexp 'http\.https\:\/\/github\.com\/\.extraheader' && git config --local --unset-all 'http.https://github.com/.extraheader' || :"
ğŸ­ E2E Tests	Post Run actions/checkout@v4	2026-01-07T20:40:46.0963252Z [command]/usr/bin/git config --local --name-only --get-regexp ^includeIf\.gitdir:
ğŸ­ E2E Tests	Post Run actions/checkout@v4	2026-01-07T20:40:46.1001353Z [command]/usr/bin/git submodule foreach --recursive git config --local --show-origin --name-only --get-regexp remote.origin.url
ğŸ­ E2E Tests	Complete job	ï»¿2026-01-07T20:40:46.1373565Z Cleaning up orphan processes
