verify	Set up job	﻿2025-12-31T23:33:57.2749073Z Current runner version: '2.330.0'
verify	Set up job	2025-12-31T23:33:57.2782698Z ##[group]Runner Image Provisioner
verify	Set up job	2025-12-31T23:33:57.2783827Z Hosted Compute Agent
verify	Set up job	2025-12-31T23:33:57.2784705Z Version: 20251211.462
verify	Set up job	2025-12-31T23:33:57.2785547Z Commit: 6cbad8c2bb55d58165063d031ccabf57e2d2db61
verify	Set up job	2025-12-31T23:33:57.2786571Z Build Date: 2025-12-11T16:28:49Z
verify	Set up job	2025-12-31T23:33:57.2787498Z Worker ID: {4c76d3e4-3933-400c-9853-becde26ddab0}
verify	Set up job	2025-12-31T23:33:57.2788553Z ##[endgroup]
verify	Set up job	2025-12-31T23:33:57.2789313Z ##[group]Operating System
verify	Set up job	2025-12-31T23:33:57.2790154Z Ubuntu
verify	Set up job	2025-12-31T23:33:57.2790840Z 24.04.3
verify	Set up job	2025-12-31T23:33:57.2791460Z LTS
verify	Set up job	2025-12-31T23:33:57.2792424Z ##[endgroup]
verify	Set up job	2025-12-31T23:33:57.2793177Z ##[group]Runner Image
verify	Set up job	2025-12-31T23:33:57.2793964Z Image: ubuntu-24.04
verify	Set up job	2025-12-31T23:33:57.2794651Z Version: 20251215.174.1
verify	Set up job	2025-12-31T23:33:57.2796299Z Included Software: https://github.com/actions/runner-images/blob/ubuntu24/20251215.174/images/ubuntu/Ubuntu2404-Readme.md
verify	Set up job	2025-12-31T23:33:57.2798485Z Image Release: https://github.com/actions/runner-images/releases/tag/ubuntu24%2F20251215.174
verify	Set up job	2025-12-31T23:33:57.2800253Z ##[endgroup]
verify	Set up job	2025-12-31T23:33:57.2801815Z ##[group]GITHUB_TOKEN Permissions
verify	Set up job	2025-12-31T23:33:57.2804526Z Contents: read
verify	Set up job	2025-12-31T23:33:57.2805273Z Metadata: read
verify	Set up job	2025-12-31T23:33:57.2805951Z Packages: read
verify	Set up job	2025-12-31T23:33:57.2806744Z ##[endgroup]
verify	Set up job	2025-12-31T23:33:57.2809524Z Secret source: Actions
verify	Set up job	2025-12-31T23:33:57.2810471Z Prepare workflow directory
verify	Set up job	2025-12-31T23:33:57.3771119Z Prepare all required actions
verify	Set up job	2025-12-31T23:33:57.3848045Z Getting action download info
verify	Set up job	2025-12-31T23:33:57.7735069Z Download action repository 'actions/checkout@v6' (SHA:8e8c483db84b4bee98b60c0593521ed34d9990e8)
verify	Set up job	2025-12-31T23:33:57.9184760Z Download action repository 'actions/setup-node@v6' (SHA:395ad3262231945c25e8478fd5baf05154b1d79f)
verify	Set up job	2025-12-31T23:33:58.0386307Z Download action repository 'actions/cache@v3' (SHA:6f8efc29b200d32929f49075959781ed54ec270c)
verify	Set up job	2025-12-31T23:33:58.1709175Z Download action repository 'nick-fields/retry@v3' (SHA:ce71cc2ab81d554ebbe88c79ab5975992d79ba08)
verify	Set up job	2025-12-31T23:33:58.9677141Z Complete job name: verify
verify	Run actions/checkout@v6	﻿2025-12-31T23:33:59.0475885Z ##[group]Run actions/checkout@v6
verify	Run actions/checkout@v6	2025-12-31T23:33:59.0477217Z with:
verify	Run actions/checkout@v6	2025-12-31T23:33:59.0478035Z   repository: Techlemariam/IronForge
verify	Run actions/checkout@v6	2025-12-31T23:33:59.0479401Z   token: ***
verify	Run actions/checkout@v6	2025-12-31T23:33:59.0480140Z   ssh-strict: true
verify	Run actions/checkout@v6	2025-12-31T23:33:59.0480893Z   ssh-user: git
verify	Run actions/checkout@v6	2025-12-31T23:33:59.0481688Z   persist-credentials: true
verify	Run actions/checkout@v6	2025-12-31T23:33:59.0482703Z   clean: true
verify	Run actions/checkout@v6	2025-12-31T23:33:59.0483485Z   sparse-checkout-cone-mode: true
verify	Run actions/checkout@v6	2025-12-31T23:33:59.0484435Z   fetch-depth: 1
verify	Run actions/checkout@v6	2025-12-31T23:33:59.0485174Z   fetch-tags: false
verify	Run actions/checkout@v6	2025-12-31T23:33:59.0485966Z   show-progress: true
verify	Run actions/checkout@v6	2025-12-31T23:33:59.0486734Z   lfs: false
verify	Run actions/checkout@v6	2025-12-31T23:33:59.0487478Z   submodules: false
verify	Run actions/checkout@v6	2025-12-31T23:33:59.0488273Z   set-safe-directory: true
verify	Run actions/checkout@v6	2025-12-31T23:33:59.0489320Z env:
verify	Run actions/checkout@v6	2025-12-31T23:33:59.0490552Z   DATABASE_URL: ***localhost:5432/postgres
verify	Run actions/checkout@v6	2025-12-31T23:33:59.0492193Z   DIRECT_URL: ***localhost:5432/postgres
verify	Run actions/checkout@v6	2025-12-31T23:33:59.0493439Z   NEXT_PUBLIC_SUPABASE_URL: https://dummy.supabase.co
verify	Run actions/checkout@v6	2025-12-31T23:33:59.0496904Z   NEXT_PUBLIC_SUPABASE_ANON_KEY: ***
verify	Run actions/checkout@v6	2025-12-31T23:33:59.0497945Z   SKIP_ENV_VALIDATION: true
verify	Run actions/checkout@v6	2025-12-31T23:33:59.0498784Z ##[endgroup]
verify	Run actions/checkout@v6	2025-12-31T23:33:59.1486849Z Syncing repository: Techlemariam/IronForge
verify	Run actions/checkout@v6	2025-12-31T23:33:59.1489767Z ##[group]Getting Git version info
verify	Run actions/checkout@v6	2025-12-31T23:33:59.1491162Z Working directory is '/home/runner/work/IronForge/IronForge'
verify	Run actions/checkout@v6	2025-12-31T23:33:59.1503178Z [command]/usr/bin/git version
verify	Run actions/checkout@v6	2025-12-31T23:33:59.1532119Z git version 2.52.0
verify	Run actions/checkout@v6	2025-12-31T23:33:59.1558877Z ##[endgroup]
verify	Run actions/checkout@v6	2025-12-31T23:33:59.1574523Z Temporarily overriding HOME='/home/runner/work/_temp/6a652f51-f6cd-4e48-9bcd-5508338072f3' before making global git config changes
verify	Run actions/checkout@v6	2025-12-31T23:33:59.1580243Z Adding repository directory to the temporary git global config as a safe directory
verify	Run actions/checkout@v6	2025-12-31T23:33:59.1584646Z [command]/usr/bin/git config --global --add safe.directory /home/runner/work/IronForge/IronForge
verify	Run actions/checkout@v6	2025-12-31T23:33:59.1624984Z Deleting the contents of '/home/runner/work/IronForge/IronForge'
verify	Run actions/checkout@v6	2025-12-31T23:33:59.1629739Z ##[group]Initializing the repository
verify	Run actions/checkout@v6	2025-12-31T23:33:59.1635013Z [command]/usr/bin/git init /home/runner/work/IronForge/IronForge
verify	Run actions/checkout@v6	2025-12-31T23:33:59.1736387Z hint: Using 'master' as the name for the initial branch. This default branch name
verify	Run actions/checkout@v6	2025-12-31T23:33:59.1742394Z hint: will change to "main" in Git 3.0. To configure the initial branch name
verify	Run actions/checkout@v6	2025-12-31T23:33:59.1745128Z hint: to use in all of your new repositories, which will suppress this warning,
verify	Run actions/checkout@v6	2025-12-31T23:33:59.1747791Z hint: call:
verify	Run actions/checkout@v6	2025-12-31T23:33:59.1748905Z hint:
verify	Run actions/checkout@v6	2025-12-31T23:33:59.1750321Z hint: 	git config --global init.defaultBranch <name>
verify	Run actions/checkout@v6	2025-12-31T23:33:59.1752037Z hint:
verify	Run actions/checkout@v6	2025-12-31T23:33:59.1753737Z hint: Names commonly chosen instead of 'master' are 'main', 'trunk' and
verify	Run actions/checkout@v6	2025-12-31T23:33:59.1756399Z hint: 'development'. The just-created branch can be renamed via this command:
verify	Run actions/checkout@v6	2025-12-31T23:33:59.1758440Z hint:
verify	Run actions/checkout@v6	2025-12-31T23:33:59.1759624Z hint: 	git branch -m <name>
verify	Run actions/checkout@v6	2025-12-31T23:33:59.1760863Z hint:
verify	Run actions/checkout@v6	2025-12-31T23:33:59.1762766Z hint: Disable this message with "git config set advice.defaultBranchName false"
verify	Run actions/checkout@v6	2025-12-31T23:33:59.1765503Z Initialized empty Git repository in /home/runner/work/IronForge/IronForge/.git/
verify	Run actions/checkout@v6	2025-12-31T23:33:59.1772260Z [command]/usr/bin/git remote add origin https://github.com/Techlemariam/IronForge
verify	Run actions/checkout@v6	2025-12-31T23:33:59.1795971Z ##[endgroup]
verify	Run actions/checkout@v6	2025-12-31T23:33:59.1798601Z ##[group]Disabling automatic garbage collection
verify	Run actions/checkout@v6	2025-12-31T23:33:59.1800947Z [command]/usr/bin/git config --local gc.auto 0
verify	Run actions/checkout@v6	2025-12-31T23:33:59.1828131Z ##[endgroup]
verify	Run actions/checkout@v6	2025-12-31T23:33:59.1830221Z ##[group]Setting up auth
verify	Run actions/checkout@v6	2025-12-31T23:33:59.1833041Z Removing SSH command configuration
verify	Run actions/checkout@v6	2025-12-31T23:33:59.1836797Z [command]/usr/bin/git config --local --name-only --get-regexp core\.sshCommand
verify	Run actions/checkout@v6	2025-12-31T23:33:59.1870371Z [command]/usr/bin/git submodule foreach --recursive sh -c "git config --local --name-only --get-regexp 'core\.sshCommand' && git config --local --unset-all 'core.sshCommand' || :"
verify	Run actions/checkout@v6	2025-12-31T23:33:59.2152672Z Removing HTTP extra header
verify	Run actions/checkout@v6	2025-12-31T23:33:59.2158266Z [command]/usr/bin/git config --local --name-only --get-regexp http\.https\:\/\/github\.com\/\.extraheader
verify	Run actions/checkout@v6	2025-12-31T23:33:59.2190927Z [command]/usr/bin/git submodule foreach --recursive sh -c "git config --local --name-only --get-regexp 'http\.https\:\/\/github\.com\/\.extraheader' && git config --local --unset-all 'http.https://github.com/.extraheader' || :"
verify	Run actions/checkout@v6	2025-12-31T23:33:59.2509406Z Removing includeIf entries pointing to credentials config files
verify	Run actions/checkout@v6	2025-12-31T23:33:59.2512656Z [command]/usr/bin/git config --local --name-only --get-regexp ^includeIf\.gitdir:
verify	Run actions/checkout@v6	2025-12-31T23:33:59.2518281Z [command]/usr/bin/git submodule foreach --recursive git config --local --show-origin --name-only --get-regexp remote.origin.url
verify	Run actions/checkout@v6	2025-12-31T23:33:59.2645534Z [command]/usr/bin/git config --file /home/runner/work/_temp/git-credentials-43ff2364-678f-4e65-8e05-39843c2e0354.config http.https://github.com/.extraheader AUTHORIZATION: basic ***
verify	Run actions/checkout@v6	2025-12-31T23:33:59.2683649Z [command]/usr/bin/git config --local includeIf.gitdir:/home/runner/work/IronForge/IronForge/.git.path /home/runner/work/_temp/git-credentials-43ff2364-678f-4e65-8e05-39843c2e0354.config
verify	Run actions/checkout@v6	2025-12-31T23:33:59.2713981Z [command]/usr/bin/git config --local includeIf.gitdir:/home/runner/work/IronForge/IronForge/.git/worktrees/*.path /home/runner/work/_temp/git-credentials-43ff2364-678f-4e65-8e05-39843c2e0354.config
verify	Run actions/checkout@v6	2025-12-31T23:33:59.2744751Z [command]/usr/bin/git config --local includeIf.gitdir:/github/workspace/.git.path /github/runner_temp/git-credentials-43ff2364-678f-4e65-8e05-39843c2e0354.config
verify	Run actions/checkout@v6	2025-12-31T23:33:59.2771490Z [command]/usr/bin/git config --local includeIf.gitdir:/github/workspace/.git/worktrees/*.path /github/runner_temp/git-credentials-43ff2364-678f-4e65-8e05-39843c2e0354.config
verify	Run actions/checkout@v6	2025-12-31T23:33:59.2797126Z ##[endgroup]
verify	Run actions/checkout@v6	2025-12-31T23:33:59.2799279Z ##[group]Fetching the repository
verify	Run actions/checkout@v6	2025-12-31T23:33:59.2806991Z [command]/usr/bin/git -c protocol.version=2 fetch --no-tags --prune --no-recurse-submodules --depth=1 origin +c490351a008e6aa317f3d728dbf4ca4a3a54220b:refs/remotes/origin/main
verify	Run actions/checkout@v6	2025-12-31T23:34:01.1362835Z From https://github.com/Techlemariam/IronForge
verify	Run actions/checkout@v6	2025-12-31T23:34:01.1368625Z  * [new ref]         c490351a008e6aa317f3d728dbf4ca4a3a54220b -> origin/main
verify	Run actions/checkout@v6	2025-12-31T23:34:01.1397128Z ##[endgroup]
verify	Run actions/checkout@v6	2025-12-31T23:34:01.1397818Z ##[group]Determining the checkout info
verify	Run actions/checkout@v6	2025-12-31T23:34:01.1409072Z ##[endgroup]
verify	Run actions/checkout@v6	2025-12-31T23:34:01.1410532Z [command]/usr/bin/git sparse-checkout disable
verify	Run actions/checkout@v6	2025-12-31T23:34:01.1455942Z [command]/usr/bin/git config --local --unset-all extensions.worktreeConfig
verify	Run actions/checkout@v6	2025-12-31T23:34:01.1503784Z ##[group]Checking out the ref
verify	Run actions/checkout@v6	2025-12-31T23:34:01.1504671Z [command]/usr/bin/git checkout --progress --force -B main refs/remotes/origin/main
verify	Run actions/checkout@v6	2025-12-31T23:34:01.2700958Z Switched to a new branch 'main'
verify	Run actions/checkout@v6	2025-12-31T23:34:01.2705595Z branch 'main' set up to track 'origin/main'.
verify	Run actions/checkout@v6	2025-12-31T23:34:01.2722911Z ##[endgroup]
verify	Run actions/checkout@v6	2025-12-31T23:34:01.2755064Z [command]/usr/bin/git log -1 --format=%H
verify	Run actions/checkout@v6	2025-12-31T23:34:01.2775049Z c490351a008e6aa317f3d728dbf4ca4a3a54220b
verify	Run actions/setup-node@v6	﻿2025-12-31T23:34:01.2965135Z ##[group]Run actions/setup-node@v6
verify	Run actions/setup-node@v6	2025-12-31T23:34:01.2965459Z with:
verify	Run actions/setup-node@v6	2025-12-31T23:34:01.2965639Z   node-version: 22
verify	Run actions/setup-node@v6	2025-12-31T23:34:01.2965822Z   cache: npm
verify	Run actions/setup-node@v6	2025-12-31T23:34:01.2966004Z   check-latest: false
verify	Run actions/setup-node@v6	2025-12-31T23:34:01.2966342Z   token: ***
verify	Run actions/setup-node@v6	2025-12-31T23:34:01.2966539Z   package-manager-cache: true
verify	Run actions/setup-node@v6	2025-12-31T23:34:01.2966748Z env:
verify	Run actions/setup-node@v6	2025-12-31T23:34:01.2967100Z   DATABASE_URL: ***localhost:5432/postgres
verify	Run actions/setup-node@v6	2025-12-31T23:34:01.2967493Z   DIRECT_URL: ***localhost:5432/postgres
verify	Run actions/setup-node@v6	2025-12-31T23:34:01.2967783Z   NEXT_PUBLIC_SUPABASE_URL: https://dummy.supabase.co
verify	Run actions/setup-node@v6	2025-12-31T23:34:01.2968737Z   NEXT_PUBLIC_SUPABASE_ANON_KEY: ***
verify	Run actions/setup-node@v6	2025-12-31T23:34:01.2968973Z   SKIP_ENV_VALIDATION: true
verify	Run actions/setup-node@v6	2025-12-31T23:34:01.2969182Z ##[endgroup]
verify	Run actions/setup-node@v6	2025-12-31T23:34:01.4557057Z Found in cache @ /opt/hostedtoolcache/node/22.21.1/x64
verify	Run actions/setup-node@v6	2025-12-31T23:34:01.4571856Z (node:1986) [DEP0040] DeprecationWarning: The `punycode` module is deprecated. Please use a userland alternative instead.
verify	Run actions/setup-node@v6	2025-12-31T23:34:01.4575298Z (Use `node --trace-deprecation ...` to show where the warning was created)
verify	Run actions/setup-node@v6	2025-12-31T23:34:01.4577388Z ##[group]Environment details
verify	Run actions/setup-node@v6	2025-12-31T23:34:04.2880678Z node: v22.21.1
verify	Run actions/setup-node@v6	2025-12-31T23:34:04.2882097Z npm: 10.9.4
verify	Run actions/setup-node@v6	2025-12-31T23:34:04.2882374Z yarn: 1.22.22
verify	Run actions/setup-node@v6	2025-12-31T23:34:04.2883249Z ##[endgroup]
verify	Run actions/setup-node@v6	2025-12-31T23:34:04.2902496Z [command]/opt/hostedtoolcache/node/22.21.1/x64/bin/npm config get cache
verify	Run actions/setup-node@v6	2025-12-31T23:34:04.5475312Z /home/runner/.npm
verify	Run actions/setup-node@v6	2025-12-31T23:34:04.7737485Z npm cache is not found
verify	Cache Turbo	﻿2025-12-31T23:34:04.7879914Z ##[group]Run actions/cache@v3
verify	Cache Turbo	2025-12-31T23:34:04.7880190Z with:
verify	Cache Turbo	2025-12-31T23:34:04.7880353Z   path: .turbo
verify	Cache Turbo	2025-12-31T23:34:04.7880594Z   key: turbo-Linux-c490351a008e6aa317f3d728dbf4ca4a3a54220b
verify	Cache Turbo	2025-12-31T23:34:04.7880884Z   restore-keys: turbo-Linux-
verify	Cache Turbo	
verify	Cache Turbo	2025-12-31T23:34:04.7881108Z   enableCrossOsArchive: false
verify	Cache Turbo	2025-12-31T23:34:04.7881335Z   fail-on-cache-miss: false
verify	Cache Turbo	2025-12-31T23:34:04.7881540Z   lookup-only: false
verify	Cache Turbo	2025-12-31T23:34:04.7881718Z env:
verify	Cache Turbo	2025-12-31T23:34:04.7882350Z   DATABASE_URL: ***localhost:5432/postgres
verify	Cache Turbo	2025-12-31T23:34:04.7882714Z   DIRECT_URL: ***localhost:5432/postgres
verify	Cache Turbo	2025-12-31T23:34:04.7882989Z   NEXT_PUBLIC_SUPABASE_URL: https://dummy.supabase.co
verify	Cache Turbo	2025-12-31T23:34:04.7883931Z   NEXT_PUBLIC_SUPABASE_ANON_KEY: ***
verify	Cache Turbo	2025-12-31T23:34:04.7884165Z   SKIP_ENV_VALIDATION: true
verify	Cache Turbo	2025-12-31T23:34:04.7884355Z ##[endgroup]
verify	Cache Turbo	2025-12-31T23:34:05.1340590Z Cache not found for input keys: turbo-Linux-c490351a008e6aa317f3d728dbf4ca4a3a54220b, turbo-Linux-
verify	Cache Playwright Browsers	﻿2025-12-31T23:34:05.3089371Z ##[group]Run actions/cache@v3
verify	Cache Playwright Browsers	2025-12-31T23:34:05.3089619Z with:
verify	Cache Playwright Browsers	2025-12-31T23:34:05.3089796Z   path: ~/.cache/ms-playwright
verify	Cache Playwright Browsers	2025-12-31T23:34:05.3090193Z   key: Linux-playwright-2a773c0b75f0995b14bb768385f762dd0587057fa1d33a419dfa9b0e48fbe553
verify	Cache Playwright Browsers	2025-12-31T23:34:05.3090597Z   enableCrossOsArchive: false
verify	Cache Playwright Browsers	2025-12-31T23:34:05.3090819Z   fail-on-cache-miss: false
verify	Cache Playwright Browsers	2025-12-31T23:34:05.3091217Z   lookup-only: false
verify	Cache Playwright Browsers	2025-12-31T23:34:05.3091399Z env:
verify	Cache Playwright Browsers	2025-12-31T23:34:05.3091859Z   DATABASE_URL: ***localhost:5432/postgres
verify	Cache Playwright Browsers	2025-12-31T23:34:05.3092427Z   DIRECT_URL: ***localhost:5432/postgres
verify	Cache Playwright Browsers	2025-12-31T23:34:05.3092713Z   NEXT_PUBLIC_SUPABASE_URL: https://dummy.supabase.co
verify	Cache Playwright Browsers	2025-12-31T23:34:05.3093690Z   NEXT_PUBLIC_SUPABASE_ANON_KEY: ***
verify	Cache Playwright Browsers	2025-12-31T23:34:05.3093915Z   SKIP_ENV_VALIDATION: true
verify	Cache Playwright Browsers	2025-12-31T23:34:05.3094123Z ##[endgroup]
verify	Cache Playwright Browsers	2025-12-31T23:34:05.6397729Z Cache not found for input keys: Linux-playwright-2a773c0b75f0995b14bb768385f762dd0587057fa1d33a419dfa9b0e48fbe553
verify	Install dependencies	﻿2025-12-31T23:34:05.6495037Z ##[group]Run nick-fields/retry@v3
verify	Install dependencies	2025-12-31T23:34:05.6495283Z with:
verify	Install dependencies	2025-12-31T23:34:05.6495443Z   timeout_minutes: 10
verify	Install dependencies	2025-12-31T23:34:05.6495627Z   max_attempts: 3
verify	Install dependencies	2025-12-31T23:34:05.6495795Z   command: npm ci
verify	Install dependencies	2025-12-31T23:34:05.6495974Z   retry_wait_seconds: 10
verify	Install dependencies	2025-12-31T23:34:05.6496168Z   polling_interval_seconds: 1
verify	Install dependencies	2025-12-31T23:34:05.6496374Z   warning_on_retry: true
verify	Install dependencies	2025-12-31T23:34:05.6496570Z   continue_on_error: false
verify	Install dependencies	2025-12-31T23:34:05.6496759Z env:
verify	Install dependencies	2025-12-31T23:34:05.6497307Z   DATABASE_URL: ***localhost:5432/postgres
verify	Install dependencies	2025-12-31T23:34:05.6497676Z   DIRECT_URL: ***localhost:5432/postgres
verify	Install dependencies	2025-12-31T23:34:05.6497961Z   NEXT_PUBLIC_SUPABASE_URL: https://dummy.supabase.co
verify	Install dependencies	2025-12-31T23:34:05.6498915Z   NEXT_PUBLIC_SUPABASE_ANON_KEY: ***
verify	Install dependencies	2025-12-31T23:34:05.6499148Z   SKIP_ENV_VALIDATION: true
verify	Install dependencies	2025-12-31T23:34:05.6499354Z ##[endgroup]
verify	Install dependencies	2025-12-31T23:34:05.7139663Z ##[group]Attempt 1
verify	Install dependencies	2025-12-31T23:34:07.8858553Z npm error code EUSAGE
verify	Install dependencies	2025-12-31T23:34:07.8865646Z npm error
verify	Install dependencies	2025-12-31T23:34:07.8869823Z npm error `npm ci` can only install packages when your package.json and package-lock.json or npm-shrinkwrap.json are in sync. Please update your lock file with `npm install` before continuing.
verify	Install dependencies	2025-12-31T23:34:07.8872978Z npm error
verify	Install dependencies	2025-12-31T23:34:07.8875982Z npm error Missing: magicast@0.3.5 from lock file
verify	Install dependencies	2025-12-31T23:34:07.8877706Z npm error
verify	Install dependencies	2025-12-31T23:34:07.8879370Z npm error Clean install a project
verify	Install dependencies	2025-12-31T23:34:07.8880570Z npm error
verify	Install dependencies	2025-12-31T23:34:07.8884047Z npm error Usage:
verify	Install dependencies	2025-12-31T23:34:07.8884358Z npm error npm ci
verify	Install dependencies	2025-12-31T23:34:07.8901076Z npm error
verify	Install dependencies	2025-12-31T23:34:07.8901449Z npm error Options:
verify	Install dependencies	2025-12-31T23:34:07.8902365Z npm error [--install-strategy <hoisted|nested|shallow|linked>] [--legacy-bundling]
verify	Install dependencies	2025-12-31T23:34:07.8903410Z npm error [--global-style] [--omit <dev|optional|peer> [--omit <dev|optional|peer> ...]]
verify	Install dependencies	2025-12-31T23:34:07.8904471Z npm error [--include <prod|dev|optional|peer> [--include <prod|dev|optional|peer> ...]]
verify	Install dependencies	2025-12-31T23:34:07.8905479Z npm error [--strict-peer-deps] [--foreground-scripts] [--ignore-scripts] [--no-audit]
verify	Install dependencies	2025-12-31T23:34:07.8906292Z npm error [--no-bin-links] [--no-fund] [--dry-run]
verify	Install dependencies	2025-12-31T23:34:07.8907149Z npm error [-w|--workspace <workspace-name> [-w|--workspace <workspace-name> ...]]
verify	Install dependencies	2025-12-31T23:34:07.8908035Z npm error [-ws|--workspaces] [--include-workspace-root] [--install-links]
verify	Install dependencies	2025-12-31T23:34:07.8908632Z npm error
verify	Install dependencies	2025-12-31T23:34:07.8909218Z npm error aliases: clean-install, ic, install-clean, isntall-clean
verify	Install dependencies	2025-12-31T23:34:07.8909761Z npm error
verify	Install dependencies	2025-12-31T23:34:07.8910118Z npm error Run "npm help ci" for more info
verify	Install dependencies	2025-12-31T23:34:07.8910952Z npm error A complete log of this run can be found in: /home/runner/.npm/_logs/2025-12-31T23_34_05_762Z-debug-0.log
verify	Install dependencies	2025-12-31T23:34:18.7323864Z ##[warning]Attempt 1 failed. Reason: Child_process exited with error code 1
verify	Install dependencies	2025-12-31T23:34:18.7333529Z ##[endgroup]
verify	Install dependencies	2025-12-31T23:34:18.7334096Z ##[group]Attempt 2
verify	Install dependencies	2025-12-31T23:34:19.5827872Z npm error code EUSAGE
verify	Install dependencies	2025-12-31T23:34:19.5850121Z npm error
verify	Install dependencies	2025-12-31T23:34:19.5852333Z npm error `npm ci` can only install packages when your package.json and package-lock.json or npm-shrinkwrap.json are in sync. Please update your lock file with `npm install` before continuing.
verify	Install dependencies	2025-12-31T23:34:19.5853466Z npm error
verify	Install dependencies	2025-12-31T23:34:19.5853970Z npm error Missing: magicast@0.3.5 from lock file
verify	Install dependencies	2025-12-31T23:34:19.5854698Z npm error
verify	Install dependencies	2025-12-31T23:34:19.5855076Z npm error Clean install a project
verify	Install dependencies	2025-12-31T23:34:19.5855432Z npm error
verify	Install dependencies	2025-12-31T23:34:19.5855678Z npm error Usage:
verify	Install dependencies	2025-12-31T23:34:19.5855973Z npm error npm ci
verify	Install dependencies	2025-12-31T23:34:19.5856238Z npm error
verify	Install dependencies	2025-12-31T23:34:19.5856689Z npm error Options:
verify	Install dependencies	2025-12-31T23:34:19.5857368Z npm error [--install-strategy <hoisted|nested|shallow|linked>] [--legacy-bundling]
verify	Install dependencies	2025-12-31T23:34:19.5858332Z npm error [--global-style] [--omit <dev|optional|peer> [--omit <dev|optional|peer> ...]]
verify	Install dependencies	2025-12-31T23:34:19.5859288Z npm error [--include <prod|dev|optional|peer> [--include <prod|dev|optional|peer> ...]]
verify	Install dependencies	2025-12-31T23:34:19.5860477Z npm error [--strict-peer-deps] [--foreground-scripts] [--ignore-scripts] [--no-audit]
verify	Install dependencies	2025-12-31T23:34:19.5861208Z npm error [--no-bin-links] [--no-fund] [--dry-run]
verify	Install dependencies	2025-12-31T23:34:19.5862190Z npm error [-w|--workspace <workspace-name> [-w|--workspace <workspace-name> ...]]
verify	Install dependencies	2025-12-31T23:34:19.5863134Z npm error [-ws|--workspaces] [--include-workspace-root] [--install-links]
verify	Install dependencies	2025-12-31T23:34:19.5863766Z npm error
verify	Install dependencies	2025-12-31T23:34:19.5864361Z npm error aliases: clean-install, ic, install-clean, isntall-clean
verify	Install dependencies	2025-12-31T23:34:19.5864842Z npm error
verify	Install dependencies	2025-12-31T23:34:19.5865243Z npm error Run "npm help ci" for more info
verify	Install dependencies	2025-12-31T23:34:19.5866065Z npm error A complete log of this run can be found in: /home/runner/.npm/_logs/2025-12-31T23_34_18_777Z-debug-0.log
verify	Install dependencies	2025-12-31T23:34:29.7437260Z ##[warning]Attempt 2 failed. Reason: Child_process exited with error code 1
verify	Install dependencies	2025-12-31T23:34:29.7439180Z ##[endgroup]
verify	Install dependencies	2025-12-31T23:34:29.7440689Z ##[group]Attempt 3
verify	Install dependencies	2025-12-31T23:34:30.5804161Z npm error code EUSAGE
verify	Install dependencies	2025-12-31T23:34:30.5820226Z npm error
verify	Install dependencies	2025-12-31T23:34:30.5821488Z npm error `npm ci` can only install packages when your package.json and package-lock.json or npm-shrinkwrap.json are in sync. Please update your lock file with `npm install` before continuing.
verify	Install dependencies	2025-12-31T23:34:30.5822683Z npm error
verify	Install dependencies	2025-12-31T23:34:30.5823073Z npm error Missing: magicast@0.3.5 from lock file
verify	Install dependencies	2025-12-31T23:34:30.5823591Z npm error
verify	Install dependencies	2025-12-31T23:34:30.5823961Z npm error Clean install a project
verify	Install dependencies	2025-12-31T23:34:30.5824296Z npm error
verify	Install dependencies	2025-12-31T23:34:30.5824549Z npm error Usage:
verify	Install dependencies	2025-12-31T23:34:30.5824835Z npm error npm ci
verify	Install dependencies	2025-12-31T23:34:30.5825094Z npm error
verify	Install dependencies	2025-12-31T23:34:30.5825372Z npm error Options:
verify	Install dependencies	2025-12-31T23:34:30.5826021Z npm error [--install-strategy <hoisted|nested|shallow|linked>] [--legacy-bundling]
verify	Install dependencies	2025-12-31T23:34:30.5827031Z npm error [--global-style] [--omit <dev|optional|peer> [--omit <dev|optional|peer> ...]]
verify	Install dependencies	2025-12-31T23:34:30.5828002Z npm error [--include <prod|dev|optional|peer> [--include <prod|dev|optional|peer> ...]]
verify	Install dependencies	2025-12-31T23:34:30.5828979Z npm error [--strict-peer-deps] [--foreground-scripts] [--ignore-scripts] [--no-audit]
verify	Install dependencies	2025-12-31T23:34:30.5829768Z npm error [--no-bin-links] [--no-fund] [--dry-run]
verify	Install dependencies	2025-12-31T23:34:30.5830600Z npm error [-w|--workspace <workspace-name> [-w|--workspace <workspace-name> ...]]
verify	Install dependencies	2025-12-31T23:34:30.5831501Z npm error [-ws|--workspaces] [--include-workspace-root] [--install-links]
verify	Install dependencies	2025-12-31T23:34:30.5832672Z npm error
verify	Install dependencies	2025-12-31T23:34:30.5833190Z npm error aliases: clean-install, ic, install-clean, isntall-clean
verify	Install dependencies	2025-12-31T23:34:30.5833626Z npm error
verify	Install dependencies	2025-12-31T23:34:30.5833946Z npm error Run "npm help ci" for more info
verify	Install dependencies	2025-12-31T23:34:30.5834843Z npm error A complete log of this run can be found in: /home/runner/.npm/_logs/2025-12-31T23_34_29_789Z-debug-0.log
verify	Install dependencies	2025-12-31T23:34:40.7559555Z ##[endgroup]
verify	Install dependencies	2025-12-31T23:34:40.7563858Z ##[error]Final attempt failed. Child_process exited with error code 1
verify	Post Run actions/checkout@v6	﻿2025-12-31T23:34:40.7667149Z Post job cleanup.
verify	Post Run actions/checkout@v6	2025-12-31T23:34:40.8435384Z [command]/usr/bin/git version
verify	Post Run actions/checkout@v6	2025-12-31T23:34:40.8471535Z git version 2.52.0
verify	Post Run actions/checkout@v6	2025-12-31T23:34:40.8507679Z Temporarily overriding HOME='/home/runner/work/_temp/5e4dc286-428a-4d97-a88b-f552a24f021d' before making global git config changes
verify	Post Run actions/checkout@v6	2025-12-31T23:34:40.8512404Z Adding repository directory to the temporary git global config as a safe directory
verify	Post Run actions/checkout@v6	2025-12-31T23:34:40.8515872Z [command]/usr/bin/git config --global --add safe.directory /home/runner/work/IronForge/IronForge
verify	Post Run actions/checkout@v6	2025-12-31T23:34:40.8543765Z Removing SSH command configuration
verify	Post Run actions/checkout@v6	2025-12-31T23:34:40.8550827Z [command]/usr/bin/git config --local --name-only --get-regexp core\.sshCommand
verify	Post Run actions/checkout@v6	2025-12-31T23:34:40.8581640Z [command]/usr/bin/git submodule foreach --recursive sh -c "git config --local --name-only --get-regexp 'core\.sshCommand' && git config --local --unset-all 'core.sshCommand' || :"
verify	Post Run actions/checkout@v6	2025-12-31T23:34:40.8765739Z Removing HTTP extra header
verify	Post Run actions/checkout@v6	2025-12-31T23:34:40.8771712Z [command]/usr/bin/git config --local --name-only --get-regexp http\.https\:\/\/github\.com\/\.extraheader
verify	Post Run actions/checkout@v6	2025-12-31T23:34:40.8804118Z [command]/usr/bin/git submodule foreach --recursive sh -c "git config --local --name-only --get-regexp 'http\.https\:\/\/github\.com\/\.extraheader' && git config --local --unset-all 'http.https://github.com/.extraheader' || :"
verify	Post Run actions/checkout@v6	2025-12-31T23:34:40.8978926Z Removing includeIf entries pointing to credentials config files
verify	Post Run actions/checkout@v6	2025-12-31T23:34:40.8986008Z [command]/usr/bin/git config --local --name-only --get-regexp ^includeIf\.gitdir:
verify	Post Run actions/checkout@v6	2025-12-31T23:34:40.9007118Z includeif.gitdir:/home/runner/work/IronForge/IronForge/.git.path
verify	Post Run actions/checkout@v6	2025-12-31T23:34:40.9008517Z includeif.gitdir:/home/runner/work/IronForge/IronForge/.git/worktrees/*.path
verify	Post Run actions/checkout@v6	2025-12-31T23:34:40.9009279Z includeif.gitdir:/github/workspace/.git.path
verify	Post Run actions/checkout@v6	2025-12-31T23:34:40.9009884Z includeif.gitdir:/github/workspace/.git/worktrees/*.path
verify	Post Run actions/checkout@v6	2025-12-31T23:34:40.9019303Z [command]/usr/bin/git config --local --get-all includeif.gitdir:/home/runner/work/IronForge/IronForge/.git.path
verify	Post Run actions/checkout@v6	2025-12-31T23:34:40.9037145Z /home/runner/work/_temp/git-credentials-43ff2364-678f-4e65-8e05-39843c2e0354.config
verify	Post Run actions/checkout@v6	2025-12-31T23:34:40.9048441Z [command]/usr/bin/git config --local --unset includeif.gitdir:/home/runner/work/IronForge/IronForge/.git.path /home/runner/work/_temp/git-credentials-43ff2364-678f-4e65-8e05-39843c2e0354.config
verify	Post Run actions/checkout@v6	2025-12-31T23:34:40.9079079Z [command]/usr/bin/git config --local --get-all includeif.gitdir:/home/runner/work/IronForge/IronForge/.git/worktrees/*.path
verify	Post Run actions/checkout@v6	2025-12-31T23:34:40.9098171Z /home/runner/work/_temp/git-credentials-43ff2364-678f-4e65-8e05-39843c2e0354.config
verify	Post Run actions/checkout@v6	2025-12-31T23:34:40.9112501Z [command]/usr/bin/git config --local --unset includeif.gitdir:/home/runner/work/IronForge/IronForge/.git/worktrees/*.path /home/runner/work/_temp/git-credentials-43ff2364-678f-4e65-8e05-39843c2e0354.config
verify	Post Run actions/checkout@v6	2025-12-31T23:34:40.9135039Z [command]/usr/bin/git config --local --get-all includeif.gitdir:/github/workspace/.git.path
verify	Post Run actions/checkout@v6	2025-12-31T23:34:40.9153436Z /github/runner_temp/git-credentials-43ff2364-678f-4e65-8e05-39843c2e0354.config
verify	Post Run actions/checkout@v6	2025-12-31T23:34:40.9161559Z [command]/usr/bin/git config --local --unset includeif.gitdir:/github/workspace/.git.path /github/runner_temp/git-credentials-43ff2364-678f-4e65-8e05-39843c2e0354.config
verify	Post Run actions/checkout@v6	2025-12-31T23:34:40.9187683Z [command]/usr/bin/git config --local --get-all includeif.gitdir:/github/workspace/.git/worktrees/*.path
verify	Post Run actions/checkout@v6	2025-12-31T23:34:40.9204597Z /github/runner_temp/git-credentials-43ff2364-678f-4e65-8e05-39843c2e0354.config
verify	Post Run actions/checkout@v6	2025-12-31T23:34:40.9215190Z [command]/usr/bin/git config --local --unset includeif.gitdir:/github/workspace/.git/worktrees/*.path /github/runner_temp/git-credentials-43ff2364-678f-4e65-8e05-39843c2e0354.config
verify	Post Run actions/checkout@v6	2025-12-31T23:34:40.9243364Z [command]/usr/bin/git submodule foreach --recursive git config --local --show-origin --name-only --get-regexp remote.origin.url
verify	Post Run actions/checkout@v6	2025-12-31T23:34:40.9419792Z Removing credentials config '/home/runner/work/_temp/git-credentials-43ff2364-678f-4e65-8e05-39843c2e0354.config'
verify	Complete job	﻿2025-12-31T23:34:40.9621584Z Cleaning up orphan processes
