ðŸš€ Deploy Preview	Set up job	ï»¿2026-01-09T15:12:39.8397036Z Current runner version: '2.330.0'
ðŸš€ Deploy Preview	Set up job	2026-01-09T15:12:39.8431867Z ##[group]Runner Image Provisioner
ðŸš€ Deploy Preview	Set up job	2026-01-09T15:12:39.8433253Z Hosted Compute Agent
ðŸš€ Deploy Preview	Set up job	2026-01-09T15:12:39.8434221Z Version: 20251211.462
ðŸš€ Deploy Preview	Set up job	2026-01-09T15:12:39.8435363Z Commit: 6cbad8c2bb55d58165063d031ccabf57e2d2db61
ðŸš€ Deploy Preview	Set up job	2026-01-09T15:12:39.8436578Z Build Date: 2025-12-11T16:28:49Z
ðŸš€ Deploy Preview	Set up job	2026-01-09T15:12:39.8437803Z Worker ID: {9c68fda6-3db8-4b3c-bb81-47e1c87c21f6}
ðŸš€ Deploy Preview	Set up job	2026-01-09T15:12:39.8439218Z ##[endgroup]
ðŸš€ Deploy Preview	Set up job	2026-01-09T15:12:39.8440146Z ##[group]Operating System
ðŸš€ Deploy Preview	Set up job	2026-01-09T15:12:39.8441463Z Ubuntu
ðŸš€ Deploy Preview	Set up job	2026-01-09T15:12:39.8442316Z 24.04.3
ðŸš€ Deploy Preview	Set up job	2026-01-09T15:12:39.8443311Z LTS
ðŸš€ Deploy Preview	Set up job	2026-01-09T15:12:39.8444174Z ##[endgroup]
ðŸš€ Deploy Preview	Set up job	2026-01-09T15:12:39.8445151Z ##[group]Runner Image
ðŸš€ Deploy Preview	Set up job	2026-01-09T15:12:39.8446207Z Image: ubuntu-24.04
ðŸš€ Deploy Preview	Set up job	2026-01-09T15:12:39.8447160Z Version: 20260105.202.1
ðŸš€ Deploy Preview	Set up job	2026-01-09T15:12:39.8449176Z Included Software: https://github.com/actions/runner-images/blob/ubuntu24/20260105.202/images/ubuntu/Ubuntu2404-Readme.md
ðŸš€ Deploy Preview	Set up job	2026-01-09T15:12:39.8452046Z Image Release: https://github.com/actions/runner-images/releases/tag/ubuntu24%2F20260105.202
ðŸš€ Deploy Preview	Set up job	2026-01-09T15:12:39.8454310Z ##[endgroup]
ðŸš€ Deploy Preview	Set up job	2026-01-09T15:12:39.8456314Z ##[group]GITHUB_TOKEN Permissions
ðŸš€ Deploy Preview	Set up job	2026-01-09T15:12:39.8458943Z Metadata: read
ðŸš€ Deploy Preview	Set up job	2026-01-09T15:12:39.8460110Z PullRequests: write
ðŸš€ Deploy Preview	Set up job	2026-01-09T15:12:39.8461369Z ##[endgroup]
ðŸš€ Deploy Preview	Set up job	2026-01-09T15:12:39.8464418Z Secret source: Actions
ðŸš€ Deploy Preview	Set up job	2026-01-09T15:12:39.8465737Z Prepare workflow directory
ðŸš€ Deploy Preview	Set up job	2026-01-09T15:12:39.9240420Z Prepare all required actions
ðŸš€ Deploy Preview	Set up job	2026-01-09T15:12:39.9297399Z Getting action download info
ðŸš€ Deploy Preview	Set up job	2026-01-09T15:12:40.2348540Z Download action repository 'actions/checkout@v4' (SHA:34e114876b0b11c390a56381ad16ebd13914f8d5)
ðŸš€ Deploy Preview	Set up job	2026-01-09T15:12:40.3553828Z Download action repository 'pnpm/action-setup@v4' (SHA:41ff72655975bd51cab0327fa583b6e92b6d3061)
ðŸš€ Deploy Preview	Set up job	2026-01-09T15:12:40.6474021Z Download action repository 'actions/setup-node@v6' (SHA:395ad3262231945c25e8478fd5baf05154b1d79f)
ðŸš€ Deploy Preview	Set up job	2026-01-09T15:12:40.7464473Z Download action repository 'actions/github-script@v8' (SHA:ed597411d8f924073f98dfc5c65a23a2325f34cd)
ðŸš€ Deploy Preview	Set up job	2026-01-09T15:12:41.0714482Z Complete job name: ðŸš€ Deploy Preview
ðŸš€ Deploy Preview	Run actions/checkout@v4	ï»¿2026-01-09T15:12:41.1497066Z ##[group]Run actions/checkout@v4
ðŸš€ Deploy Preview	Run actions/checkout@v4	2026-01-09T15:12:41.1498463Z with:
ðŸš€ Deploy Preview	Run actions/checkout@v4	2026-01-09T15:12:41.1499346Z   repository: Techlemariam/IronForge
ðŸš€ Deploy Preview	Run actions/checkout@v4	2026-01-09T15:12:41.1500684Z   token: ***
ðŸš€ Deploy Preview	Run actions/checkout@v4	2026-01-09T15:12:41.1501859Z   ssh-strict: true
ðŸš€ Deploy Preview	Run actions/checkout@v4	2026-01-09T15:12:41.1502744Z   ssh-user: git
ðŸš€ Deploy Preview	Run actions/checkout@v4	2026-01-09T15:12:41.1503620Z   persist-credentials: true
ðŸš€ Deploy Preview	Run actions/checkout@v4	2026-01-09T15:12:41.1504594Z   clean: true
ðŸš€ Deploy Preview	Run actions/checkout@v4	2026-01-09T15:12:41.1505465Z   sparse-checkout-cone-mode: true
ðŸš€ Deploy Preview	Run actions/checkout@v4	2026-01-09T15:12:41.1506521Z   fetch-depth: 1
ðŸš€ Deploy Preview	Run actions/checkout@v4	2026-01-09T15:12:41.1507375Z   fetch-tags: false
ðŸš€ Deploy Preview	Run actions/checkout@v4	2026-01-09T15:12:41.1508248Z   show-progress: true
ðŸš€ Deploy Preview	Run actions/checkout@v4	2026-01-09T15:12:41.1509118Z   lfs: false
ðŸš€ Deploy Preview	Run actions/checkout@v4	2026-01-09T15:12:41.1509940Z   submodules: false
ðŸš€ Deploy Preview	Run actions/checkout@v4	2026-01-09T15:12:41.1510830Z   set-safe-directory: true
ðŸš€ Deploy Preview	Run actions/checkout@v4	2026-01-09T15:12:41.1512195Z env:
ðŸš€ Deploy Preview	Run actions/checkout@v4	2026-01-09T15:12:41.1514546Z   DATABASE_URL: ***
ðŸš€ Deploy Preview	Run actions/checkout@v4	2026-01-09T15:12:41.1516953Z   DIRECT_URL: ***
ðŸš€ Deploy Preview	Run actions/checkout@v4	2026-01-09T15:12:41.1518335Z   NEXT_PUBLIC_SUPABASE_URL: ***
ðŸš€ Deploy Preview	Run actions/checkout@v4	2026-01-09T15:12:41.1523680Z   NEXT_PUBLIC_SUPABASE_ANON_KEY: ***
ðŸš€ Deploy Preview	Run actions/checkout@v4	2026-01-09T15:12:41.1524897Z   SKIP_ENV_VALIDATION: true
ðŸš€ Deploy Preview	Run actions/checkout@v4	2026-01-09T15:12:41.1526097Z ##[endgroup]
ðŸš€ Deploy Preview	Run actions/checkout@v4	2026-01-09T15:12:41.2607300Z Syncing repository: Techlemariam/IronForge
ðŸš€ Deploy Preview	Run actions/checkout@v4	2026-01-09T15:12:41.2610359Z ##[group]Getting Git version info
ðŸš€ Deploy Preview	Run actions/checkout@v4	2026-01-09T15:12:41.2612322Z Working directory is '/home/runner/work/IronForge/IronForge'
ðŸš€ Deploy Preview	Run actions/checkout@v4	2026-01-09T15:12:41.2614510Z [command]/usr/bin/git version
ðŸš€ Deploy Preview	Run actions/checkout@v4	2026-01-09T15:12:41.2702258Z git version 2.52.0
ðŸš€ Deploy Preview	Run actions/checkout@v4	2026-01-09T15:12:41.2728944Z ##[endgroup]
ðŸš€ Deploy Preview	Run actions/checkout@v4	2026-01-09T15:12:41.2743662Z Temporarily overriding HOME='/home/runner/work/_temp/c2a12dd2-1f7f-4666-b59e-641dd7e0f477' before making global git config changes
ðŸš€ Deploy Preview	Run actions/checkout@v4	2026-01-09T15:12:41.2746650Z Adding repository directory to the temporary git global config as a safe directory
ðŸš€ Deploy Preview	Run actions/checkout@v4	2026-01-09T15:12:41.2749640Z [command]/usr/bin/git config --global --add safe.directory /home/runner/work/IronForge/IronForge
ðŸš€ Deploy Preview	Run actions/checkout@v4	2026-01-09T15:12:41.2791441Z Deleting the contents of '/home/runner/work/IronForge/IronForge'
ðŸš€ Deploy Preview	Run actions/checkout@v4	2026-01-09T15:12:41.2794884Z ##[group]Initializing the repository
ðŸš€ Deploy Preview	Run actions/checkout@v4	2026-01-09T15:12:41.2799100Z [command]/usr/bin/git init /home/runner/work/IronForge/IronForge
ðŸš€ Deploy Preview	Run actions/checkout@v4	2026-01-09T15:12:41.2960330Z hint: Using 'master' as the name for the initial branch. This default branch name
ðŸš€ Deploy Preview	Run actions/checkout@v4	2026-01-09T15:12:41.2963574Z hint: will change to "main" in Git 3.0. To configure the initial branch name
ðŸš€ Deploy Preview	Run actions/checkout@v4	2026-01-09T15:12:41.2967192Z hint: to use in all of your new repositories, which will suppress this warning,
ðŸš€ Deploy Preview	Run actions/checkout@v4	2026-01-09T15:12:41.2970203Z hint: call:
ðŸš€ Deploy Preview	Run actions/checkout@v4	2026-01-09T15:12:41.2971975Z hint:
ðŸš€ Deploy Preview	Run actions/checkout@v4	2026-01-09T15:12:41.2974047Z hint: 	git config --global init.defaultBranch <name>
ðŸš€ Deploy Preview	Run actions/checkout@v4	2026-01-09T15:12:41.2976489Z hint:
ðŸš€ Deploy Preview	Run actions/checkout@v4	2026-01-09T15:12:41.2978911Z hint: Names commonly chosen instead of 'master' are 'main', 'trunk' and
ðŸš€ Deploy Preview	Run actions/checkout@v4	2026-01-09T15:12:41.2982579Z hint: 'development'. The just-created branch can be renamed via this command:
ðŸš€ Deploy Preview	Run actions/checkout@v4	2026-01-09T15:12:41.2984907Z hint:
ðŸš€ Deploy Preview	Run actions/checkout@v4	2026-01-09T15:12:41.2985958Z hint: 	git branch -m <name>
ðŸš€ Deploy Preview	Run actions/checkout@v4	2026-01-09T15:12:41.2987025Z hint:
ðŸš€ Deploy Preview	Run actions/checkout@v4	2026-01-09T15:12:41.2988433Z hint: Disable this message with "git config set advice.defaultBranchName false"
ðŸš€ Deploy Preview	Run actions/checkout@v4	2026-01-09T15:12:41.2992463Z Initialized empty Git repository in /home/runner/work/IronForge/IronForge/.git/
ðŸš€ Deploy Preview	Run actions/checkout@v4	2026-01-09T15:12:41.2996664Z [command]/usr/bin/git remote add origin https://github.com/Techlemariam/IronForge
ðŸš€ Deploy Preview	Run actions/checkout@v4	2026-01-09T15:12:41.3014611Z ##[endgroup]
ðŸš€ Deploy Preview	Run actions/checkout@v4	2026-01-09T15:12:41.3017754Z ##[group]Disabling automatic garbage collection
ðŸš€ Deploy Preview	Run actions/checkout@v4	2026-01-09T15:12:41.3020623Z [command]/usr/bin/git config --local gc.auto 0
ðŸš€ Deploy Preview	Run actions/checkout@v4	2026-01-09T15:12:41.3050337Z ##[endgroup]
ðŸš€ Deploy Preview	Run actions/checkout@v4	2026-01-09T15:12:41.3052299Z ##[group]Setting up auth
ðŸš€ Deploy Preview	Run actions/checkout@v4	2026-01-09T15:12:41.3056807Z [command]/usr/bin/git config --local --name-only --get-regexp core\.sshCommand
ðŸš€ Deploy Preview	Run actions/checkout@v4	2026-01-09T15:12:41.3087927Z [command]/usr/bin/git submodule foreach --recursive sh -c "git config --local --name-only --get-regexp 'core\.sshCommand' && git config --local --unset-all 'core.sshCommand' || :"
ðŸš€ Deploy Preview	Run actions/checkout@v4	2026-01-09T15:12:41.3471459Z [command]/usr/bin/git config --local --name-only --get-regexp http\.https\:\/\/github\.com\/\.extraheader
ðŸš€ Deploy Preview	Run actions/checkout@v4	2026-01-09T15:12:41.3503815Z [command]/usr/bin/git submodule foreach --recursive sh -c "git config --local --name-only --get-regexp 'http\.https\:\/\/github\.com\/\.extraheader' && git config --local --unset-all 'http.https://github.com/.extraheader' || :"
ðŸš€ Deploy Preview	Run actions/checkout@v4	2026-01-09T15:12:41.3720516Z [command]/usr/bin/git config --local --name-only --get-regexp ^includeIf\.gitdir:
ðŸš€ Deploy Preview	Run actions/checkout@v4	2026-01-09T15:12:41.3759750Z [command]/usr/bin/git submodule foreach --recursive git config --local --show-origin --name-only --get-regexp remote.origin.url
ðŸš€ Deploy Preview	Run actions/checkout@v4	2026-01-09T15:12:41.3980244Z [command]/usr/bin/git config --local http.https://github.com/.extraheader AUTHORIZATION: basic ***
ðŸš€ Deploy Preview	Run actions/checkout@v4	2026-01-09T15:12:41.4014172Z ##[endgroup]
ðŸš€ Deploy Preview	Run actions/checkout@v4	2026-01-09T15:12:41.4017228Z ##[group]Fetching the repository
ðŸš€ Deploy Preview	Run actions/checkout@v4	2026-01-09T15:12:41.4026061Z [command]/usr/bin/git -c protocol.version=2 fetch --no-tags --prune --no-recurse-submodules --depth=1 origin +f20a30e59062d43c7e80860afafe5b889a9e3895:refs/remotes/pull/43/merge
ðŸš€ Deploy Preview	Run actions/checkout@v4	2026-01-09T15:12:42.0272877Z From https://github.com/Techlemariam/IronForge
ðŸš€ Deploy Preview	Run actions/checkout@v4	2026-01-09T15:12:42.0275860Z  * [new ref]         f20a30e59062d43c7e80860afafe5b889a9e3895 -> pull/43/merge
ðŸš€ Deploy Preview	Run actions/checkout@v4	2026-01-09T15:12:42.0308625Z ##[endgroup]
ðŸš€ Deploy Preview	Run actions/checkout@v4	2026-01-09T15:12:42.0311544Z ##[group]Determining the checkout info
ðŸš€ Deploy Preview	Run actions/checkout@v4	2026-01-09T15:12:42.0313638Z ##[endgroup]
ðŸš€ Deploy Preview	Run actions/checkout@v4	2026-01-09T15:12:42.0315179Z [command]/usr/bin/git sparse-checkout disable
ðŸš€ Deploy Preview	Run actions/checkout@v4	2026-01-09T15:12:42.0355714Z [command]/usr/bin/git config --local --unset-all extensions.worktreeConfig
ðŸš€ Deploy Preview	Run actions/checkout@v4	2026-01-09T15:12:42.0384781Z ##[group]Checking out the ref
ðŸš€ Deploy Preview	Run actions/checkout@v4	2026-01-09T15:12:42.0386467Z [command]/usr/bin/git checkout --progress --force refs/remotes/pull/43/merge
ðŸš€ Deploy Preview	Run actions/checkout@v4	2026-01-09T15:12:42.1583092Z Note: switching to 'refs/remotes/pull/43/merge'.
ðŸš€ Deploy Preview	Run actions/checkout@v4	2026-01-09T15:12:42.1584661Z 
ðŸš€ Deploy Preview	Run actions/checkout@v4	2026-01-09T15:12:42.1585955Z You are in 'detached HEAD' state. You can look around, make experimental
ðŸš€ Deploy Preview	Run actions/checkout@v4	2026-01-09T15:12:42.1589079Z changes and commit them, and you can discard any commits you make in this
ðŸš€ Deploy Preview	Run actions/checkout@v4	2026-01-09T15:12:42.1592104Z state without impacting any branches by switching back to a branch.
ðŸš€ Deploy Preview	Run actions/checkout@v4	2026-01-09T15:12:42.1593632Z 
ðŸš€ Deploy Preview	Run actions/checkout@v4	2026-01-09T15:12:42.1594500Z If you want to create a new branch to retain commits you create, you may
ðŸš€ Deploy Preview	Run actions/checkout@v4	2026-01-09T15:12:42.1596948Z do so (now or later) by using -c with the switch command. Example:
ðŸš€ Deploy Preview	Run actions/checkout@v4	2026-01-09T15:12:42.1598100Z 
ðŸš€ Deploy Preview	Run actions/checkout@v4	2026-01-09T15:12:42.1598586Z   git switch -c <new-branch-name>
ðŸš€ Deploy Preview	Run actions/checkout@v4	2026-01-09T15:12:42.1599351Z 
ðŸš€ Deploy Preview	Run actions/checkout@v4	2026-01-09T15:12:42.1599783Z Or undo this operation with:
ðŸš€ Deploy Preview	Run actions/checkout@v4	2026-01-09T15:12:42.1600486Z 
ðŸš€ Deploy Preview	Run actions/checkout@v4	2026-01-09T15:12:42.1663719Z   git switch -
ðŸš€ Deploy Preview	Run actions/checkout@v4	2026-01-09T15:12:42.1664899Z 
ðŸš€ Deploy Preview	Run actions/checkout@v4	2026-01-09T15:12:42.1666514Z Turn off this advice by setting config variable advice.detachedHead to false
ðŸš€ Deploy Preview	Run actions/checkout@v4	2026-01-09T15:12:42.1668541Z 
ðŸš€ Deploy Preview	Run actions/checkout@v4	2026-01-09T15:12:42.1670188Z HEAD is now at f20a30e Merge 8761052506116403d11963db37ee00b4c2eaacd3 into 797992aa247e6e906ca9612ad85e136425978670
ðŸš€ Deploy Preview	Run actions/checkout@v4	2026-01-09T15:12:42.1675572Z ##[endgroup]
ðŸš€ Deploy Preview	Run actions/checkout@v4	2026-01-09T15:12:42.1677896Z [command]/usr/bin/git log -1 --format=%H
ðŸš€ Deploy Preview	Run actions/checkout@v4	2026-01-09T15:12:42.1679282Z f20a30e59062d43c7e80860afafe5b889a9e3895
ðŸš€ Deploy Preview	Run pnpm/action-setup@v4	ï»¿2026-01-09T15:12:42.1918655Z ##[group]Run pnpm/action-setup@v4
ðŸš€ Deploy Preview	Run pnpm/action-setup@v4	2026-01-09T15:12:42.1919758Z with:
ðŸš€ Deploy Preview	Run pnpm/action-setup@v4	2026-01-09T15:12:42.1920562Z   dest: ~/setup-pnpm
ðŸš€ Deploy Preview	Run pnpm/action-setup@v4	2026-01-09T15:12:42.1921593Z   run_install: null
ðŸš€ Deploy Preview	Run pnpm/action-setup@v4	2026-01-09T15:12:42.1922529Z   package_json_file: package.json
ðŸš€ Deploy Preview	Run pnpm/action-setup@v4	2026-01-09T15:12:42.1923584Z   standalone: false
ðŸš€ Deploy Preview	Run pnpm/action-setup@v4	2026-01-09T15:12:42.1924424Z env:
ðŸš€ Deploy Preview	Run pnpm/action-setup@v4	2026-01-09T15:12:42.1926840Z   DATABASE_URL: ***
ðŸš€ Deploy Preview	Run pnpm/action-setup@v4	2026-01-09T15:12:42.1929007Z   DIRECT_URL: ***
ðŸš€ Deploy Preview	Run pnpm/action-setup@v4	2026-01-09T15:12:42.1930286Z   NEXT_PUBLIC_SUPABASE_URL: ***
ðŸš€ Deploy Preview	Run pnpm/action-setup@v4	2026-01-09T15:12:42.1935283Z   NEXT_PUBLIC_SUPABASE_ANON_KEY: ***
ðŸš€ Deploy Preview	Run pnpm/action-setup@v4	2026-01-09T15:12:42.1936392Z   SKIP_ENV_VALIDATION: true
ðŸš€ Deploy Preview	Run pnpm/action-setup@v4	2026-01-09T15:12:42.1937337Z ##[endgroup]
ðŸš€ Deploy Preview	Run pnpm/action-setup@v4	2026-01-09T15:12:42.2479554Z ##[group]Running self-installer...
ðŸš€ Deploy Preview	Run pnpm/action-setup@v4	2026-01-09T15:12:42.8652010Z Progress: resolved 1, reused 0, downloaded 0, added 0
ðŸš€ Deploy Preview	Run pnpm/action-setup@v4	2026-01-09T15:12:42.8772836Z Packages: +1
ðŸš€ Deploy Preview	Run pnpm/action-setup@v4	2026-01-09T15:12:42.8774252Z +
ðŸš€ Deploy Preview	Run pnpm/action-setup@v4	2026-01-09T15:12:43.3916777Z Progress: resolved 1, reused 0, downloaded 1, added 1, done
ðŸš€ Deploy Preview	Run pnpm/action-setup@v4	2026-01-09T15:12:43.4184625Z 
ðŸš€ Deploy Preview	Run pnpm/action-setup@v4	2026-01-09T15:12:43.4185018Z dependencies:
ðŸš€ Deploy Preview	Run pnpm/action-setup@v4	2026-01-09T15:12:43.4185526Z + pnpm 9.15.0 (10.27.0 is available)
ðŸš€ Deploy Preview	Run pnpm/action-setup@v4	2026-01-09T15:12:43.4185854Z 
ðŸš€ Deploy Preview	Run pnpm/action-setup@v4	2026-01-09T15:12:43.4221023Z Done in 1s
ðŸš€ Deploy Preview	Run pnpm/action-setup@v4	2026-01-09T15:12:43.4390011Z ##[endgroup]
ðŸš€ Deploy Preview	Run pnpm/action-setup@v4	2026-01-09T15:12:43.4395178Z Installation Completed!
ðŸš€ Deploy Preview	Run actions/setup-node@v6	ï»¿2026-01-09T15:12:43.4544165Z ##[group]Run actions/setup-node@v6
ðŸš€ Deploy Preview	Run actions/setup-node@v6	2026-01-09T15:12:43.4544474Z with:
ðŸš€ Deploy Preview	Run actions/setup-node@v6	2026-01-09T15:12:43.4544767Z   node-version: 22
ðŸš€ Deploy Preview	Run actions/setup-node@v6	2026-01-09T15:12:43.4544981Z   cache: pnpm
ðŸš€ Deploy Preview	Run actions/setup-node@v6	2026-01-09T15:12:43.4545215Z   check-latest: false
ðŸš€ Deploy Preview	Run actions/setup-node@v6	2026-01-09T15:12:43.4545567Z   token: ***
ðŸš€ Deploy Preview	Run actions/setup-node@v6	2026-01-09T15:12:43.4545796Z   package-manager-cache: true
ðŸš€ Deploy Preview	Run actions/setup-node@v6	2026-01-09T15:12:43.4546049Z env:
ðŸš€ Deploy Preview	Run actions/setup-node@v6	2026-01-09T15:12:43.4546707Z   DATABASE_URL: ***
ðŸš€ Deploy Preview	Run actions/setup-node@v6	2026-01-09T15:12:43.4547314Z   DIRECT_URL: ***
ðŸš€ Deploy Preview	Run actions/setup-node@v6	2026-01-09T15:12:43.4547652Z   NEXT_PUBLIC_SUPABASE_URL: ***
ðŸš€ Deploy Preview	Run actions/setup-node@v6	2026-01-09T15:12:43.4548989Z   NEXT_PUBLIC_SUPABASE_ANON_KEY: ***
ðŸš€ Deploy Preview	Run actions/setup-node@v6	2026-01-09T15:12:43.4549267Z   SKIP_ENV_VALIDATION: true
ðŸš€ Deploy Preview	Run actions/setup-node@v6	2026-01-09T15:12:43.4549580Z   PNPM_HOME: /home/runner/setup-pnpm/node_modules/.bin
ðŸš€ Deploy Preview	Run actions/setup-node@v6	2026-01-09T15:12:43.4549912Z ##[endgroup]
ðŸš€ Deploy Preview	Run actions/setup-node@v6	2026-01-09T15:12:43.6024936Z Found in cache @ /opt/hostedtoolcache/node/22.21.1/x64
ðŸš€ Deploy Preview	Run actions/setup-node@v6	2026-01-09T15:12:43.6028676Z (node:2134) [DEP0040] DeprecationWarning: The `punycode` module is deprecated. Please use a userland alternative instead.
ðŸš€ Deploy Preview	Run actions/setup-node@v6	2026-01-09T15:12:43.6029839Z (Use `node --trace-deprecation ...` to show where the warning was created)
ðŸš€ Deploy Preview	Run actions/setup-node@v6	2026-01-09T15:12:43.6032492Z ##[group]Environment details
ðŸš€ Deploy Preview	Run actions/setup-node@v6	2026-01-09T15:12:44.0111978Z node: v22.21.1
ðŸš€ Deploy Preview	Run actions/setup-node@v6	2026-01-09T15:12:44.0112780Z npm: 10.9.4
ðŸš€ Deploy Preview	Run actions/setup-node@v6	2026-01-09T15:12:44.0113358Z yarn: 1.22.22
ðŸš€ Deploy Preview	Run actions/setup-node@v6	2026-01-09T15:12:44.0114538Z ##[endgroup]
ðŸš€ Deploy Preview	Run actions/setup-node@v6	2026-01-09T15:12:44.0136293Z [command]/home/runner/setup-pnpm/node_modules/.bin/pnpm store path --silent
ðŸš€ Deploy Preview	Run actions/setup-node@v6	2026-01-09T15:12:44.4062681Z /home/runner/setup-pnpm/node_modules/.bin/store/v3
ðŸš€ Deploy Preview	Run actions/setup-node@v6	2026-01-09T15:12:44.5035638Z Cache hit for: node-cache-Linux-x64-pnpm-54f7deda900f3429ce8fb03bdc4b5b4b010a0d6aa77e1d9d11f2be24c4674b69
ðŸš€ Deploy Preview	Run actions/setup-node@v6	2026-01-09T15:12:44.5134665Z (node:2134) [DEP0169] DeprecationWarning: `url.parse()` behavior is not standardized and prone to errors that have security implications. Use the WHATWG URL API instead. CVEs are not issued for `url.parse()` vulnerabilities.
ðŸš€ Deploy Preview	Run actions/setup-node@v6	2026-01-09T15:12:45.5382939Z Received 213909504 of 469997009 (45.5%), 203.4 MBs/sec
ðŸš€ Deploy Preview	Run actions/setup-node@v6	2026-01-09T15:12:46.5391466Z Received 427819008 of 469997009 (91.0%), 203.7 MBs/sec
ðŸš€ Deploy Preview	Run actions/setup-node@v6	2026-01-09T15:12:46.7470418Z Received 469997009 of 469997009 (100.0%), 202.7 MBs/sec
ðŸš€ Deploy Preview	Run actions/setup-node@v6	2026-01-09T15:12:46.7472635Z Cache Size: ~448 MB (469997009 B)
ðŸš€ Deploy Preview	Run actions/setup-node@v6	2026-01-09T15:12:46.7508671Z [command]/usr/bin/tar -xf /home/runner/work/_temp/5eab10ea-4168-4d0e-92da-2aaa2ce68150/cache.tzst -P -C /home/runner/work/IronForge/IronForge --use-compress-program unzstd
ðŸš€ Deploy Preview	Run actions/setup-node@v6	2026-01-09T15:12:51.6229699Z Cache restored successfully
ðŸš€ Deploy Preview	Run actions/setup-node@v6	2026-01-09T15:12:51.7087315Z Cache restored from key: node-cache-Linux-x64-pnpm-54f7deda900f3429ce8fb03bdc4b5b4b010a0d6aa77e1d9d11f2be24c4674b69
ðŸš€ Deploy Preview	Install Vercel CLI	ï»¿2026-01-09T15:12:51.7289144Z ##[group]Run npm install --global vercel@latest
ðŸš€ Deploy Preview	Install Vercel CLI	2026-01-09T15:12:51.7289595Z [36;1mnpm install --global vercel@latest[0m
ðŸš€ Deploy Preview	Install Vercel CLI	2026-01-09T15:12:51.7340268Z shell: /usr/bin/bash -e {0}
ðŸš€ Deploy Preview	Install Vercel CLI	2026-01-09T15:12:51.7340556Z env:
ðŸš€ Deploy Preview	Install Vercel CLI	2026-01-09T15:12:51.7341546Z   DATABASE_URL: ***
ðŸš€ Deploy Preview	Install Vercel CLI	2026-01-09T15:12:51.7342383Z   DIRECT_URL: ***
ðŸš€ Deploy Preview	Install Vercel CLI	2026-01-09T15:12:51.7342754Z   NEXT_PUBLIC_SUPABASE_URL: ***
ðŸš€ Deploy Preview	Install Vercel CLI	2026-01-09T15:12:51.7344098Z   NEXT_PUBLIC_SUPABASE_ANON_KEY: ***
ðŸš€ Deploy Preview	Install Vercel CLI	2026-01-09T15:12:51.7344389Z   SKIP_ENV_VALIDATION: true
ðŸš€ Deploy Preview	Install Vercel CLI	2026-01-09T15:12:51.7344684Z   PNPM_HOME: /home/runner/setup-pnpm/node_modules/.bin
ðŸš€ Deploy Preview	Install Vercel CLI	2026-01-09T15:12:51.7344993Z ##[endgroup]
ðŸš€ Deploy Preview	Install Vercel CLI	2026-01-09T15:13:02.7335169Z npm warn deprecated path-match@1.2.4: This package is archived and no longer maintained. For support, visit https://github.com/expressjs/express/discussions
ðŸš€ Deploy Preview	Install Vercel CLI	2026-01-09T15:13:04.7439182Z 
ðŸš€ Deploy Preview	Install Vercel CLI	2026-01-09T15:13:04.7451034Z added 289 packages in 13s
ðŸš€ Deploy Preview	Install Vercel CLI	2026-01-09T15:13:04.7453946Z 
ðŸš€ Deploy Preview	Install Vercel CLI	2026-01-09T15:13:04.7454504Z 32 packages are looking for funding
ðŸš€ Deploy Preview	Install Vercel CLI	2026-01-09T15:13:04.7455310Z   run `npm fund` for details
ðŸš€ Deploy Preview	Pull Vercel Environment Information	ï»¿2026-01-09T15:13:04.8119229Z ##[group]Run vercel pull --yes --environment=preview --token=***
ðŸš€ Deploy Preview	Pull Vercel Environment Information	2026-01-09T15:13:04.8119867Z [36;1mvercel pull --yes --environment=preview --token=***[0m
ðŸš€ Deploy Preview	Pull Vercel Environment Information	2026-01-09T15:13:04.8156288Z shell: /usr/bin/bash -e {0}
ðŸš€ Deploy Preview	Pull Vercel Environment Information	2026-01-09T15:13:04.8156586Z env:
ðŸš€ Deploy Preview	Pull Vercel Environment Information	2026-01-09T15:13:04.8157289Z   DATABASE_URL: ***
ðŸš€ Deploy Preview	Pull Vercel Environment Information	2026-01-09T15:13:04.8157900Z   DIRECT_URL: ***
ðŸš€ Deploy Preview	Pull Vercel Environment Information	2026-01-09T15:13:04.8158516Z   NEXT_PUBLIC_SUPABASE_URL: ***
ðŸš€ Deploy Preview	Pull Vercel Environment Information	2026-01-09T15:13:04.8160017Z   NEXT_PUBLIC_SUPABASE_ANON_KEY: ***
ðŸš€ Deploy Preview	Pull Vercel Environment Information	2026-01-09T15:13:04.8160330Z   SKIP_ENV_VALIDATION: true
ðŸš€ Deploy Preview	Pull Vercel Environment Information	2026-01-09T15:13:04.8160662Z   PNPM_HOME: /home/runner/setup-pnpm/node_modules/.bin
ðŸš€ Deploy Preview	Pull Vercel Environment Information	2026-01-09T15:13:04.8161031Z   VERCEL_ORG_ID: ***
ðŸš€ Deploy Preview	Pull Vercel Environment Information	2026-01-09T15:13:04.8161633Z   VERCEL_PROJECT_ID: ***
ðŸš€ Deploy Preview	Pull Vercel Environment Information	2026-01-09T15:13:04.8161891Z ##[endgroup]
ðŸš€ Deploy Preview	Pull Vercel Environment Information	2026-01-09T15:13:05.1852459Z Vercel CLI 50.1.6
ðŸš€ Deploy Preview	Pull Vercel Environment Information	2026-01-09T15:13:05.1909401Z > NOTE: The Vercel CLI now collects telemetry regarding usage of the CLI.
ðŸš€ Deploy Preview	Pull Vercel Environment Information	2026-01-09T15:13:05.1910525Z > This information is used to shape the CLI roadmap and prioritize features.
ðŸš€ Deploy Preview	Pull Vercel Environment Information	2026-01-09T15:13:05.1912189Z > You can learn more, including how to opt-out if you'd not like to participate in this program, by visiting the following URL:
ðŸš€ Deploy Preview	Pull Vercel Environment Information	2026-01-09T15:13:05.1913347Z > https://vercel.com/docs/cli/about-telemetry
ðŸš€ Deploy Preview	Pull Vercel Environment Information	2026-01-09T15:13:05.1952599Z Retrieving projectâ€¦
ðŸš€ Deploy Preview	Pull Vercel Environment Information	2026-01-09T15:13:05.4970186Z > Downloading `preview` Environment Variables for techlemariam/iron-forge
ðŸš€ Deploy Preview	Pull Vercel Environment Information	2026-01-09T15:13:05.4970969Z Downloading
ðŸš€ Deploy Preview	Pull Vercel Environment Information	2026-01-09T15:13:05.6325264Z Created .vercel/.env.preview.local file  [136ms]
ðŸš€ Deploy Preview	Pull Vercel Environment Information	2026-01-09T15:13:05.6325705Z 
ðŸš€ Deploy Preview	Pull Vercel Environment Information	2026-01-09T15:13:05.6325974Z > Downloading project settings
ðŸš€ Deploy Preview	Pull Vercel Environment Information	2026-01-09T15:13:05.6331788Z Downloaded project settings to ~/work/IronForge/IronForge/.vercel/project.json [1ms]
ðŸš€ Deploy Preview	Build and Deploy (Preview)	ï»¿2026-01-09T15:13:05.6553484Z ##[group]Run DEPLOY_URL=$(vercel deploy --token=*** 2>&1 | tail -1)
ðŸš€ Deploy Preview	Build and Deploy (Preview)	2026-01-09T15:13:05.6554431Z [36;1mDEPLOY_URL=$(vercel deploy --token=*** 2>&1 | tail -1)[0m
ðŸš€ Deploy Preview	Build and Deploy (Preview)	2026-01-09T15:13:05.6555060Z [36;1mecho "url=$DEPLOY_URL" >> $GITHUB_OUTPUT[0m
ðŸš€ Deploy Preview	Build and Deploy (Preview)	2026-01-09T15:13:05.6555580Z [36;1mecho "Deployed to: $DEPLOY_URL"[0m
ðŸš€ Deploy Preview	Build and Deploy (Preview)	2026-01-09T15:13:05.6597190Z shell: /usr/bin/bash -e {0}
ðŸš€ Deploy Preview	Build and Deploy (Preview)	2026-01-09T15:13:05.6597831Z env:
ðŸš€ Deploy Preview	Build and Deploy (Preview)	2026-01-09T15:13:05.6598939Z   DATABASE_URL: ***
ðŸš€ Deploy Preview	Build and Deploy (Preview)	2026-01-09T15:13:05.6599897Z   DIRECT_URL: ***
ðŸš€ Deploy Preview	Build and Deploy (Preview)	2026-01-09T15:13:05.6600440Z   NEXT_PUBLIC_SUPABASE_URL: ***
ðŸš€ Deploy Preview	Build and Deploy (Preview)	2026-01-09T15:13:05.6603134Z   NEXT_PUBLIC_SUPABASE_ANON_KEY: ***
ðŸš€ Deploy Preview	Build and Deploy (Preview)	2026-01-09T15:13:05.6603594Z   SKIP_ENV_VALIDATION: true
ðŸš€ Deploy Preview	Build and Deploy (Preview)	2026-01-09T15:13:05.6604071Z   PNPM_HOME: /home/runner/setup-pnpm/node_modules/.bin
ðŸš€ Deploy Preview	Build and Deploy (Preview)	2026-01-09T15:13:05.6604643Z   VERCEL_ORG_ID: ***
ðŸš€ Deploy Preview	Build and Deploy (Preview)	2026-01-09T15:13:05.6605108Z   VERCEL_PROJECT_ID: ***
ðŸš€ Deploy Preview	Build and Deploy (Preview)	2026-01-09T15:13:05.6605478Z ##[endgroup]
ðŸš€ Deploy Preview	Build and Deploy (Preview)	2026-01-09T15:13:37.2723581Z Deployed to: Error: Command "pnpm run build" exited with 1
ðŸš€ Deploy Preview	Comment Preview URL on PR	ï»¿2026-01-09T15:13:37.2820018Z ##[group]Run actions/github-script@v8
ðŸš€ Deploy Preview	Comment Preview URL on PR	2026-01-09T15:13:37.2820359Z with:
ðŸš€ Deploy Preview	Comment Preview URL on PR	2026-01-09T15:13:37.2823389Z   script: const url = 'Error: Command "pnpm run build" exited with 1';
ðŸš€ Deploy Preview	Comment Preview URL on PR	const sha = context.sha.substring(0, 7);
ðŸš€ Deploy Preview	Comment Preview URL on PR	const body = `## ðŸš€ Preview Deployment Ready!\n\n` +
ðŸš€ Deploy Preview	Comment Preview URL on PR	  `| Environment | URL |\n` +
ðŸš€ Deploy Preview	Comment Preview URL on PR	  `|-------------|-----|\n` +
ðŸš€ Deploy Preview	Comment Preview URL on PR	  `| **Preview** | [${url}](${url}) |\n\n` +
ðŸš€ Deploy Preview	Comment Preview URL on PR	  `*Deployed from commit \`${sha}\`*`;
ðŸš€ Deploy Preview	Comment Preview URL on PR	
ðŸš€ Deploy Preview	Comment Preview URL on PR	const { data: comments } = await github.rest.issues.listComments({
ðŸš€ Deploy Preview	Comment Preview URL on PR	  owner: context.repo.owner,
ðŸš€ Deploy Preview	Comment Preview URL on PR	  repo: context.repo.repo,
ðŸš€ Deploy Preview	Comment Preview URL on PR	  issue_number: context.issue.number,
ðŸš€ Deploy Preview	Comment Preview URL on PR	});
ðŸš€ Deploy Preview	Comment Preview URL on PR	const botComment = comments.find(c => 
ðŸš€ Deploy Preview	Comment Preview URL on PR	  c.user.type === 'Bot' && c.body.includes('Preview Deployment Ready')
ðŸš€ Deploy Preview	Comment Preview URL on PR	);
ðŸš€ Deploy Preview	Comment Preview URL on PR	
ðŸš€ Deploy Preview	Comment Preview URL on PR	if (botComment) {
ðŸš€ Deploy Preview	Comment Preview URL on PR	  await github.rest.issues.updateComment({
ðŸš€ Deploy Preview	Comment Preview URL on PR	    owner: context.repo.owner,
ðŸš€ Deploy Preview	Comment Preview URL on PR	    repo: context.repo.repo,
ðŸš€ Deploy Preview	Comment Preview URL on PR	    comment_id: botComment.id,
ðŸš€ Deploy Preview	Comment Preview URL on PR	    body
ðŸš€ Deploy Preview	Comment Preview URL on PR	  });
ðŸš€ Deploy Preview	Comment Preview URL on PR	} else {
ðŸš€ Deploy Preview	Comment Preview URL on PR	  await github.rest.issues.createComment({
ðŸš€ Deploy Preview	Comment Preview URL on PR	    owner: context.repo.owner,
ðŸš€ Deploy Preview	Comment Preview URL on PR	    repo: context.repo.repo,
ðŸš€ Deploy Preview	Comment Preview URL on PR	    issue_number: context.issue.number,
ðŸš€ Deploy Preview	Comment Preview URL on PR	    body
ðŸš€ Deploy Preview	Comment Preview URL on PR	  });
ðŸš€ Deploy Preview	Comment Preview URL on PR	}
ðŸš€ Deploy Preview	Comment Preview URL on PR	
ðŸš€ Deploy Preview	Comment Preview URL on PR	2026-01-09T15:13:37.2826450Z   github-token: ***
ðŸš€ Deploy Preview	Comment Preview URL on PR	2026-01-09T15:13:37.2826696Z   debug: false
ðŸš€ Deploy Preview	Comment Preview URL on PR	2026-01-09T15:13:37.2826953Z   user-agent: actions/github-script
ðŸš€ Deploy Preview	Comment Preview URL on PR	2026-01-09T15:13:37.2827242Z   result-encoding: json
ðŸš€ Deploy Preview	Comment Preview URL on PR	2026-01-09T15:13:37.2827484Z   retries: 0
ðŸš€ Deploy Preview	Comment Preview URL on PR	2026-01-09T15:13:37.2827743Z   retry-exempt-status-codes: 400,401,403,404,422
ðŸš€ Deploy Preview	Comment Preview URL on PR	2026-01-09T15:13:37.2828051Z env:
ðŸš€ Deploy Preview	Comment Preview URL on PR	2026-01-09T15:13:37.2828734Z   DATABASE_URL: ***
ðŸš€ Deploy Preview	Comment Preview URL on PR	2026-01-09T15:13:37.2829315Z   DIRECT_URL: ***
ðŸš€ Deploy Preview	Comment Preview URL on PR	2026-01-09T15:13:37.2829669Z   NEXT_PUBLIC_SUPABASE_URL: ***
ðŸš€ Deploy Preview	Comment Preview URL on PR	2026-01-09T15:13:37.2831008Z   NEXT_PUBLIC_SUPABASE_ANON_KEY: ***
ðŸš€ Deploy Preview	Comment Preview URL on PR	2026-01-09T15:13:37.2831490Z   SKIP_ENV_VALIDATION: true
ðŸš€ Deploy Preview	Comment Preview URL on PR	2026-01-09T15:13:37.2831808Z   PNPM_HOME: /home/runner/setup-pnpm/node_modules/.bin
ðŸš€ Deploy Preview	Comment Preview URL on PR	2026-01-09T15:13:37.2832134Z ##[endgroup]
ðŸš€ Deploy Preview	Post Run actions/setup-node@v6	ï»¿2026-01-09T15:13:38.1923541Z Post job cleanup.
ðŸš€ Deploy Preview	Post Run actions/setup-node@v6	2026-01-09T15:13:38.3071925Z (node:2326) [DEP0040] DeprecationWarning: The `punycode` module is deprecated. Please use a userland alternative instead.
ðŸš€ Deploy Preview	Post Run actions/setup-node@v6	2026-01-09T15:13:38.3073501Z (Use `node --trace-deprecation ...` to show where the warning was created)
ðŸš€ Deploy Preview	Post Run actions/setup-node@v6	2026-01-09T15:13:38.3076908Z Cache hit occurred on the primary key node-cache-Linux-x64-pnpm-54f7deda900f3429ce8fb03bdc4b5b4b010a0d6aa77e1d9d11f2be24c4674b69, not saving cache.
ðŸš€ Deploy Preview	Post Run pnpm/action-setup@v4	ï»¿2026-01-09T15:13:38.3180419Z Post job cleanup.
ðŸš€ Deploy Preview	Post Run pnpm/action-setup@v4	2026-01-09T15:13:38.3715505Z Pruning is unnecessary.
ðŸš€ Deploy Preview	Post Run actions/checkout@v4	ï»¿2026-01-09T15:13:38.3811529Z Post job cleanup.
ðŸš€ Deploy Preview	Post Run actions/checkout@v4	2026-01-09T15:13:38.4744181Z [command]/usr/bin/git version
ðŸš€ Deploy Preview	Post Run actions/checkout@v4	2026-01-09T15:13:38.4779474Z git version 2.52.0
ðŸš€ Deploy Preview	Post Run actions/checkout@v4	2026-01-09T15:13:38.4827777Z Temporarily overriding HOME='/home/runner/work/_temp/61c04a9c-089b-4a63-97e1-48447971ac67' before making global git config changes
ðŸš€ Deploy Preview	Post Run actions/checkout@v4	2026-01-09T15:13:38.4829236Z Adding repository directory to the temporary git global config as a safe directory
ðŸš€ Deploy Preview	Post Run actions/checkout@v4	2026-01-09T15:13:38.4832981Z [command]/usr/bin/git config --global --add safe.directory /home/runner/work/IronForge/IronForge
ðŸš€ Deploy Preview	Post Run actions/checkout@v4	2026-01-09T15:13:38.4865933Z [command]/usr/bin/git config --local --name-only --get-regexp core\.sshCommand
ðŸš€ Deploy Preview	Post Run actions/checkout@v4	2026-01-09T15:13:38.4896682Z [command]/usr/bin/git submodule foreach --recursive sh -c "git config --local --name-only --get-regexp 'core\.sshCommand' && git config --local --unset-all 'core.sshCommand' || :"
ðŸš€ Deploy Preview	Post Run actions/checkout@v4	2026-01-09T15:13:38.5122715Z [command]/usr/bin/git config --local --name-only --get-regexp http\.https\:\/\/github\.com\/\.extraheader
ðŸš€ Deploy Preview	Post Run actions/checkout@v4	2026-01-09T15:13:38.5142405Z http.https://github.com/.extraheader
ðŸš€ Deploy Preview	Post Run actions/checkout@v4	2026-01-09T15:13:38.5154434Z [command]/usr/bin/git config --local --unset-all http.https://github.com/.extraheader
ðŸš€ Deploy Preview	Post Run actions/checkout@v4	2026-01-09T15:13:38.5188731Z [command]/usr/bin/git submodule foreach --recursive sh -c "git config --local --name-only --get-regexp 'http\.https\:\/\/github\.com\/\.extraheader' && git config --local --unset-all 'http.https://github.com/.extraheader' || :"
ðŸš€ Deploy Preview	Post Run actions/checkout@v4	2026-01-09T15:13:38.5429438Z [command]/usr/bin/git config --local --name-only --get-regexp ^includeIf\.gitdir:
ðŸš€ Deploy Preview	Post Run actions/checkout@v4	2026-01-09T15:13:38.5465926Z [command]/usr/bin/git submodule foreach --recursive git config --local --show-origin --name-only --get-regexp remote.origin.url
ðŸš€ Deploy Preview	Complete job	ï»¿2026-01-09T15:13:38.5823137Z Evaluate and set environment url
ðŸš€ Deploy Preview	Complete job	2026-01-09T15:13:38.5826145Z Evaluated environment url: Error: Command "pnpm run build" exited with 1
ðŸš€ Deploy Preview	Complete job	2026-01-09T15:13:38.5827050Z Cleaning up orphan processes
