âš¡ Performance Audit	Set up job	ï»¿2026-01-09T15:09:31.1116617Z Current runner version: '2.330.0'
âš¡ Performance Audit	Set up job	2026-01-09T15:09:31.1141763Z ##[group]Runner Image Provisioner
âš¡ Performance Audit	Set up job	2026-01-09T15:09:31.1142892Z Hosted Compute Agent
âš¡ Performance Audit	Set up job	2026-01-09T15:09:31.1143460Z Version: 20251211.462
âš¡ Performance Audit	Set up job	2026-01-09T15:09:31.1144109Z Commit: 6cbad8c2bb55d58165063d031ccabf57e2d2db61
âš¡ Performance Audit	Set up job	2026-01-09T15:09:31.1144916Z Build Date: 2025-12-11T16:28:49Z
âš¡ Performance Audit	Set up job	2026-01-09T15:09:31.1145599Z Worker ID: {608e012b-d2b6-49a6-b6a0-57aee2641774}
âš¡ Performance Audit	Set up job	2026-01-09T15:09:31.1146332Z ##[endgroup]
âš¡ Performance Audit	Set up job	2026-01-09T15:09:31.1146947Z ##[group]Operating System
âš¡ Performance Audit	Set up job	2026-01-09T15:09:31.1147543Z Ubuntu
âš¡ Performance Audit	Set up job	2026-01-09T15:09:31.1148156Z 24.04.3
âš¡ Performance Audit	Set up job	2026-01-09T15:09:31.1148676Z LTS
âš¡ Performance Audit	Set up job	2026-01-09T15:09:31.1149207Z ##[endgroup]
âš¡ Performance Audit	Set up job	2026-01-09T15:09:31.1149790Z ##[group]Runner Image
âš¡ Performance Audit	Set up job	2026-01-09T15:09:31.1150384Z Image: ubuntu-24.04
âš¡ Performance Audit	Set up job	2026-01-09T15:09:31.1150929Z Version: 20260105.202.1
âš¡ Performance Audit	Set up job	2026-01-09T15:09:31.1152303Z Included Software: https://github.com/actions/runner-images/blob/ubuntu24/20260105.202/images/ubuntu/Ubuntu2404-Readme.md
âš¡ Performance Audit	Set up job	2026-01-09T15:09:31.1153768Z Image Release: https://github.com/actions/runner-images/releases/tag/ubuntu24%2F20260105.202
âš¡ Performance Audit	Set up job	2026-01-09T15:09:31.1155085Z ##[endgroup]
âš¡ Performance Audit	Set up job	2026-01-09T15:09:31.1156227Z ##[group]GITHUB_TOKEN Permissions
âš¡ Performance Audit	Set up job	2026-01-09T15:09:31.1158435Z Contents: read
âš¡ Performance Audit	Set up job	2026-01-09T15:09:31.1159074Z Metadata: read
âš¡ Performance Audit	Set up job	2026-01-09T15:09:31.1159721Z Packages: read
âš¡ Performance Audit	Set up job	2026-01-09T15:09:31.1160290Z ##[endgroup]
âš¡ Performance Audit	Set up job	2026-01-09T15:09:31.1162999Z Secret source: Actions
âš¡ Performance Audit	Set up job	2026-01-09T15:09:31.1164083Z Prepare workflow directory
âš¡ Performance Audit	Set up job	2026-01-09T15:09:31.1698634Z Prepare all required actions
âš¡ Performance Audit	Set up job	2026-01-09T15:09:31.1734934Z Getting action download info
âš¡ Performance Audit	Set up job	2026-01-09T15:09:31.6260816Z Download action repository 'actions/checkout@v4' (SHA:34e114876b0b11c390a56381ad16ebd13914f8d5)
âš¡ Performance Audit	Set up job	2026-01-09T15:09:31.7438889Z Download action repository 'pnpm/action-setup@v4' (SHA:41ff72655975bd51cab0327fa583b6e92b6d3061)
âš¡ Performance Audit	Set up job	2026-01-09T15:09:32.3655207Z Download action repository 'actions/setup-node@v6' (SHA:395ad3262231945c25e8478fd5baf05154b1d79f)
âš¡ Performance Audit	Set up job	2026-01-09T15:09:32.5684479Z Complete job name: âš¡ Performance Audit
âš¡ Performance Audit	Run actions/checkout@v4	ï»¿2026-01-09T15:09:32.6442293Z ##[group]Run actions/checkout@v4
âš¡ Performance Audit	Run actions/checkout@v4	2026-01-09T15:09:32.6443707Z with:
âš¡ Performance Audit	Run actions/checkout@v4	2026-01-09T15:09:32.6444501Z   repository: Techlemariam/IronForge
âš¡ Performance Audit	Run actions/checkout@v4	2026-01-09T15:09:32.6445845Z   token: ***
âš¡ Performance Audit	Run actions/checkout@v4	2026-01-09T15:09:32.6446606Z   ssh-strict: true
âš¡ Performance Audit	Run actions/checkout@v4	2026-01-09T15:09:32.6447401Z   ssh-user: git
âš¡ Performance Audit	Run actions/checkout@v4	2026-01-09T15:09:32.6448216Z   persist-credentials: true
âš¡ Performance Audit	Run actions/checkout@v4	2026-01-09T15:09:32.6449121Z   clean: true
âš¡ Performance Audit	Run actions/checkout@v4	2026-01-09T15:09:32.6449943Z   sparse-checkout-cone-mode: true
âš¡ Performance Audit	Run actions/checkout@v4	2026-01-09T15:09:32.6450944Z   fetch-depth: 1
âš¡ Performance Audit	Run actions/checkout@v4	2026-01-09T15:09:32.6451954Z   fetch-tags: false
âš¡ Performance Audit	Run actions/checkout@v4	2026-01-09T15:09:32.6452805Z   show-progress: true
âš¡ Performance Audit	Run actions/checkout@v4	2026-01-09T15:09:32.6453626Z   lfs: false
âš¡ Performance Audit	Run actions/checkout@v4	2026-01-09T15:09:32.6454374Z   submodules: false
âš¡ Performance Audit	Run actions/checkout@v4	2026-01-09T15:09:32.6455223Z   set-safe-directory: true
âš¡ Performance Audit	Run actions/checkout@v4	2026-01-09T15:09:32.6456408Z env:
âš¡ Performance Audit	Run actions/checkout@v4	2026-01-09T15:09:32.6458735Z   DATABASE_URL: ***
âš¡ Performance Audit	Run actions/checkout@v4	2026-01-09T15:09:32.6460834Z   DIRECT_URL: ***
âš¡ Performance Audit	Run actions/checkout@v4	2026-01-09T15:09:32.6462274Z   NEXT_PUBLIC_SUPABASE_URL: ***
âš¡ Performance Audit	Run actions/checkout@v4	2026-01-09T15:09:32.6467195Z   NEXT_PUBLIC_SUPABASE_ANON_KEY: ***
âš¡ Performance Audit	Run actions/checkout@v4	2026-01-09T15:09:32.6468253Z   SKIP_ENV_VALIDATION: true
âš¡ Performance Audit	Run actions/checkout@v4	2026-01-09T15:09:32.6469189Z ##[endgroup]
âš¡ Performance Audit	Run actions/checkout@v4	2026-01-09T15:09:32.7577180Z Syncing repository: Techlemariam/IronForge
âš¡ Performance Audit	Run actions/checkout@v4	2026-01-09T15:09:32.7581822Z ##[group]Getting Git version info
âš¡ Performance Audit	Run actions/checkout@v4	2026-01-09T15:09:32.7584081Z Working directory is '/home/runner/work/IronForge/IronForge'
âš¡ Performance Audit	Run actions/checkout@v4	2026-01-09T15:09:32.7587401Z [command]/usr/bin/git version
âš¡ Performance Audit	Run actions/checkout@v4	2026-01-09T15:09:32.7667526Z git version 2.52.0
âš¡ Performance Audit	Run actions/checkout@v4	2026-01-09T15:09:32.7695903Z ##[endgroup]
âš¡ Performance Audit	Run actions/checkout@v4	2026-01-09T15:09:32.7719393Z Temporarily overriding HOME='/home/runner/work/_temp/fa77965d-981e-4ea6-9a8c-d5b7116a2bdc' before making global git config changes
âš¡ Performance Audit	Run actions/checkout@v4	2026-01-09T15:09:32.7724468Z Adding repository directory to the temporary git global config as a safe directory
âš¡ Performance Audit	Run actions/checkout@v4	2026-01-09T15:09:32.7728325Z [command]/usr/bin/git config --global --add safe.directory /home/runner/work/IronForge/IronForge
âš¡ Performance Audit	Run actions/checkout@v4	2026-01-09T15:09:32.7773219Z Deleting the contents of '/home/runner/work/IronForge/IronForge'
âš¡ Performance Audit	Run actions/checkout@v4	2026-01-09T15:09:32.7777263Z ##[group]Initializing the repository
âš¡ Performance Audit	Run actions/checkout@v4	2026-01-09T15:09:32.7782707Z [command]/usr/bin/git init /home/runner/work/IronForge/IronForge
âš¡ Performance Audit	Run actions/checkout@v4	2026-01-09T15:09:32.7907705Z hint: Using 'master' as the name for the initial branch. This default branch name
âš¡ Performance Audit	Run actions/checkout@v4	2026-01-09T15:09:32.7909911Z hint: will change to "main" in Git 3.0. To configure the initial branch name
âš¡ Performance Audit	Run actions/checkout@v4	2026-01-09T15:09:32.7912790Z hint: to use in all of your new repositories, which will suppress this warning,
âš¡ Performance Audit	Run actions/checkout@v4	2026-01-09T15:09:32.7915353Z hint: call:
âš¡ Performance Audit	Run actions/checkout@v4	2026-01-09T15:09:32.7916606Z hint:
âš¡ Performance Audit	Run actions/checkout@v4	2026-01-09T15:09:32.7918210Z hint: 	git config --global init.defaultBranch <name>
âš¡ Performance Audit	Run actions/checkout@v4	2026-01-09T15:09:32.7920226Z hint:
âš¡ Performance Audit	Run actions/checkout@v4	2026-01-09T15:09:32.7922289Z hint: Names commonly chosen instead of 'master' are 'main', 'trunk' and
âš¡ Performance Audit	Run actions/checkout@v4	2026-01-09T15:09:32.7925602Z hint: 'development'. The just-created branch can be renamed via this command:
âš¡ Performance Audit	Run actions/checkout@v4	2026-01-09T15:09:32.7928087Z hint:
âš¡ Performance Audit	Run actions/checkout@v4	2026-01-09T15:09:32.7929267Z hint: 	git branch -m <name>
âš¡ Performance Audit	Run actions/checkout@v4	2026-01-09T15:09:32.7930648Z hint:
âš¡ Performance Audit	Run actions/checkout@v4	2026-01-09T15:09:32.7932490Z hint: Disable this message with "git config set advice.defaultBranchName false"
âš¡ Performance Audit	Run actions/checkout@v4	2026-01-09T15:09:32.7934628Z Initialized empty Git repository in /home/runner/work/IronForge/IronForge/.git/
âš¡ Performance Audit	Run actions/checkout@v4	2026-01-09T15:09:32.7938600Z [command]/usr/bin/git remote add origin https://github.com/Techlemariam/IronForge
âš¡ Performance Audit	Run actions/checkout@v4	2026-01-09T15:09:32.7962463Z ##[endgroup]
âš¡ Performance Audit	Run actions/checkout@v4	2026-01-09T15:09:32.7964894Z ##[group]Disabling automatic garbage collection
âš¡ Performance Audit	Run actions/checkout@v4	2026-01-09T15:09:32.7967130Z [command]/usr/bin/git config --local gc.auto 0
âš¡ Performance Audit	Run actions/checkout@v4	2026-01-09T15:09:32.7996645Z ##[endgroup]
âš¡ Performance Audit	Run actions/checkout@v4	2026-01-09T15:09:32.7998870Z ##[group]Setting up auth
âš¡ Performance Audit	Run actions/checkout@v4	2026-01-09T15:09:32.8004119Z [command]/usr/bin/git config --local --name-only --get-regexp core\.sshCommand
âš¡ Performance Audit	Run actions/checkout@v4	2026-01-09T15:09:32.8037339Z [command]/usr/bin/git submodule foreach --recursive sh -c "git config --local --name-only --get-regexp 'core\.sshCommand' && git config --local --unset-all 'core.sshCommand' || :"
âš¡ Performance Audit	Run actions/checkout@v4	2026-01-09T15:09:32.8407478Z [command]/usr/bin/git config --local --name-only --get-regexp http\.https\:\/\/github\.com\/\.extraheader
âš¡ Performance Audit	Run actions/checkout@v4	2026-01-09T15:09:32.8441669Z [command]/usr/bin/git submodule foreach --recursive sh -c "git config --local --name-only --get-regexp 'http\.https\:\/\/github\.com\/\.extraheader' && git config --local --unset-all 'http.https://github.com/.extraheader' || :"
âš¡ Performance Audit	Run actions/checkout@v4	2026-01-09T15:09:32.8656514Z [command]/usr/bin/git config --local --name-only --get-regexp ^includeIf\.gitdir:
âš¡ Performance Audit	Run actions/checkout@v4	2026-01-09T15:09:32.8697339Z [command]/usr/bin/git submodule foreach --recursive git config --local --show-origin --name-only --get-regexp remote.origin.url
âš¡ Performance Audit	Run actions/checkout@v4	2026-01-09T15:09:32.8919470Z [command]/usr/bin/git config --local http.https://github.com/.extraheader AUTHORIZATION: basic ***
âš¡ Performance Audit	Run actions/checkout@v4	2026-01-09T15:09:32.8953865Z ##[endgroup]
âš¡ Performance Audit	Run actions/checkout@v4	2026-01-09T15:09:32.8956245Z ##[group]Fetching the repository
âš¡ Performance Audit	Run actions/checkout@v4	2026-01-09T15:09:32.8965384Z [command]/usr/bin/git -c protocol.version=2 fetch --no-tags --prune --no-recurse-submodules --depth=1 origin +f20a30e59062d43c7e80860afafe5b889a9e3895:refs/remotes/pull/43/merge
âš¡ Performance Audit	Run actions/checkout@v4	2026-01-09T15:09:34.0597537Z From https://github.com/Techlemariam/IronForge
âš¡ Performance Audit	Run actions/checkout@v4	2026-01-09T15:09:34.0601764Z  * [new ref]         f20a30e59062d43c7e80860afafe5b889a9e3895 -> pull/43/merge
âš¡ Performance Audit	Run actions/checkout@v4	2026-01-09T15:09:34.0633835Z ##[endgroup]
âš¡ Performance Audit	Run actions/checkout@v4	2026-01-09T15:09:34.0636142Z ##[group]Determining the checkout info
âš¡ Performance Audit	Run actions/checkout@v4	2026-01-09T15:09:34.0638670Z ##[endgroup]
âš¡ Performance Audit	Run actions/checkout@v4	2026-01-09T15:09:34.0641680Z [command]/usr/bin/git sparse-checkout disable
âš¡ Performance Audit	Run actions/checkout@v4	2026-01-09T15:09:34.0686746Z [command]/usr/bin/git config --local --unset-all extensions.worktreeConfig
âš¡ Performance Audit	Run actions/checkout@v4	2026-01-09T15:09:34.0714935Z ##[group]Checking out the ref
âš¡ Performance Audit	Run actions/checkout@v4	2026-01-09T15:09:34.0718120Z [command]/usr/bin/git checkout --progress --force refs/remotes/pull/43/merge
âš¡ Performance Audit	Run actions/checkout@v4	2026-01-09T15:09:34.1919133Z Note: switching to 'refs/remotes/pull/43/merge'.
âš¡ Performance Audit	Run actions/checkout@v4	2026-01-09T15:09:34.1920529Z 
âš¡ Performance Audit	Run actions/checkout@v4	2026-01-09T15:09:34.1921739Z You are in 'detached HEAD' state. You can look around, make experimental
âš¡ Performance Audit	Run actions/checkout@v4	2026-01-09T15:09:34.1924085Z changes and commit them, and you can discard any commits you make in this
âš¡ Performance Audit	Run actions/checkout@v4	2026-01-09T15:09:34.1926490Z state without impacting any branches by switching back to a branch.
âš¡ Performance Audit	Run actions/checkout@v4	2026-01-09T15:09:34.1928330Z 
âš¡ Performance Audit	Run actions/checkout@v4	2026-01-09T15:09:34.1930054Z If you want to create a new branch to retain commits you create, you may
âš¡ Performance Audit	Run actions/checkout@v4	2026-01-09T15:09:34.1933146Z do so (now or later) by using -c with the switch command. Example:
âš¡ Performance Audit	Run actions/checkout@v4	2026-01-09T15:09:34.1935009Z 
âš¡ Performance Audit	Run actions/checkout@v4	2026-01-09T15:09:34.1935640Z   git switch -c <new-branch-name>
âš¡ Performance Audit	Run actions/checkout@v4	2026-01-09T15:09:34.1936653Z 
âš¡ Performance Audit	Run actions/checkout@v4	2026-01-09T15:09:34.1937319Z Or undo this operation with:
âš¡ Performance Audit	Run actions/checkout@v4	2026-01-09T15:09:34.1938734Z 
âš¡ Performance Audit	Run actions/checkout@v4	2026-01-09T15:09:34.1939411Z   git switch -
âš¡ Performance Audit	Run actions/checkout@v4	2026-01-09T15:09:34.1940306Z 
âš¡ Performance Audit	Run actions/checkout@v4	2026-01-09T15:09:34.1941827Z Turn off this advice by setting config variable advice.detachedHead to false
âš¡ Performance Audit	Run actions/checkout@v4	2026-01-09T15:09:34.1943791Z 
âš¡ Performance Audit	Run actions/checkout@v4	2026-01-09T15:09:34.1945789Z HEAD is now at f20a30e Merge 8761052506116403d11963db37ee00b4c2eaacd3 into 797992aa247e6e906ca9612ad85e136425978670
âš¡ Performance Audit	Run actions/checkout@v4	2026-01-09T15:09:34.1950096Z ##[endgroup]
âš¡ Performance Audit	Run actions/checkout@v4	2026-01-09T15:09:34.1976746Z [command]/usr/bin/git log -1 --format=%H
âš¡ Performance Audit	Run actions/checkout@v4	2026-01-09T15:09:34.2000166Z f20a30e59062d43c7e80860afafe5b889a9e3895
âš¡ Performance Audit	Run pnpm/action-setup@v4	ï»¿2026-01-09T15:09:34.2327692Z ##[group]Run pnpm/action-setup@v4
âš¡ Performance Audit	Run pnpm/action-setup@v4	2026-01-09T15:09:34.2329037Z with:
âš¡ Performance Audit	Run pnpm/action-setup@v4	2026-01-09T15:09:34.2329849Z   dest: ~/setup-pnpm
âš¡ Performance Audit	Run pnpm/action-setup@v4	2026-01-09T15:09:34.2330755Z   run_install: null
âš¡ Performance Audit	Run pnpm/action-setup@v4	2026-01-09T15:09:34.2331831Z   package_json_file: package.json
âš¡ Performance Audit	Run pnpm/action-setup@v4	2026-01-09T15:09:34.2332856Z   standalone: false
âš¡ Performance Audit	Run pnpm/action-setup@v4	2026-01-09T15:09:34.2333666Z env:
âš¡ Performance Audit	Run pnpm/action-setup@v4	2026-01-09T15:09:34.2336075Z   DATABASE_URL: ***
âš¡ Performance Audit	Run pnpm/action-setup@v4	2026-01-09T15:09:34.2338122Z   DIRECT_URL: ***
âš¡ Performance Audit	Run pnpm/action-setup@v4	2026-01-09T15:09:34.2339386Z   NEXT_PUBLIC_SUPABASE_URL: ***
âš¡ Performance Audit	Run pnpm/action-setup@v4	2026-01-09T15:09:34.2344290Z   NEXT_PUBLIC_SUPABASE_ANON_KEY: ***
âš¡ Performance Audit	Run pnpm/action-setup@v4	2026-01-09T15:09:34.2345372Z   SKIP_ENV_VALIDATION: true
âš¡ Performance Audit	Run pnpm/action-setup@v4	2026-01-09T15:09:34.2346290Z ##[endgroup]
âš¡ Performance Audit	Run pnpm/action-setup@v4	2026-01-09T15:09:34.2898444Z ##[group]Running self-installer...
âš¡ Performance Audit	Run pnpm/action-setup@v4	2026-01-09T15:09:34.8092617Z Progress: resolved 1, reused 0, downloaded 0, added 0
âš¡ Performance Audit	Run pnpm/action-setup@v4	2026-01-09T15:09:34.8179197Z Packages: +1
âš¡ Performance Audit	Run pnpm/action-setup@v4	2026-01-09T15:09:34.8179882Z +
âš¡ Performance Audit	Run pnpm/action-setup@v4	2026-01-09T15:09:35.2210669Z Progress: resolved 1, reused 0, downloaded 1, added 1, done
âš¡ Performance Audit	Run pnpm/action-setup@v4	2026-01-09T15:09:35.2499832Z 
âš¡ Performance Audit	Run pnpm/action-setup@v4	2026-01-09T15:09:35.2501121Z dependencies:
âš¡ Performance Audit	Run pnpm/action-setup@v4	2026-01-09T15:09:35.2502559Z + pnpm 9.15.0 (10.27.0 is available)
âš¡ Performance Audit	Run pnpm/action-setup@v4	2026-01-09T15:09:35.2503011Z 
âš¡ Performance Audit	Run pnpm/action-setup@v4	2026-01-09T15:09:35.2532140Z Done in 796ms
âš¡ Performance Audit	Run pnpm/action-setup@v4	2026-01-09T15:09:35.2753148Z ##[endgroup]
âš¡ Performance Audit	Run pnpm/action-setup@v4	2026-01-09T15:09:35.2758021Z Installation Completed!
âš¡ Performance Audit	Run actions/setup-node@v6	ï»¿2026-01-09T15:09:35.2911699Z ##[group]Run actions/setup-node@v6
âš¡ Performance Audit	Run actions/setup-node@v6	2026-01-09T15:09:35.2912037Z with:
âš¡ Performance Audit	Run actions/setup-node@v6	2026-01-09T15:09:35.2912245Z   node-version: 22
âš¡ Performance Audit	Run actions/setup-node@v6	2026-01-09T15:09:35.2912472Z   cache: pnpm
âš¡ Performance Audit	Run actions/setup-node@v6	2026-01-09T15:09:35.2912690Z   check-latest: false
âš¡ Performance Audit	Run actions/setup-node@v6	2026-01-09T15:09:35.2913045Z   token: ***
âš¡ Performance Audit	Run actions/setup-node@v6	2026-01-09T15:09:35.2913282Z   package-manager-cache: true
âš¡ Performance Audit	Run actions/setup-node@v6	2026-01-09T15:09:35.2913586Z env:
âš¡ Performance Audit	Run actions/setup-node@v6	2026-01-09T15:09:35.2914267Z   DATABASE_URL: ***
âš¡ Performance Audit	Run actions/setup-node@v6	2026-01-09T15:09:35.2914899Z   DIRECT_URL: ***
âš¡ Performance Audit	Run actions/setup-node@v6	2026-01-09T15:09:35.2915244Z   NEXT_PUBLIC_SUPABASE_URL: ***
âš¡ Performance Audit	Run actions/setup-node@v6	2026-01-09T15:09:35.2916608Z   NEXT_PUBLIC_SUPABASE_ANON_KEY: ***
âš¡ Performance Audit	Run actions/setup-node@v6	2026-01-09T15:09:35.2916895Z   SKIP_ENV_VALIDATION: true
âš¡ Performance Audit	Run actions/setup-node@v6	2026-01-09T15:09:35.2917217Z   PNPM_HOME: /home/runner/setup-pnpm/node_modules/.bin
âš¡ Performance Audit	Run actions/setup-node@v6	2026-01-09T15:09:35.2917543Z ##[endgroup]
âš¡ Performance Audit	Run actions/setup-node@v6	2026-01-09T15:09:35.4329268Z Found in cache @ /opt/hostedtoolcache/node/22.21.1/x64
âš¡ Performance Audit	Run actions/setup-node@v6	2026-01-09T15:09:35.4333830Z (node:2216) [DEP0040] DeprecationWarning: The `punycode` module is deprecated. Please use a userland alternative instead.
âš¡ Performance Audit	Run actions/setup-node@v6	2026-01-09T15:09:35.4334799Z (Use `node --trace-deprecation ...` to show where the warning was created)
âš¡ Performance Audit	Run actions/setup-node@v6	2026-01-09T15:09:35.4336397Z ##[group]Environment details
âš¡ Performance Audit	Run actions/setup-node@v6	2026-01-09T15:09:35.8193195Z node: v22.21.1
âš¡ Performance Audit	Run actions/setup-node@v6	2026-01-09T15:09:35.8193714Z npm: 10.9.4
âš¡ Performance Audit	Run actions/setup-node@v6	2026-01-09T15:09:35.8194091Z yarn: 1.22.22
âš¡ Performance Audit	Run actions/setup-node@v6	2026-01-09T15:09:35.8194989Z ##[endgroup]
âš¡ Performance Audit	Run actions/setup-node@v6	2026-01-09T15:09:35.8219315Z [command]/home/runner/setup-pnpm/node_modules/.bin/pnpm store path --silent
âš¡ Performance Audit	Run actions/setup-node@v6	2026-01-09T15:09:36.3259753Z /home/runner/setup-pnpm/node_modules/.bin/store/v3
âš¡ Performance Audit	Run actions/setup-node@v6	2026-01-09T15:09:36.5828952Z Cache hit for: node-cache-Linux-x64-pnpm-54f7deda900f3429ce8fb03bdc4b5b4b010a0d6aa77e1d9d11f2be24c4674b69
âš¡ Performance Audit	Run actions/setup-node@v6	2026-01-09T15:09:36.5934318Z (node:2216) [DEP0169] DeprecationWarning: `url.parse()` behavior is not standardized and prone to errors that have security implications. Use the WHATWG URL API instead. CVEs are not issued for `url.parse()` vulnerabilities.
âš¡ Performance Audit	Run actions/setup-node@v6	2026-01-09T15:09:37.8780753Z Received 8388608 of 469997009 (1.8%), 8.0 MBs/sec
âš¡ Performance Audit	Run actions/setup-node@v6	2026-01-09T15:09:38.8785983Z Received 134217728 of 469997009 (28.6%), 64.0 MBs/sec
âš¡ Performance Audit	Run actions/setup-node@v6	2026-01-09T15:09:39.8835442Z Received 264241152 of 469997009 (56.2%), 83.9 MBs/sec
âš¡ Performance Audit	Run actions/setup-node@v6	2026-01-09T15:09:40.8803998Z Received 364904448 of 469997009 (77.6%), 86.9 MBs/sec
âš¡ Performance Audit	Run actions/setup-node@v6	2026-01-09T15:09:41.8742356Z Received 469997009 of 469997009 (100.0%), 89.7 MBs/sec
âš¡ Performance Audit	Run actions/setup-node@v6	2026-01-09T15:09:41.8743547Z Cache Size: ~448 MB (469997009 B)
âš¡ Performance Audit	Run actions/setup-node@v6	2026-01-09T15:09:41.8779436Z [command]/usr/bin/tar -xf /home/runner/work/_temp/58cf6be7-e8a7-4a20-8e8c-477a1a7841fa/cache.tzst -P -C /home/runner/work/IronForge/IronForge --use-compress-program unzstd
âš¡ Performance Audit	Run actions/setup-node@v6	2026-01-09T15:09:46.9968281Z Cache restored successfully
âš¡ Performance Audit	Run actions/setup-node@v6	2026-01-09T15:09:47.0981013Z Cache restored from key: node-cache-Linux-x64-pnpm-54f7deda900f3429ce8fb03bdc4b5b4b010a0d6aa77e1d9d11f2be24c4674b69
âš¡ Performance Audit	Run pnpm install --frozen-lockfile	ï»¿2026-01-09T15:09:47.1173886Z ##[group]Run pnpm install --frozen-lockfile
âš¡ Performance Audit	Run pnpm install --frozen-lockfile	2026-01-09T15:09:47.1174347Z [36;1mpnpm install --frozen-lockfile[0m
âš¡ Performance Audit	Run pnpm install --frozen-lockfile	2026-01-09T15:09:47.1217901Z shell: /usr/bin/bash -e {0}
âš¡ Performance Audit	Run pnpm install --frozen-lockfile	2026-01-09T15:09:47.1218185Z env:
âš¡ Performance Audit	Run pnpm install --frozen-lockfile	2026-01-09T15:09:47.1219217Z   DATABASE_URL: ***
âš¡ Performance Audit	Run pnpm install --frozen-lockfile	2026-01-09T15:09:47.1219830Z   DIRECT_URL: ***
âš¡ Performance Audit	Run pnpm install --frozen-lockfile	2026-01-09T15:09:47.1220178Z   NEXT_PUBLIC_SUPABASE_URL: ***
âš¡ Performance Audit	Run pnpm install --frozen-lockfile	2026-01-09T15:09:47.1221714Z   NEXT_PUBLIC_SUPABASE_ANON_KEY: ***
âš¡ Performance Audit	Run pnpm install --frozen-lockfile	2026-01-09T15:09:47.1222007Z   SKIP_ENV_VALIDATION: true
âš¡ Performance Audit	Run pnpm install --frozen-lockfile	2026-01-09T15:09:47.1222298Z   PNPM_HOME: /home/runner/setup-pnpm/node_modules/.bin
âš¡ Performance Audit	Run pnpm install --frozen-lockfile	2026-01-09T15:09:47.1222605Z ##[endgroup]
âš¡ Performance Audit	Run pnpm install --frozen-lockfile	2026-01-09T15:09:47.5834122Z Lockfile is up to date, resolution step is skipped
âš¡ Performance Audit	Run pnpm install --frozen-lockfile	2026-01-09T15:09:47.6972234Z Progress: resolved 1, reused 0, downloaded 0, added 0
âš¡ Performance Audit	Run pnpm install --frozen-lockfile	2026-01-09T15:09:47.9154446Z Packages: +1542
âš¡ Performance Audit	Run pnpm install --frozen-lockfile	2026-01-09T15:09:47.9159281Z ++++++++++++++++++++++++++++++++++++++++++++++++++++++++++++++++++++++++++++++++
âš¡ Performance Audit	Run pnpm install --frozen-lockfile	2026-01-09T15:09:48.6999568Z Progress: resolved 1542, reused 1099, downloaded 0, added 0
âš¡ Performance Audit	Run pnpm install --frozen-lockfile	2026-01-09T15:09:49.7003898Z Progress: resolved 1542, reused 1542, downloaded 0, added 607
âš¡ Performance Audit	Run pnpm install --frozen-lockfile	2026-01-09T15:09:50.6420636Z Progress: resolved 1542, reused 1542, downloaded 0, added 1542, done
âš¡ Performance Audit	Run pnpm install --frozen-lockfile	2026-01-09T15:09:51.7509411Z 
âš¡ Performance Audit	Run pnpm install --frozen-lockfile	2026-01-09T15:09:51.7510138Z dependencies:
âš¡ Performance Audit	Run pnpm install --frozen-lockfile	2026-01-09T15:09:51.7510717Z + @ai-sdk/google 3.0.6
âš¡ Performance Audit	Run pnpm install --frozen-lockfile	2026-01-09T15:09:51.7511253Z + @ai-sdk/react 3.0.19
âš¡ Performance Audit	Run pnpm install --frozen-lockfile	2026-01-09T15:09:51.7512096Z + @capacitor/android 8.0.0
âš¡ Performance Audit	Run pnpm install --frozen-lockfile	2026-01-09T15:09:51.7512667Z + @capacitor/cli 8.0.0
âš¡ Performance Audit	Run pnpm install --frozen-lockfile	2026-01-09T15:09:51.7513201Z + @capacitor/core 8.0.0
âš¡ Performance Audit	Run pnpm install --frozen-lockfile	2026-01-09T15:09:51.7513708Z + @google/genai 1.34.0
âš¡ Performance Audit	Run pnpm install --frozen-lockfile	2026-01-09T15:09:51.7514195Z + @mediapipe/tasks-vision 0.10.21
âš¡ Performance Audit	Run pnpm install --frozen-lockfile	2026-01-09T15:09:51.7514718Z + @neondatabase/serverless 1.0.2
âš¡ Performance Audit	Run pnpm install --frozen-lockfile	2026-01-09T15:09:51.7515266Z + @prisma/adapter-neon 7.2.0
âš¡ Performance Audit	Run pnpm install --frozen-lockfile	2026-01-09T15:09:51.7515787Z + @prisma/adapter-pg 7.2.0
âš¡ Performance Audit	Run pnpm install --frozen-lockfile	2026-01-09T15:09:51.7516294Z + @prisma/client 7.2.0
âš¡ Performance Audit	Run pnpm install --frozen-lockfile	2026-01-09T15:09:51.7516835Z + @radix-ui/react-avatar 1.1.11
âš¡ Performance Audit	Run pnpm install --frozen-lockfile	2026-01-09T15:09:51.7517428Z + @radix-ui/react-dialog 1.1.15
âš¡ Performance Audit	Run pnpm install --frozen-lockfile	2026-01-09T15:09:51.7518010Z + @radix-ui/react-label 2.1.8
âš¡ Performance Audit	Run pnpm install --frozen-lockfile	2026-01-09T15:09:51.7518659Z + @radix-ui/react-popover 1.1.15
âš¡ Performance Audit	Run pnpm install --frozen-lockfile	2026-01-09T15:09:51.7519306Z + @radix-ui/react-progress 1.1.8
âš¡ Performance Audit	Run pnpm install --frozen-lockfile	2026-01-09T15:09:51.7519927Z + @radix-ui/react-scroll-area 1.2.10
âš¡ Performance Audit	Run pnpm install --frozen-lockfile	2026-01-09T15:09:51.7520549Z + @radix-ui/react-select 2.2.6
âš¡ Performance Audit	Run pnpm install --frozen-lockfile	2026-01-09T15:09:51.7521212Z + @radix-ui/react-slider 1.3.6
âš¡ Performance Audit	Run pnpm install --frozen-lockfile	2026-01-09T15:09:51.7522007Z + @radix-ui/react-slot 1.2.4
âš¡ Performance Audit	Run pnpm install --frozen-lockfile	2026-01-09T15:09:51.7522627Z + @radix-ui/react-tabs 1.1.13
âš¡ Performance Audit	Run pnpm install --frozen-lockfile	2026-01-09T15:09:51.7523172Z + @react-three/drei 10.7.7
âš¡ Performance Audit	Run pnpm install --frozen-lockfile	2026-01-09T15:09:51.7523686Z + @react-three/fiber 9.5.0
âš¡ Performance Audit	Run pnpm install --frozen-lockfile	2026-01-09T15:09:51.7524278Z + @sentry/nextjs 10.32.1
âš¡ Performance Audit	Run pnpm install --frozen-lockfile	2026-01-09T15:09:51.7524747Z + @serwist/next 9.5.0
âš¡ Performance Audit	Run pnpm install --frozen-lockfile	2026-01-09T15:09:51.7525195Z + @supabase/ssr 0.8.0
âš¡ Performance Audit	Run pnpm install --frozen-lockfile	2026-01-09T15:09:51.7525701Z + @supabase/supabase-js 2.90.0
âš¡ Performance Audit	Run pnpm install --frozen-lockfile	2026-01-09T15:09:51.7526260Z + @types/canvas-confetti 1.9.0
âš¡ Performance Audit	Run pnpm install --frozen-lockfile	2026-01-09T15:09:51.7526755Z + @types/howler 2.2.12
âš¡ Performance Audit	Run pnpm install --frozen-lockfile	2026-01-09T15:09:51.7527190Z + @types/web-push 3.6.4
âš¡ Performance Audit	Run pnpm install --frozen-lockfile	2026-01-09T15:09:51.7527692Z + @vercel/speed-insights 1.3.1
âš¡ Performance Audit	Run pnpm install --frozen-lockfile	2026-01-09T15:09:51.7528143Z + ai 6.0.19
âš¡ Performance Audit	Run pnpm install --frozen-lockfile	2026-01-09T15:09:51.7528526Z + axios 1.13.2
âš¡ Performance Audit	Run pnpm install --frozen-lockfile	2026-01-09T15:09:51.7529282Z + canvas-confetti 1.9.4
âš¡ Performance Audit	Run pnpm install --frozen-lockfile	2026-01-09T15:09:51.7529806Z + class-variance-authority 0.7.1
âš¡ Performance Audit	Run pnpm install --frozen-lockfile	2026-01-09T15:09:51.7530256Z + clsx 2.1.1
âš¡ Performance Audit	Run pnpm install --frozen-lockfile	2026-01-09T15:09:51.7530640Z + framer-motion 12.24.10
âš¡ Performance Audit	Run pnpm install --frozen-lockfile	2026-01-09T15:09:51.7531050Z + h3-js 4.4.0
âš¡ Performance Audit	Run pnpm install --frozen-lockfile	2026-01-09T15:09:51.7531612Z + howler 2.2.4
âš¡ Performance Audit	Run pnpm install --frozen-lockfile	2026-01-09T15:09:51.7532042Z + import-in-the-middle 2.0.1
âš¡ Performance Audit	Run pnpm install --frozen-lockfile	2026-01-09T15:09:51.7532512Z + lucide-react 0.562.0
âš¡ Performance Audit	Run pnpm install --frozen-lockfile	2026-01-09T15:09:51.7532944Z + maplibre-gl 5.15.0
âš¡ Performance Audit	Run pnpm install --frozen-lockfile	2026-01-09T15:09:51.7533335Z + next 16.1.1
âš¡ Performance Audit	Run pnpm install --frozen-lockfile	2026-01-09T15:09:51.7533705Z + pg 8.16.3
âš¡ Performance Audit	Run pnpm install --frozen-lockfile	2026-01-09T15:09:51.7534035Z + pino 10.1.0
âš¡ Performance Audit	Run pnpm install --frozen-lockfile	2026-01-09T15:09:51.7534417Z + pino-pretty 13.1.3
âš¡ Performance Audit	Run pnpm install --frozen-lockfile	2026-01-09T15:09:51.7534835Z + qrcode.react 4.2.0
âš¡ Performance Audit	Run pnpm install --frozen-lockfile	2026-01-09T15:09:51.7535220Z + react 19.2.3
âš¡ Performance Audit	Run pnpm install --frozen-lockfile	2026-01-09T15:09:51.7535608Z + react-dom 19.2.3
âš¡ Performance Audit	Run pnpm install --frozen-lockfile	2026-01-09T15:09:51.7536025Z + react-dropzone 14.3.8
âš¡ Performance Audit	Run pnpm install --frozen-lockfile	2026-01-09T15:09:51.7536471Z + react-player 3.4.0
âš¡ Performance Audit	Run pnpm install --frozen-lockfile	2026-01-09T15:09:51.7536880Z + reactflow 11.11.4
âš¡ Performance Audit	Run pnpm install --frozen-lockfile	2026-01-09T15:09:51.7537240Z + recharts 3.6.0
âš¡ Performance Audit	Run pnpm install --frozen-lockfile	2026-01-09T15:09:51.7538057Z + require-in-the-middle 8.0.1
âš¡ Performance Audit	Run pnpm install --frozen-lockfile	2026-01-09T15:09:51.7538520Z + serwist 9.5.0
âš¡ Performance Audit	Run pnpm install --frozen-lockfile	2026-01-09T15:09:51.7538886Z + sonner 2.0.7
âš¡ Performance Audit	Run pnpm install --frozen-lockfile	2026-01-09T15:09:51.7539300Z + tailwind-merge 3.4.0
âš¡ Performance Audit	Run pnpm install --frozen-lockfile	2026-01-09T15:09:51.7539791Z + tailwindcss-animate 1.0.7
âš¡ Performance Audit	Run pnpm install --frozen-lockfile	2026-01-09T15:09:51.7540259Z + three 0.182.0
âš¡ Performance Audit	Run pnpm install --frozen-lockfile	2026-01-09T15:09:51.7540608Z + web-push 3.6.7
âš¡ Performance Audit	Run pnpm install --frozen-lockfile	2026-01-09T15:09:51.7540985Z + zod 4.3.5
âš¡ Performance Audit	Run pnpm install --frozen-lockfile	2026-01-09T15:09:51.7541539Z + zustand 5.0.9
âš¡ Performance Audit	Run pnpm install --frozen-lockfile	2026-01-09T15:09:51.7541783Z 
âš¡ Performance Audit	Run pnpm install --frozen-lockfile	2026-01-09T15:09:51.7541959Z devDependencies:
âš¡ Performance Audit	Run pnpm install --frozen-lockfile	2026-01-09T15:09:51.7542416Z + @eslint/eslintrc 3.3.3
âš¡ Performance Audit	Run pnpm install --frozen-lockfile	2026-01-09T15:09:51.7542948Z + @lhci/cli 0.15.1
âš¡ Performance Audit	Run pnpm install --frozen-lockfile	2026-01-09T15:09:51.7543431Z + @playwright/test 1.57.0
âš¡ Performance Audit	Run pnpm install --frozen-lockfile	2026-01-09T15:09:51.7543936Z + @tailwindcss/postcss 4.1.18
âš¡ Performance Audit	Run pnpm install --frozen-lockfile	2026-01-09T15:09:51.7544450Z + @testing-library/dom 10.4.1
âš¡ Performance Audit	Run pnpm install --frozen-lockfile	2026-01-09T15:09:51.7544974Z + @testing-library/react 16.3.1
âš¡ Performance Audit	Run pnpm install --frozen-lockfile	2026-01-09T15:09:51.7545448Z + @types/node 25.0.3
âš¡ Performance Audit	Run pnpm install --frozen-lockfile	2026-01-09T15:09:51.7545854Z + @types/pg 8.16.0
âš¡ Performance Audit	Run pnpm install --frozen-lockfile	2026-01-09T15:09:51.7546256Z + @types/react 19.2.7
âš¡ Performance Audit	Run pnpm install --frozen-lockfile	2026-01-09T15:09:51.7546714Z + @types/react-dom 19.2.3
âš¡ Performance Audit	Run pnpm install --frozen-lockfile	2026-01-09T15:09:51.7547168Z + @types/three 0.182.0
âš¡ Performance Audit	Run pnpm install --frozen-lockfile	2026-01-09T15:09:51.7547615Z + @types/web-bluetooth 0.0.21
âš¡ Performance Audit	Run pnpm install --frozen-lockfile	2026-01-09T15:09:51.7548078Z + @types/ws 8.18.1
âš¡ Performance Audit	Run pnpm install --frozen-lockfile	2026-01-09T15:09:51.7548612Z + @typescript-eslint/eslint-plugin 8.52.0
âš¡ Performance Audit	Run pnpm install --frozen-lockfile	2026-01-09T15:09:51.7549251Z + @typescript-eslint/parser 8.52.0
âš¡ Performance Audit	Run pnpm install --frozen-lockfile	2026-01-09T15:09:51.7549777Z + @vitest/coverage-v8 4.0.16
âš¡ Performance Audit	Run pnpm install --frozen-lockfile	2026-01-09T15:09:51.7550328Z + autoprefixer 10.4.23
âš¡ Performance Audit	Run pnpm install --frozen-lockfile	2026-01-09T15:09:51.7550771Z + dotenv 17.2.3
âš¡ Performance Audit	Run pnpm install --frozen-lockfile	2026-01-09T15:09:51.7551190Z + dotenv-cli 11.0.0
âš¡ Performance Audit	Run pnpm install --frozen-lockfile	2026-01-09T15:09:51.7551801Z + eslint 8.57.1
âš¡ Performance Audit	Run pnpm install --frozen-lockfile	2026-01-09T15:09:51.7552237Z + eslint-config-next 15.5.9
âš¡ Performance Audit	Run pnpm install --frozen-lockfile	2026-01-09T15:09:51.7552676Z + husky 9.1.7
âš¡ Performance Audit	Run pnpm install --frozen-lockfile	2026-01-09T15:09:51.7553046Z + jsdom 27.4.0
âš¡ Performance Audit	Run pnpm install --frozen-lockfile	2026-01-09T15:09:51.7553412Z + magicast 0.5.1
âš¡ Performance Audit	Run pnpm install --frozen-lockfile	2026-01-09T15:09:51.7553810Z + postcss 8.5.6
âš¡ Performance Audit	Run pnpm install --frozen-lockfile	2026-01-09T15:09:51.7554242Z + prisma 7.2.0
âš¡ Performance Audit	Run pnpm install --frozen-lockfile	2026-01-09T15:09:51.7554668Z + tailwindcss 4.1.18
âš¡ Performance Audit	Run pnpm install --frozen-lockfile	2026-01-09T15:09:51.7555096Z + tsx 4.21.0
âš¡ Performance Audit	Run pnpm install --frozen-lockfile	2026-01-09T15:09:51.7555468Z + turbo 2.7.3
âš¡ Performance Audit	Run pnpm install --frozen-lockfile	2026-01-09T15:09:51.7555883Z + typedoc 0.28.15
âš¡ Performance Audit	Run pnpm install --frozen-lockfile	2026-01-09T15:09:51.7556400Z + typedoc-plugin-markdown 4.9.0
âš¡ Performance Audit	Run pnpm install --frozen-lockfile	2026-01-09T15:09:51.7556944Z + typescript 5.9.3
âš¡ Performance Audit	Run pnpm install --frozen-lockfile	2026-01-09T15:09:51.7557358Z + vercel 50.1.6
âš¡ Performance Audit	Run pnpm install --frozen-lockfile	2026-01-09T15:09:51.7557736Z + vitest 4.0.16
âš¡ Performance Audit	Run pnpm install --frozen-lockfile	2026-01-09T15:09:51.7558110Z + ws 8.19.0
âš¡ Performance Audit	Run pnpm install --frozen-lockfile	2026-01-09T15:09:51.7558327Z 
âš¡ Performance Audit	Run pnpm install --frozen-lockfile	2026-01-09T15:09:51.7814656Z 
âš¡ Performance Audit	Run pnpm install --frozen-lockfile	2026-01-09T15:09:51.7815385Z > ironforge-rpg@1.0.0 postinstall /home/runner/work/IronForge/IronForge
âš¡ Performance Audit	Run pnpm install --frozen-lockfile	2026-01-09T15:09:51.7815942Z > prisma generate
âš¡ Performance Audit	Run pnpm install --frozen-lockfile	2026-01-09T15:09:51.7816086Z 
âš¡ Performance Audit	Run pnpm install --frozen-lockfile	2026-01-09T15:09:53.0057708Z Loaded Prisma config from prisma.config.ts.
âš¡ Performance Audit	Run pnpm install --frozen-lockfile	2026-01-09T15:09:53.0059189Z 
âš¡ Performance Audit	Run pnpm install --frozen-lockfile	2026-01-09T15:09:53.0670978Z Prisma schema loaded from prisma/schema.prisma.
âš¡ Performance Audit	Run pnpm install --frozen-lockfile	2026-01-09T15:09:53.0773450Z warn Preview feature "driverAdapters" is deprecated. The functionality can be used without specifying it as a preview feature.
âš¡ Performance Audit	Run pnpm install --frozen-lockfile	2026-01-09T15:09:53.9250862Z 
âš¡ Performance Audit	Run pnpm install --frozen-lockfile	2026-01-09T15:09:53.9254245Z âœ” Generated Prisma Client (v7.2.0) to ./node_modules/.pnpm/@prisma+client@7.2.0_prisma@7.2.0_@types+react@19.2.7_magicast@0.5.1_react-dom@19.2.3_react@1_g5smmmweyakolwfacg5jh4fr5y/node_modules/@prisma/client in 430ms
âš¡ Performance Audit	Run pnpm install --frozen-lockfile	2026-01-09T15:09:53.9256328Z 
âš¡ Performance Audit	Run pnpm install --frozen-lockfile	2026-01-09T15:09:53.9257238Z Start by importing your Prisma Client (See: https://pris.ly/d/importing-client)
âš¡ Performance Audit	Run pnpm install --frozen-lockfile	2026-01-09T15:09:53.9258088Z 
âš¡ Performance Audit	Run pnpm install --frozen-lockfile	2026-01-09T15:09:53.9263812Z Tip: Need your database queries to be 1000x faster? Accelerate offers you that and more: https://pris.ly/tip-2-accelerate
âš¡ Performance Audit	Run pnpm install --frozen-lockfile	2026-01-09T15:09:53.9271129Z 
âš¡ Performance Audit	Run pnpm install --frozen-lockfile	2026-01-09T15:09:53.9483597Z 
âš¡ Performance Audit	Run pnpm install --frozen-lockfile	2026-01-09T15:09:53.9484446Z > ironforge-rpg@1.0.0 prepare /home/runner/work/IronForge/IronForge
âš¡ Performance Audit	Run pnpm install --frozen-lockfile	2026-01-09T15:09:53.9485173Z > husky
âš¡ Performance Audit	Run pnpm install --frozen-lockfile	2026-01-09T15:09:53.9485375Z 
âš¡ Performance Audit	Run pnpm install --frozen-lockfile	2026-01-09T15:09:53.9977086Z Done in 6.8s
âš¡ Performance Audit	Generate Prisma Client	ï»¿2026-01-09T15:09:54.0579334Z ##[group]Run npx prisma generate
âš¡ Performance Audit	Generate Prisma Client	2026-01-09T15:09:54.0579880Z [36;1mnpx prisma generate[0m
âš¡ Performance Audit	Generate Prisma Client	2026-01-09T15:09:54.0622994Z shell: /usr/bin/bash -e {0}
âš¡ Performance Audit	Generate Prisma Client	2026-01-09T15:09:54.0623325Z env:
âš¡ Performance Audit	Generate Prisma Client	2026-01-09T15:09:54.0624236Z   DATABASE_URL: ***
âš¡ Performance Audit	Generate Prisma Client	2026-01-09T15:09:54.0624995Z   DIRECT_URL: ***
âš¡ Performance Audit	Generate Prisma Client	2026-01-09T15:09:54.0625428Z   NEXT_PUBLIC_SUPABASE_URL: ***
âš¡ Performance Audit	Generate Prisma Client	2026-01-09T15:09:54.0627322Z   NEXT_PUBLIC_SUPABASE_ANON_KEY: ***
âš¡ Performance Audit	Generate Prisma Client	2026-01-09T15:09:54.0627732Z   SKIP_ENV_VALIDATION: true
âš¡ Performance Audit	Generate Prisma Client	2026-01-09T15:09:54.0628152Z   PNPM_HOME: /home/runner/setup-pnpm/node_modules/.bin
âš¡ Performance Audit	Generate Prisma Client	2026-01-09T15:09:54.0628596Z ##[endgroup]
âš¡ Performance Audit	Generate Prisma Client	2026-01-09T15:09:56.3789087Z Loaded Prisma config from prisma.config.ts.
âš¡ Performance Audit	Generate Prisma Client	2026-01-09T15:09:56.3789611Z 
âš¡ Performance Audit	Generate Prisma Client	2026-01-09T15:09:56.4175654Z Prisma schema loaded from prisma/schema.prisma.
âš¡ Performance Audit	Generate Prisma Client	2026-01-09T15:09:56.4263249Z warn Preview feature "driverAdapters" is deprecated. The functionality can be used without specifying it as a preview feature.
âš¡ Performance Audit	Generate Prisma Client	2026-01-09T15:09:57.2123103Z 
âš¡ Performance Audit	Generate Prisma Client	2026-01-09T15:09:57.2125582Z âœ” Generated Prisma Client (v7.2.0) to ./node_modules/.pnpm/@prisma+client@7.2.0_prisma@7.2.0_@types+react@19.2.7_magicast@0.5.1_react-dom@19.2.3_react@1_g5smmmweyakolwfacg5jh4fr5y/node_modules/@prisma/client in 411ms
âš¡ Performance Audit	Generate Prisma Client	2026-01-09T15:09:57.2126886Z 
âš¡ Performance Audit	Generate Prisma Client	2026-01-09T15:09:57.2127431Z Start by importing your Prisma Client (See: https://pris.ly/d/importing-client)
âš¡ Performance Audit	Generate Prisma Client	2026-01-09T15:09:57.2127955Z 
âš¡ Performance Audit	Generate Prisma Client	2026-01-09T15:09:57.2128410Z Tip: Want to turn off tips and other hints? https://pris.ly/tip-4-nohints
âš¡ Performance Audit	Generate Prisma Client	2026-01-09T15:09:57.2128914Z 
âš¡ Performance Audit	Build Application	ï»¿2026-01-09T15:09:57.2814434Z ##[group]Run pnpm build
âš¡ Performance Audit	Build Application	2026-01-09T15:09:57.2814740Z [36;1mpnpm build[0m
âš¡ Performance Audit	Build Application	2026-01-09T15:09:57.2847342Z shell: /usr/bin/bash -e {0}
âš¡ Performance Audit	Build Application	2026-01-09T15:09:57.2847613Z env:
âš¡ Performance Audit	Build Application	2026-01-09T15:09:57.2848319Z   DATABASE_URL: ***
âš¡ Performance Audit	Build Application	2026-01-09T15:09:57.2848901Z   DIRECT_URL: ***
âš¡ Performance Audit	Build Application	2026-01-09T15:09:57.2849250Z   NEXT_PUBLIC_SUPABASE_URL: ***
âš¡ Performance Audit	Build Application	2026-01-09T15:09:57.2850604Z   NEXT_PUBLIC_SUPABASE_ANON_KEY: ***
âš¡ Performance Audit	Build Application	2026-01-09T15:09:57.2850886Z   SKIP_ENV_VALIDATION: true
âš¡ Performance Audit	Build Application	2026-01-09T15:09:57.2851182Z   PNPM_HOME: /home/runner/setup-pnpm/node_modules/.bin
âš¡ Performance Audit	Build Application	2026-01-09T15:09:57.2851707Z ##[endgroup]
âš¡ Performance Audit	Build Application	2026-01-09T15:09:57.6804368Z 
âš¡ Performance Audit	Build Application	2026-01-09T15:09:57.6805359Z > ironforge-rpg@1.0.0 prebuild /home/runner/work/IronForge/IronForge
âš¡ Performance Audit	Build Application	2026-01-09T15:09:57.6806180Z > npm run clean:logs
âš¡ Performance Audit	Build Application	2026-01-09T15:09:57.6806454Z 
âš¡ Performance Audit	Build Application	2026-01-09T15:09:57.7771200Z 
âš¡ Performance Audit	Build Application	2026-01-09T15:09:57.7772015Z > ironforge-rpg@1.0.0 clean:logs
âš¡ Performance Audit	Build Application	2026-01-09T15:09:57.7772627Z > npx tsx scripts/clean-logs.ts
âš¡ Performance Audit	Build Application	2026-01-09T15:09:57.7772885Z 
âš¡ Performance Audit	Build Application	2026-01-09T15:09:58.2800104Z No log directory found at /home/runner/work/IronForge/IronForge/src/logs
âš¡ Performance Audit	Build Application	2026-01-09T15:09:58.3069813Z 
âš¡ Performance Audit	Build Application	2026-01-09T15:09:58.3070504Z > ironforge-rpg@1.0.0 build /home/runner/work/IronForge/IronForge
âš¡ Performance Audit	Build Application	2026-01-09T15:09:58.3071240Z > next build --webpack
âš¡ Performance Audit	Build Application	2026-01-09T15:09:58.3071716Z 
âš¡ Performance Audit	Build Application	2026-01-09T15:09:59.2422942Z âš  No build cache found. Please configure build caching for faster rebuilds. Read more: https://nextjs.org/docs/messages/no-cache
âš¡ Performance Audit	Build Application	2026-01-09T15:09:59.2757368Z Attention: Next.js now collects completely anonymous telemetry regarding usage.
âš¡ Performance Audit	Build Application	2026-01-09T15:09:59.2758261Z This information is used to shape Next.js' roadmap and prioritize features.
âš¡ Performance Audit	Build Application	2026-01-09T15:09:59.2759371Z You can learn more, including how to opt-out if you'd not like to participate in this anonymous program, by visiting the following URL:
âš¡ Performance Audit	Build Application	2026-01-09T15:09:59.2760176Z https://nextjs.org/telemetry
âš¡ Performance Audit	Build Application	2026-01-09T15:09:59.2760396Z 
âš¡ Performance Audit	Build Application	2026-01-09T15:09:59.2951837Z â–² Next.js 16.1.1 (webpack)
âš¡ Performance Audit	Build Application	2026-01-09T15:09:59.2952853Z - Environments: .env.local
âš¡ Performance Audit	Build Application	2026-01-09T15:09:59.2953191Z 
âš¡ Performance Audit	Build Application	2026-01-09T15:09:59.3258028Z âš  The "middleware" file convention is deprecated. Please use "proxy" instead. Learn more: https://nextjs.org/docs/messages/middleware-to-proxy
âš¡ Performance Audit	Build Application	2026-01-09T15:09:59.3620053Z   Creating an optimized production build ...
âš¡ Performance Audit	Build Application	2026-01-09T15:10:28.0846263Z âš  Compiled with warnings in 27.6s
âš¡ Performance Audit	Build Application	2026-01-09T15:10:28.0846679Z 
âš¡ Performance Audit	Build Application	2026-01-09T15:10:28.0847947Z ./node_modules/.pnpm/@opentelemetry+instrumentation@0.208.0_@opentelemetry+api@1.9.0/node_modules/@opentelemetry/instrumentation/build/esm/platform/node/instrumentation.js
âš¡ Performance Audit	Build Application	2026-01-09T15:10:28.0849514Z Critical dependency: the request of a dependency is an expression
âš¡ Performance Audit	Build Application	2026-01-09T15:10:28.0849959Z 
âš¡ Performance Audit	Build Application	2026-01-09T15:10:28.0850204Z Import trace for requested module:
âš¡ Performance Audit	Build Application	2026-01-09T15:10:28.0851977Z ./node_modules/.pnpm/@opentelemetry+instrumentation@0.208.0_@opentelemetry+api@1.9.0/node_modules/@opentelemetry/instrumentation/build/esm/platform/node/instrumentation.js
âš¡ Performance Audit	Build Application	2026-01-09T15:10:28.0854404Z ./node_modules/.pnpm/@opentelemetry+instrumentation@0.208.0_@opentelemetry+api@1.9.0/node_modules/@opentelemetry/instrumentation/build/esm/platform/node/index.js
âš¡ Performance Audit	Build Application	2026-01-09T15:10:28.0856656Z ./node_modules/.pnpm/@opentelemetry+instrumentation@0.208.0_@opentelemetry+api@1.9.0/node_modules/@opentelemetry/instrumentation/build/esm/platform/index.js
âš¡ Performance Audit	Build Application	2026-01-09T15:10:28.0858793Z ./node_modules/.pnpm/@opentelemetry+instrumentation@0.208.0_@opentelemetry+api@1.9.0/node_modules/@opentelemetry/instrumentation/build/esm/index.js
âš¡ Performance Audit	Build Application	2026-01-09T15:10:28.0860489Z ./node_modules/.pnpm/@sentry+node@10.32.1/node_modules/@sentry/node/build/cjs/integrations/tracing/postgresjs.js
âš¡ Performance Audit	Build Application	2026-01-09T15:10:28.0861801Z ./node_modules/.pnpm/@sentry+node@10.32.1/node_modules/@sentry/node/build/cjs/index.js
âš¡ Performance Audit	Build Application	2026-01-09T15:10:28.0863716Z ./node_modules/.pnpm/@sentry+nextjs@10.32.1_@opentelemetry+context-async-hooks@2.2.0_@opentelemetry+api@1.9.0__@op_b3lqjbo3wsq5kr6w2tdabxyfj4/node_modules/@sentry/nextjs/build/cjs/index.server.js
âš¡ Performance Audit	Build Application	2026-01-09T15:10:28.0865148Z ./src/app/api/cron/heartbeat/route.ts
âš¡ Performance Audit	Build Application	2026-01-09T15:10:28.0865850Z 
âš¡ Performance Audit	Build Application	2026-01-09T15:10:31.0753053Z <w> [webpack.cache.PackFileCacheStrategy] Serializing big strings (131kiB) impacts deserialization performance (consider using Buffer instead and decode when needed)
âš¡ Performance Audit	Build Application	2026-01-09T15:10:48.8549710Z âœ“ Compiled successfully in 46s
âš¡ Performance Audit	Build Application	2026-01-09T15:10:48.8569462Z   Running TypeScript ...
âš¡ Performance Audit	Build Application	2026-01-09T15:11:08.7936704Z   Collecting page data using 3 workers ...
âš¡ Performance Audit	Build Application	2026-01-09T15:11:15.7960926Z   Generating static pages using 3 workers (0/37) ...
âš¡ Performance Audit	Build Application	2026-01-09T15:11:15.9469141Z   Generating static pages using 3 workers (9/37) 
âš¡ Performance Audit	Build Application	2026-01-09T15:11:16.3076427Z   Generating static pages using 3 workers (18/37) 
âš¡ Performance Audit	Build Application	2026-01-09T15:11:16.3079789Z   Generating static pages using 3 workers (27/37) 
âš¡ Performance Audit	Build Application	2026-01-09T15:11:16.4783319Z âœ“ Generating static pages using 3 workers (37/37) in 682.1ms
âš¡ Performance Audit	Build Application	2026-01-09T15:11:17.3199522Z   Finalizing page optimization ...
âš¡ Performance Audit	Build Application	2026-01-09T15:11:17.3201171Z   Collecting build traces ...
âš¡ Performance Audit	Build Application	2026-01-09T15:11:45.0012784Z 
âš¡ Performance Audit	Build Application	2026-01-09T15:11:45.0036358Z Route (app)
âš¡ Performance Audit	Build Application	2026-01-09T15:11:45.0036938Z â”Œ â—‹ /
âš¡ Performance Audit	Build Application	2026-01-09T15:11:45.0037232Z â”œ â—‹ /_not-found
âš¡ Performance Audit	Build Application	2026-01-09T15:11:45.0037582Z â”œ â—‹ /admin/cron
âš¡ Performance Audit	Build Application	2026-01-09T15:11:45.0038035Z â”œ Æ’ /admin/growth
âš¡ Performance Audit	Build Application	2026-01-09T15:11:45.0038459Z â”œ Æ’ /api/chat
âš¡ Performance Audit	Build Application	2026-01-09T15:11:45.0038941Z â”œ Æ’ /api/cron/daily-oracle
âš¡ Performance Audit	Build Application	2026-01-09T15:11:45.0039499Z â”œ Æ’ /api/cron/duel-scoring
âš¡ Performance Audit	Build Application	2026-01-09T15:11:45.0040040Z â”œ Æ’ /api/cron/generate-plans
âš¡ Performance Audit	Build Application	2026-01-09T15:11:45.0040545Z â”œ Æ’ /api/cron/heartbeat
âš¡ Performance Audit	Build Application	2026-01-09T15:11:45.0040992Z â”œ Æ’ /api/cron/maintenance/daily
âš¡ Performance Audit	Build Application	2026-01-09T15:11:45.0041575Z â”œ Æ’ /api/cron/maintenance/weekly
âš¡ Performance Audit	Build Application	2026-01-09T15:11:45.0041953Z â”œ Æ’ /api/cron/phase-rotation
âš¡ Performance Audit	Build Application	2026-01-09T15:11:45.0042265Z â”œ Æ’ /api/cron/power-rating
âš¡ Performance Audit	Build Application	2026-01-09T15:11:45.0042580Z â”œ Æ’ /api/cron/season-transition
âš¡ Performance Audit	Build Application	2026-01-09T15:11:45.0042904Z â”œ Æ’ /api/cron/territory/income
âš¡ Performance Audit	Build Application	2026-01-09T15:11:45.0043234Z â”œ Æ’ /api/cron/territory/settlement
âš¡ Performance Audit	Build Application	2026-01-09T15:11:45.0043518Z â”œ Æ’ /api/health
âš¡ Performance Audit	Build Application	2026-01-09T15:11:45.0043809Z â”œ Æ’ /api/hevy/exercise-templates
âš¡ Performance Audit	Build Application	2026-01-09T15:11:45.0044378Z â”œ Æ’ /api/hevy/routines
âš¡ Performance Audit	Build Application	2026-01-09T15:11:45.0044646Z â”œ Æ’ /api/hevy/workouts
âš¡ Performance Audit	Build Application	2026-01-09T15:11:45.0044929Z â”œ Æ’ /api/intervals/events
âš¡ Performance Audit	Build Application	2026-01-09T15:11:45.0045206Z â”œ Æ’ /api/intervals/history
âš¡ Performance Audit	Build Application	2026-01-09T15:11:45.0045488Z â”œ Æ’ /api/intervals/wellness
âš¡ Performance Audit	Build Application	2026-01-09T15:11:45.0045950Z â”œ Æ’ /api/podcast
âš¡ Performance Audit	Build Application	2026-01-09T15:11:45.0046233Z â”œ Æ’ /api/podcast/login
âš¡ Performance Audit	Build Application	2026-01-09T15:11:45.0046486Z â”œ Æ’ /api/sync/logs
âš¡ Performance Audit	Build Application	2026-01-09T15:11:45.0046725Z â”œ Æ’ /api/sync/user
âš¡ Performance Audit	Build Application	2026-01-09T15:11:45.0046971Z â”œ Æ’ /api/webhooks/hevy
âš¡ Performance Audit	Build Application	2026-01-09T15:11:45.0047234Z â”œ Æ’ /api/webhooks/intervals
âš¡ Performance Audit	Build Application	2026-01-09T15:11:45.0047513Z â”œ Æ’ /api/webhooks/strava
âš¡ Performance Audit	Build Application	2026-01-09T15:11:45.0047757Z â”œ Æ’ /armory
âš¡ Performance Audit	Build Application	2026-01-09T15:11:45.0047979Z â”œ Æ’ /auth/callback
âš¡ Performance Audit	Build Application	2026-01-09T15:11:45.0048217Z â”œ Æ’ /battle-pass
âš¡ Performance Audit	Build Application	2026-01-09T15:11:45.0048449Z â”œ Æ’ /bestiary
âš¡ Performance Audit	Build Application	2026-01-09T15:11:45.0048681Z â”œ â—‹ /campaign/debug
âš¡ Performance Audit	Build Application	2026-01-09T15:11:45.0048914Z â”œ Æ’ /colosseum
âš¡ Performance Audit	Build Application	2026-01-09T15:11:45.0049131Z â”œ Æ’ /dashboard
âš¡ Performance Audit	Build Application	2026-01-09T15:11:45.0049341Z â”œ â—‹ /grimoire
âš¡ Performance Audit	Build Application	2026-01-09T15:11:45.0049575Z â”œ Æ’ /iron-arena
âš¡ Performance Audit	Build Application	2026-01-09T15:11:45.0049791Z â”œ Æ’ /logger
âš¡ Performance Audit	Build Application	2026-01-09T15:11:45.0049999Z â”œ â—‹ /login
âš¡ Performance Audit	Build Application	2026-01-09T15:11:45.0050221Z â”œ Æ’ /map
âš¡ Performance Audit	Build Application	2026-01-09T15:11:45.0050426Z â”œ â—‹ /privacy
âš¡ Performance Audit	Build Application	2026-01-09T15:11:45.0050654Z â”œ Æ’ /ranked-arena
âš¡ Performance Audit	Build Application	2026-01-09T15:11:45.0050878Z â”œ Æ’ /settings
âš¡ Performance Audit	Build Application	2026-01-09T15:11:45.0051111Z â”œ Æ’ /settings/podcast
âš¡ Performance Audit	Build Application	2026-01-09T15:11:45.0051551Z â”œ Æ’ /strength
âš¡ Performance Audit	Build Application	2026-01-09T15:11:45.0051836Z â”œ Æ’ /territories
âš¡ Performance Audit	Build Application	2026-01-09T15:11:45.0052113Z â”œ Æ’ /territory
âš¡ Performance Audit	Build Application	2026-01-09T15:11:45.0052331Z â”” â—‹ /welcome
âš¡ Performance Audit	Build Application	2026-01-09T15:11:45.0052447Z 
âš¡ Performance Audit	Build Application	2026-01-09T15:11:45.0052454Z 
âš¡ Performance Audit	Build Application	2026-01-09T15:11:45.0052588Z Æ’ Proxy (Middleware)
âš¡ Performance Audit	Build Application	2026-01-09T15:11:45.0052726Z 
âš¡ Performance Audit	Build Application	2026-01-09T15:11:45.0052930Z â—‹  (Static)   prerendered as static content
âš¡ Performance Audit	Build Application	2026-01-09T15:11:45.0053312Z Æ’  (Dynamic)  server-rendered on demand
âš¡ Performance Audit	Build Application	2026-01-09T15:11:45.0053506Z 
âš¡ Performance Audit	Run Lighthouse CI	ï»¿2026-01-09T15:11:45.0939460Z ##[group]Run pnpm run lhci
âš¡ Performance Audit	Run Lighthouse CI	2026-01-09T15:11:45.0939775Z [36;1mpnpm run lhci[0m
âš¡ Performance Audit	Run Lighthouse CI	2026-01-09T15:11:45.0972140Z shell: /usr/bin/bash -e {0}
âš¡ Performance Audit	Run Lighthouse CI	2026-01-09T15:11:45.0972403Z env:
âš¡ Performance Audit	Run Lighthouse CI	2026-01-09T15:11:45.0973145Z   DATABASE_URL: ***
âš¡ Performance Audit	Run Lighthouse CI	2026-01-09T15:11:45.0973724Z   DIRECT_URL: ***
âš¡ Performance Audit	Run Lighthouse CI	2026-01-09T15:11:45.0974053Z   NEXT_PUBLIC_SUPABASE_URL: ***
âš¡ Performance Audit	Run Lighthouse CI	2026-01-09T15:11:45.0975376Z   NEXT_PUBLIC_SUPABASE_ANON_KEY: ***
âš¡ Performance Audit	Run Lighthouse CI	2026-01-09T15:11:45.0975665Z   SKIP_ENV_VALIDATION: true
âš¡ Performance Audit	Run Lighthouse CI	2026-01-09T15:11:45.0975991Z   PNPM_HOME: /home/runner/setup-pnpm/node_modules/.bin
âš¡ Performance Audit	Run Lighthouse CI	2026-01-09T15:11:45.0976384Z   LHCI_GITHUB_APP_TOKEN: ***
âš¡ Performance Audit	Run Lighthouse CI	2026-01-09T15:11:45.0976620Z ##[endgroup]
âš¡ Performance Audit	Run Lighthouse CI	2026-01-09T15:11:45.4891931Z 
âš¡ Performance Audit	Run Lighthouse CI	2026-01-09T15:11:45.4892865Z > ironforge-rpg@1.0.0 lhci /home/runner/work/IronForge/IronForge
âš¡ Performance Audit	Run Lighthouse CI	2026-01-09T15:11:45.4893543Z > lhci autorun
âš¡ Performance Audit	Run Lighthouse CI	2026-01-09T15:11:45.4893707Z 
âš¡ Performance Audit	Run Lighthouse CI	2026-01-09T15:11:46.1072276Z âœ…  .lighthouseci/ directory writable
âš¡ Performance Audit	Run Lighthouse CI	2026-01-09T15:11:46.1076128Z âœ…  Configuration file found
âš¡ Performance Audit	Run Lighthouse CI	2026-01-09T15:11:46.1302082Z âœ…  Chrome installation found
âš¡ Performance Audit	Run Lighthouse CI	2026-01-09T15:11:46.1303629Z âœ…  GitHub token set
âš¡ Performance Audit	Run Lighthouse CI	2026-01-09T15:11:46.1304117Z Healthcheck passed!
âš¡ Performance Audit	Run Lighthouse CI	2026-01-09T15:11:46.1362772Z 
âš¡ Performance Audit	Run Lighthouse CI	2026-01-09T15:11:47.4986271Z Started a web server with "pnpm run start"...
âš¡ Performance Audit	Run Lighthouse CI	2026-01-09T15:11:47.4989573Z Running Lighthouse 3 time(s) on http://localhost:3000/
âš¡ Performance Audit	Run Lighthouse CI	2026-01-09T15:12:07.8505167Z Run #1...done.
âš¡ Performance Audit	Run Lighthouse CI	2026-01-09T15:12:20.1955238Z Run #2...done.
âš¡ Performance Audit	Run Lighthouse CI	2026-01-09T15:12:32.5019569Z Run #3...done.
âš¡ Performance Audit	Run Lighthouse CI	2026-01-09T15:12:32.5022133Z Running Lighthouse 3 time(s) on http://localhost:3000/login
âš¡ Performance Audit	Run Lighthouse CI	2026-01-09T15:12:44.3966923Z Run #1...done.
âš¡ Performance Audit	Run Lighthouse CI	2026-01-09T15:12:56.2882090Z Run #2...done.
âš¡ Performance Audit	Run Lighthouse CI	2026-01-09T15:13:08.1718162Z Run #3...done.
âš¡ Performance Audit	Run Lighthouse CI	2026-01-09T15:13:08.2101180Z Done running Lighthouse!
âš¡ Performance Audit	Run Lighthouse CI	2026-01-09T15:13:08.2362549Z 
âš¡ Performance Audit	Run Lighthouse CI	2026-01-09T15:13:08.5449371Z Checking assertions against 2 URL(s), 6 total run(s)
âš¡ Performance Audit	Run Lighthouse CI	2026-01-09T15:13:08.5449772Z 
âš¡ Performance Audit	Run Lighthouse CI	2026-01-09T15:13:08.5450883Z 1 result(s) for [1mhttp://localhost:3000/welcome[0m :
âš¡ Performance Audit	Run Lighthouse CI	2026-01-09T15:13:08.5451543Z 
âš¡ Performance Audit	Run Lighthouse CI	2026-01-09T15:13:08.5452485Z   [31mâœ˜[0m  [1mcategories[0m.performance failure for [1mminScore[0m assertion
âš¡ Performance Audit	Run Lighthouse CI	2026-01-09T15:13:08.5453446Z         expected: >=[32m0.9[0m
âš¡ Performance Audit	Run Lighthouse CI	2026-01-09T15:13:08.5454121Z            found: [31m0.86[0m
âš¡ Performance Audit	Run Lighthouse CI	2026-01-09T15:13:08.5455201Z       [2mall values: 0.59, 0.86, 0.86[0m
âš¡ Performance Audit	Run Lighthouse CI	2026-01-09T15:13:08.5455488Z 
âš¡ Performance Audit	Run Lighthouse CI	2026-01-09T15:13:08.5455715Z Assertion failed. Exiting with status code 1.
âš¡ Performance Audit	Run Lighthouse CI	2026-01-09T15:13:08.5519356Z 
âš¡ Performance Audit	Run Lighthouse CI	2026-01-09T15:13:10.3905005Z Uploading median LHR of http://localhost:3000/welcome...success!
âš¡ Performance Audit	Run Lighthouse CI	2026-01-09T15:13:10.3906224Z Open the report at https://storage.googleapis.com/lighthouse-infrastructure.appspot.com/reports/1767971590153-40331.report.html
âš¡ Performance Audit	Run Lighthouse CI	2026-01-09T15:13:10.8303983Z Uploading median LHR of http://localhost:3000/login...success!
âš¡ Performance Audit	Run Lighthouse CI	2026-01-09T15:13:10.8305218Z Open the report at https://storage.googleapis.com/lighthouse-infrastructure.appspot.com/reports/1767971590653-26321.report.html
âš¡ Performance Audit	Run Lighthouse CI	2026-01-09T15:13:10.8366178Z GitHub token found, attempting to set status...
âš¡ Performance Audit	Run Lighthouse CI	2026-01-09T15:13:11.5803102Z GitHub accepted "failure" status for "lhci/url/welcome".
âš¡ Performance Audit	Run Lighthouse CI	2026-01-09T15:13:11.5943408Z 
âš¡ Performance Audit	Run Lighthouse CI	2026-01-09T15:13:11.5944074Z assert command failed. Exiting with status code 1.
âš¡ Performance Audit	Run Lighthouse CI	2026-01-09T15:13:11.6014711Z â€‰ELIFECYCLEâ€‰ Command failed with exit code 1.
âš¡ Performance Audit	Run Lighthouse CI	2026-01-09T15:13:11.6200525Z ##[error]Process completed with exit code 1.
âš¡ Performance Audit	Post Run actions/setup-node@v6	ï»¿2026-01-09T15:13:11.6284158Z Post job cleanup.
âš¡ Performance Audit	Post Run actions/setup-node@v6	2026-01-09T15:13:11.7509630Z (node:3633) [DEP0040] DeprecationWarning: The `punycode` module is deprecated. Please use a userland alternative instead.
âš¡ Performance Audit	Post Run actions/setup-node@v6	2026-01-09T15:13:11.7511134Z (Use `node --trace-deprecation ...` to show where the warning was created)
âš¡ Performance Audit	Post Run actions/setup-node@v6	2026-01-09T15:13:11.7515144Z Cache hit occurred on the primary key node-cache-Linux-x64-pnpm-54f7deda900f3429ce8fb03bdc4b5b4b010a0d6aa77e1d9d11f2be24c4674b69, not saving cache.
âš¡ Performance Audit	Post Run pnpm/action-setup@v4	ï»¿2026-01-09T15:13:11.7611432Z Post job cleanup.
âš¡ Performance Audit	Post Run pnpm/action-setup@v4	2026-01-09T15:13:11.8149082Z Pruning is unnecessary.
âš¡ Performance Audit	Post Run actions/checkout@v4	ï»¿2026-01-09T15:13:11.8266785Z Post job cleanup.
âš¡ Performance Audit	Post Run actions/checkout@v4	2026-01-09T15:13:11.9234683Z [command]/usr/bin/git version
âš¡ Performance Audit	Post Run actions/checkout@v4	2026-01-09T15:13:11.9286837Z git version 2.52.0
âš¡ Performance Audit	Post Run actions/checkout@v4	2026-01-09T15:13:11.9347902Z Temporarily overriding HOME='/home/runner/work/_temp/0b4a4d9f-ed2f-4d84-b00d-5c7ca688d0d6' before making global git config changes
âš¡ Performance Audit	Post Run actions/checkout@v4	2026-01-09T15:13:11.9348975Z Adding repository directory to the temporary git global config as a safe directory
âš¡ Performance Audit	Post Run actions/checkout@v4	2026-01-09T15:13:11.9361927Z [command]/usr/bin/git config --global --add safe.directory /home/runner/work/IronForge/IronForge
âš¡ Performance Audit	Post Run actions/checkout@v4	2026-01-09T15:13:11.9395808Z [command]/usr/bin/git config --local --name-only --get-regexp core\.sshCommand
âš¡ Performance Audit	Post Run actions/checkout@v4	2026-01-09T15:13:11.9427966Z [command]/usr/bin/git submodule foreach --recursive sh -c "git config --local --name-only --get-regexp 'core\.sshCommand' && git config --local --unset-all 'core.sshCommand' || :"
âš¡ Performance Audit	Post Run actions/checkout@v4	2026-01-09T15:13:11.9656259Z [command]/usr/bin/git config --local --name-only --get-regexp http\.https\:\/\/github\.com\/\.extraheader
âš¡ Performance Audit	Post Run actions/checkout@v4	2026-01-09T15:13:11.9676442Z http.https://github.com/.extraheader
âš¡ Performance Audit	Post Run actions/checkout@v4	2026-01-09T15:13:11.9688559Z [command]/usr/bin/git config --local --unset-all http.https://github.com/.extraheader
âš¡ Performance Audit	Post Run actions/checkout@v4	2026-01-09T15:13:11.9717826Z [command]/usr/bin/git submodule foreach --recursive sh -c "git config --local --name-only --get-regexp 'http\.https\:\/\/github\.com\/\.extraheader' && git config --local --unset-all 'http.https://github.com/.extraheader' || :"
âš¡ Performance Audit	Post Run actions/checkout@v4	2026-01-09T15:13:11.9949896Z [command]/usr/bin/git config --local --name-only --get-regexp ^includeIf\.gitdir:
âš¡ Performance Audit	Post Run actions/checkout@v4	2026-01-09T15:13:11.9972200Z [command]/usr/bin/git submodule foreach --recursive git config --local --show-origin --name-only --get-regexp remote.origin.url
âš¡ Performance Audit	Complete job	ï»¿2026-01-09T15:13:12.0306793Z Cleaning up orphan processes
