âš¡ Performance Audit	Set up job	ï»¿2026-01-08T19:00:43.3697555Z Current runner version: '2.330.0'
âš¡ Performance Audit	Set up job	2026-01-08T19:00:43.3738695Z ##[group]Runner Image Provisioner
âš¡ Performance Audit	Set up job	2026-01-08T19:00:43.3740038Z Hosted Compute Agent
âš¡ Performance Audit	Set up job	2026-01-08T19:00:43.3740953Z Version: 20251211.462
âš¡ Performance Audit	Set up job	2026-01-08T19:00:43.3741927Z Commit: 6cbad8c2bb55d58165063d031ccabf57e2d2db61
âš¡ Performance Audit	Set up job	2026-01-08T19:00:43.3743213Z Build Date: 2025-12-11T16:28:49Z
âš¡ Performance Audit	Set up job	2026-01-08T19:00:43.3744389Z Worker ID: {218db205-72ee-495e-800a-e25a2131fc8c}
âš¡ Performance Audit	Set up job	2026-01-08T19:00:43.3745627Z ##[endgroup]
âš¡ Performance Audit	Set up job	2026-01-08T19:00:43.3746527Z ##[group]Operating System
âš¡ Performance Audit	Set up job	2026-01-08T19:00:43.3747740Z Ubuntu
âš¡ Performance Audit	Set up job	2026-01-08T19:00:43.3748648Z 24.04.3
âš¡ Performance Audit	Set up job	2026-01-08T19:00:43.3749511Z LTS
âš¡ Performance Audit	Set up job	2026-01-08T19:00:43.3750316Z ##[endgroup]
âš¡ Performance Audit	Set up job	2026-01-08T19:00:43.3751336Z ##[group]Runner Image
âš¡ Performance Audit	Set up job	2026-01-08T19:00:43.3752338Z Image: ubuntu-24.04
âš¡ Performance Audit	Set up job	2026-01-08T19:00:43.3753235Z Version: 20251215.174.1
âš¡ Performance Audit	Set up job	2026-01-08T19:00:43.3755174Z Included Software: https://github.com/actions/runner-images/blob/ubuntu24/20251215.174/images/ubuntu/Ubuntu2404-Readme.md
âš¡ Performance Audit	Set up job	2026-01-08T19:00:43.3758018Z Image Release: https://github.com/actions/runner-images/releases/tag/ubuntu24%2F20251215.174
âš¡ Performance Audit	Set up job	2026-01-08T19:00:43.3760328Z ##[endgroup]
âš¡ Performance Audit	Set up job	2026-01-08T19:00:43.3762379Z ##[group]GITHUB_TOKEN Permissions
âš¡ Performance Audit	Set up job	2026-01-08T19:00:43.3765455Z Contents: read
âš¡ Performance Audit	Set up job	2026-01-08T19:00:43.3766433Z Metadata: read
âš¡ Performance Audit	Set up job	2026-01-08T19:00:43.3767797Z Packages: read
âš¡ Performance Audit	Set up job	2026-01-08T19:00:43.3768738Z ##[endgroup]
âš¡ Performance Audit	Set up job	2026-01-08T19:00:43.3771673Z Secret source: Actions
âš¡ Performance Audit	Set up job	2026-01-08T19:00:43.3773340Z Prepare workflow directory
âš¡ Performance Audit	Set up job	2026-01-08T19:00:43.4505151Z Prepare all required actions
âš¡ Performance Audit	Set up job	2026-01-08T19:00:43.4563018Z Getting action download info
âš¡ Performance Audit	Set up job	2026-01-08T19:00:43.8051551Z Download action repository 'actions/checkout@v4' (SHA:34e114876b0b11c390a56381ad16ebd13914f8d5)
âš¡ Performance Audit	Set up job	2026-01-08T19:00:43.9179808Z Download action repository 'pnpm/action-setup@v4' (SHA:41ff72655975bd51cab0327fa583b6e92b6d3061)
âš¡ Performance Audit	Set up job	2026-01-08T19:00:44.4781662Z Download action repository 'actions/setup-node@v6' (SHA:395ad3262231945c25e8478fd5baf05154b1d79f)
âš¡ Performance Audit	Set up job	2026-01-08T19:00:44.7250151Z Complete job name: âš¡ Performance Audit
âš¡ Performance Audit	Run actions/checkout@v4	ï»¿2026-01-08T19:00:44.8042010Z ##[group]Run actions/checkout@v4
âš¡ Performance Audit	Run actions/checkout@v4	2026-01-08T19:00:44.8043419Z with:
âš¡ Performance Audit	Run actions/checkout@v4	2026-01-08T19:00:44.8044255Z   repository: Techlemariam/IronForge
âš¡ Performance Audit	Run actions/checkout@v4	2026-01-08T19:00:44.8045593Z   token: ***
âš¡ Performance Audit	Run actions/checkout@v4	2026-01-08T19:00:44.8046372Z   ssh-strict: true
âš¡ Performance Audit	Run actions/checkout@v4	2026-01-08T19:00:44.8047401Z   ssh-user: git
âš¡ Performance Audit	Run actions/checkout@v4	2026-01-08T19:00:44.8048254Z   persist-credentials: true
âš¡ Performance Audit	Run actions/checkout@v4	2026-01-08T19:00:44.8049200Z   clean: true
âš¡ Performance Audit	Run actions/checkout@v4	2026-01-08T19:00:44.8050057Z   sparse-checkout-cone-mode: true
âš¡ Performance Audit	Run actions/checkout@v4	2026-01-08T19:00:44.8051084Z   fetch-depth: 1
âš¡ Performance Audit	Run actions/checkout@v4	2026-01-08T19:00:44.8051897Z   fetch-tags: false
âš¡ Performance Audit	Run actions/checkout@v4	2026-01-08T19:00:44.8052762Z   show-progress: true
âš¡ Performance Audit	Run actions/checkout@v4	2026-01-08T19:00:44.8053609Z   lfs: false
âš¡ Performance Audit	Run actions/checkout@v4	2026-01-08T19:00:44.8054385Z   submodules: false
âš¡ Performance Audit	Run actions/checkout@v4	2026-01-08T19:00:44.8055253Z   set-safe-directory: true
âš¡ Performance Audit	Run actions/checkout@v4	2026-01-08T19:00:44.8056429Z env:
âš¡ Performance Audit	Run actions/checkout@v4	2026-01-08T19:00:44.8059295Z   DATABASE_URL: ***
âš¡ Performance Audit	Run actions/checkout@v4	2026-01-08T19:00:44.8061403Z   DIRECT_URL: ***
âš¡ Performance Audit	Run actions/checkout@v4	2026-01-08T19:00:44.8062635Z   NEXT_PUBLIC_SUPABASE_URL: ***
âš¡ Performance Audit	Run actions/checkout@v4	2026-01-08T19:00:44.8067674Z   NEXT_PUBLIC_SUPABASE_ANON_KEY: ***
âš¡ Performance Audit	Run actions/checkout@v4	2026-01-08T19:00:44.8068987Z   SKIP_ENV_VALIDATION: true
âš¡ Performance Audit	Run actions/checkout@v4	2026-01-08T19:00:44.8070073Z ##[endgroup]
âš¡ Performance Audit	Run actions/checkout@v4	2026-01-08T19:00:44.9168894Z Syncing repository: Techlemariam/IronForge
âš¡ Performance Audit	Run actions/checkout@v4	2026-01-08T19:00:44.9171563Z ##[group]Getting Git version info
âš¡ Performance Audit	Run actions/checkout@v4	2026-01-08T19:00:44.9172952Z Working directory is '/home/runner/work/IronForge/IronForge'
âš¡ Performance Audit	Run actions/checkout@v4	2026-01-08T19:00:44.9176211Z [command]/usr/bin/git version
âš¡ Performance Audit	Run actions/checkout@v4	2026-01-08T19:00:44.9265346Z git version 2.52.0
âš¡ Performance Audit	Run actions/checkout@v4	2026-01-08T19:00:44.9291893Z ##[endgroup]
âš¡ Performance Audit	Run actions/checkout@v4	2026-01-08T19:00:44.9306390Z Temporarily overriding HOME='/home/runner/work/_temp/d5ae7f59-164b-4175-8124-5494e5fa02ba' before making global git config changes
âš¡ Performance Audit	Run actions/checkout@v4	2026-01-08T19:00:44.9309899Z Adding repository directory to the temporary git global config as a safe directory
âš¡ Performance Audit	Run actions/checkout@v4	2026-01-08T19:00:44.9313388Z [command]/usr/bin/git config --global --add safe.directory /home/runner/work/IronForge/IronForge
âš¡ Performance Audit	Run actions/checkout@v4	2026-01-08T19:00:44.9352627Z Deleting the contents of '/home/runner/work/IronForge/IronForge'
âš¡ Performance Audit	Run actions/checkout@v4	2026-01-08T19:00:44.9356432Z ##[group]Initializing the repository
âš¡ Performance Audit	Run actions/checkout@v4	2026-01-08T19:00:44.9361211Z [command]/usr/bin/git init /home/runner/work/IronForge/IronForge
âš¡ Performance Audit	Run actions/checkout@v4	2026-01-08T19:00:44.9473117Z hint: Using 'master' as the name for the initial branch. This default branch name
âš¡ Performance Audit	Run actions/checkout@v4	2026-01-08T19:00:44.9476786Z hint: will change to "main" in Git 3.0. To configure the initial branch name
âš¡ Performance Audit	Run actions/checkout@v4	2026-01-08T19:00:44.9479431Z hint: to use in all of your new repositories, which will suppress this warning,
âš¡ Performance Audit	Run actions/checkout@v4	2026-01-08T19:00:44.9480926Z hint: call:
âš¡ Performance Audit	Run actions/checkout@v4	2026-01-08T19:00:44.9481682Z hint:
âš¡ Performance Audit	Run actions/checkout@v4	2026-01-08T19:00:44.9483142Z hint: 	git config --global init.defaultBranch <name>
âš¡ Performance Audit	Run actions/checkout@v4	2026-01-08T19:00:44.9485113Z hint:
âš¡ Performance Audit	Run actions/checkout@v4	2026-01-08T19:00:44.9487230Z hint: Names commonly chosen instead of 'master' are 'main', 'trunk' and
âš¡ Performance Audit	Run actions/checkout@v4	2026-01-08T19:00:44.9490422Z hint: 'development'. The just-created branch can be renamed via this command:
âš¡ Performance Audit	Run actions/checkout@v4	2026-01-08T19:00:44.9492960Z hint:
âš¡ Performance Audit	Run actions/checkout@v4	2026-01-08T19:00:44.9494251Z hint: 	git branch -m <name>
âš¡ Performance Audit	Run actions/checkout@v4	2026-01-08T19:00:44.9495806Z hint:
âš¡ Performance Audit	Run actions/checkout@v4	2026-01-08T19:00:44.9497880Z hint: Disable this message with "git config set advice.defaultBranchName false"
âš¡ Performance Audit	Run actions/checkout@v4	2026-01-08T19:00:44.9501270Z Initialized empty Git repository in /home/runner/work/IronForge/IronForge/.git/
âš¡ Performance Audit	Run actions/checkout@v4	2026-01-08T19:00:44.9506847Z [command]/usr/bin/git remote add origin https://github.com/Techlemariam/IronForge
âš¡ Performance Audit	Run actions/checkout@v4	2026-01-08T19:00:44.9530729Z ##[endgroup]
âš¡ Performance Audit	Run actions/checkout@v4	2026-01-08T19:00:44.9532373Z ##[group]Disabling automatic garbage collection
âš¡ Performance Audit	Run actions/checkout@v4	2026-01-08T19:00:44.9534229Z [command]/usr/bin/git config --local gc.auto 0
âš¡ Performance Audit	Run actions/checkout@v4	2026-01-08T19:00:44.9563587Z ##[endgroup]
âš¡ Performance Audit	Run actions/checkout@v4	2026-01-08T19:00:44.9565076Z ##[group]Setting up auth
âš¡ Performance Audit	Run actions/checkout@v4	2026-01-08T19:00:44.9569317Z [command]/usr/bin/git config --local --name-only --get-regexp core\.sshCommand
âš¡ Performance Audit	Run actions/checkout@v4	2026-01-08T19:00:44.9598776Z [command]/usr/bin/git submodule foreach --recursive sh -c "git config --local --name-only --get-regexp 'core\.sshCommand' && git config --local --unset-all 'core.sshCommand' || :"
âš¡ Performance Audit	Run actions/checkout@v4	2026-01-08T19:00:44.9942251Z [command]/usr/bin/git config --local --name-only --get-regexp http\.https\:\/\/github\.com\/\.extraheader
âš¡ Performance Audit	Run actions/checkout@v4	2026-01-08T19:00:44.9974614Z [command]/usr/bin/git submodule foreach --recursive sh -c "git config --local --name-only --get-regexp 'http\.https\:\/\/github\.com\/\.extraheader' && git config --local --unset-all 'http.https://github.com/.extraheader' || :"
âš¡ Performance Audit	Run actions/checkout@v4	2026-01-08T19:00:45.0210573Z [command]/usr/bin/git config --local --name-only --get-regexp ^includeIf\.gitdir:
âš¡ Performance Audit	Run actions/checkout@v4	2026-01-08T19:00:45.0252074Z [command]/usr/bin/git submodule foreach --recursive git config --local --show-origin --name-only --get-regexp remote.origin.url
âš¡ Performance Audit	Run actions/checkout@v4	2026-01-08T19:00:45.0493685Z [command]/usr/bin/git config --local http.https://github.com/.extraheader AUTHORIZATION: basic ***
âš¡ Performance Audit	Run actions/checkout@v4	2026-01-08T19:00:45.0530137Z ##[endgroup]
âš¡ Performance Audit	Run actions/checkout@v4	2026-01-08T19:00:45.0531598Z ##[group]Fetching the repository
âš¡ Performance Audit	Run actions/checkout@v4	2026-01-08T19:00:45.0539603Z [command]/usr/bin/git -c protocol.version=2 fetch --no-tags --prune --no-recurse-submodules --depth=1 origin +6c5a2d3270b0ef5a3adce3050bbc34949791fe9e:refs/remotes/pull/34/merge
âš¡ Performance Audit	Run actions/checkout@v4	2026-01-08T19:00:45.8379355Z From https://github.com/Techlemariam/IronForge
âš¡ Performance Audit	Run actions/checkout@v4	2026-01-08T19:00:45.8381511Z  * [new ref]         6c5a2d3270b0ef5a3adce3050bbc34949791fe9e -> pull/34/merge
âš¡ Performance Audit	Run actions/checkout@v4	2026-01-08T19:00:45.8424977Z ##[endgroup]
âš¡ Performance Audit	Run actions/checkout@v4	2026-01-08T19:00:45.8427166Z ##[group]Determining the checkout info
âš¡ Performance Audit	Run actions/checkout@v4	2026-01-08T19:00:45.8428871Z ##[endgroup]
âš¡ Performance Audit	Run actions/checkout@v4	2026-01-08T19:00:45.8431533Z [command]/usr/bin/git sparse-checkout disable
âš¡ Performance Audit	Run actions/checkout@v4	2026-01-08T19:00:45.8480930Z [command]/usr/bin/git config --local --unset-all extensions.worktreeConfig
âš¡ Performance Audit	Run actions/checkout@v4	2026-01-08T19:00:45.8513322Z ##[group]Checking out the ref
âš¡ Performance Audit	Run actions/checkout@v4	2026-01-08T19:00:45.8517448Z [command]/usr/bin/git checkout --progress --force refs/remotes/pull/34/merge
âš¡ Performance Audit	Run actions/checkout@v4	2026-01-08T19:00:45.9737971Z Note: switching to 'refs/remotes/pull/34/merge'.
âš¡ Performance Audit	Run actions/checkout@v4	2026-01-08T19:00:45.9740129Z 
âš¡ Performance Audit	Run actions/checkout@v4	2026-01-08T19:00:45.9741598Z You are in 'detached HEAD' state. You can look around, make experimental
âš¡ Performance Audit	Run actions/checkout@v4	2026-01-08T19:00:45.9746191Z changes and commit them, and you can discard any commits you make in this
âš¡ Performance Audit	Run actions/checkout@v4	2026-01-08T19:00:45.9749672Z state without impacting any branches by switching back to a branch.
âš¡ Performance Audit	Run actions/checkout@v4	2026-01-08T19:00:45.9751515Z 
âš¡ Performance Audit	Run actions/checkout@v4	2026-01-08T19:00:45.9753176Z If you want to create a new branch to retain commits you create, you may
âš¡ Performance Audit	Run actions/checkout@v4	2026-01-08T19:00:45.9756171Z do so (now or later) by using -c with the switch command. Example:
âš¡ Performance Audit	Run actions/checkout@v4	2026-01-08T19:00:45.9758387Z 
âš¡ Performance Audit	Run actions/checkout@v4	2026-01-08T19:00:45.9759124Z   git switch -c <new-branch-name>
âš¡ Performance Audit	Run actions/checkout@v4	2026-01-08T19:00:45.9760294Z 
âš¡ Performance Audit	Run actions/checkout@v4	2026-01-08T19:00:45.9760970Z Or undo this operation with:
âš¡ Performance Audit	Run actions/checkout@v4	2026-01-08T19:00:45.9762053Z 
âš¡ Performance Audit	Run actions/checkout@v4	2026-01-08T19:00:45.9762642Z   git switch -
âš¡ Performance Audit	Run actions/checkout@v4	2026-01-08T19:00:45.9763488Z 
âš¡ Performance Audit	Run actions/checkout@v4	2026-01-08T19:00:45.9764847Z Turn off this advice by setting config variable advice.detachedHead to false
âš¡ Performance Audit	Run actions/checkout@v4	2026-01-08T19:00:45.9767267Z 
âš¡ Performance Audit	Run actions/checkout@v4	2026-01-08T19:00:45.9769562Z HEAD is now at 6c5a2d3 Merge 89ee1ce2406e22156d69729453169634ec324e9c into b789994c9141a6c4ac9b5c7c3c90186cac73a7e6
âš¡ Performance Audit	Run actions/checkout@v4	2026-01-08T19:00:45.9776267Z ##[endgroup]
âš¡ Performance Audit	Run actions/checkout@v4	2026-01-08T19:00:45.9800965Z [command]/usr/bin/git log -1 --format=%H
âš¡ Performance Audit	Run actions/checkout@v4	2026-01-08T19:00:45.9828757Z 6c5a2d3270b0ef5a3adce3050bbc34949791fe9e
âš¡ Performance Audit	Run pnpm/action-setup@v4	ï»¿2026-01-08T19:00:46.0157780Z ##[group]Run pnpm/action-setup@v4
âš¡ Performance Audit	Run pnpm/action-setup@v4	2026-01-08T19:00:46.0158836Z with:
âš¡ Performance Audit	Run pnpm/action-setup@v4	2026-01-08T19:00:46.0159572Z   dest: ~/setup-pnpm
âš¡ Performance Audit	Run pnpm/action-setup@v4	2026-01-08T19:00:46.0160401Z   run_install: null
âš¡ Performance Audit	Run pnpm/action-setup@v4	2026-01-08T19:00:46.0161237Z   package_json_file: package.json
âš¡ Performance Audit	Run pnpm/action-setup@v4	2026-01-08T19:00:46.0162210Z   standalone: false
âš¡ Performance Audit	Run pnpm/action-setup@v4	2026-01-08T19:00:46.0162983Z env:
âš¡ Performance Audit	Run pnpm/action-setup@v4	2026-01-08T19:00:46.0165280Z   DATABASE_URL: ***
âš¡ Performance Audit	Run pnpm/action-setup@v4	2026-01-08T19:00:46.0167468Z   DIRECT_URL: ***
âš¡ Performance Audit	Run pnpm/action-setup@v4	2026-01-08T19:00:46.0168706Z   NEXT_PUBLIC_SUPABASE_URL: ***
âš¡ Performance Audit	Run pnpm/action-setup@v4	2026-01-08T19:00:46.0173398Z   NEXT_PUBLIC_SUPABASE_ANON_KEY: ***
âš¡ Performance Audit	Run pnpm/action-setup@v4	2026-01-08T19:00:46.0174423Z   SKIP_ENV_VALIDATION: true
âš¡ Performance Audit	Run pnpm/action-setup@v4	2026-01-08T19:00:46.0175307Z ##[endgroup]
âš¡ Performance Audit	Run pnpm/action-setup@v4	2026-01-08T19:00:46.0741718Z ##[group]Running self-installer...
âš¡ Performance Audit	Run pnpm/action-setup@v4	2026-01-08T19:00:46.6740078Z Progress: resolved 1, reused 0, downloaded 0, added 0
âš¡ Performance Audit	Run pnpm/action-setup@v4	2026-01-08T19:00:46.6833720Z Packages: +1
âš¡ Performance Audit	Run pnpm/action-setup@v4	2026-01-08T19:00:46.6834346Z +
âš¡ Performance Audit	Run pnpm/action-setup@v4	2026-01-08T19:00:47.2632160Z Progress: resolved 1, reused 0, downloaded 1, added 1, done
âš¡ Performance Audit	Run pnpm/action-setup@v4	2026-01-08T19:00:47.2918120Z 
âš¡ Performance Audit	Run pnpm/action-setup@v4	2026-01-08T19:00:47.2918649Z dependencies:
âš¡ Performance Audit	Run pnpm/action-setup@v4	2026-01-08T19:00:47.2919378Z + pnpm 9.15.0 (10.27.0 is available)
âš¡ Performance Audit	Run pnpm/action-setup@v4	2026-01-08T19:00:47.2919873Z 
âš¡ Performance Audit	Run pnpm/action-setup@v4	2026-01-08T19:00:47.2955776Z Done in 1s
âš¡ Performance Audit	Run pnpm/action-setup@v4	2026-01-08T19:00:47.3160489Z ##[endgroup]
âš¡ Performance Audit	Run pnpm/action-setup@v4	2026-01-08T19:00:47.3163752Z Installation Completed!
âš¡ Performance Audit	Run actions/setup-node@v6	ï»¿2026-01-08T19:00:47.3316743Z ##[group]Run actions/setup-node@v6
âš¡ Performance Audit	Run actions/setup-node@v6	2026-01-08T19:00:47.3317130Z with:
âš¡ Performance Audit	Run actions/setup-node@v6	2026-01-08T19:00:47.3317369Z   node-version: 22
âš¡ Performance Audit	Run actions/setup-node@v6	2026-01-08T19:00:47.3317621Z   cache: pnpm
âš¡ Performance Audit	Run actions/setup-node@v6	2026-01-08T19:00:47.3317863Z   check-latest: false
âš¡ Performance Audit	Run actions/setup-node@v6	2026-01-08T19:00:47.3318260Z   token: ***
âš¡ Performance Audit	Run actions/setup-node@v6	2026-01-08T19:00:47.3318529Z   package-manager-cache: true
âš¡ Performance Audit	Run actions/setup-node@v6	2026-01-08T19:00:47.3318848Z env:
âš¡ Performance Audit	Run actions/setup-node@v6	2026-01-08T19:00:47.3319594Z   DATABASE_URL: ***
âš¡ Performance Audit	Run actions/setup-node@v6	2026-01-08T19:00:47.3320254Z   DIRECT_URL: ***
âš¡ Performance Audit	Run actions/setup-node@v6	2026-01-08T19:00:47.3320637Z   NEXT_PUBLIC_SUPABASE_URL: ***
âš¡ Performance Audit	Run actions/setup-node@v6	2026-01-08T19:00:47.3322025Z   NEXT_PUBLIC_SUPABASE_ANON_KEY: ***
âš¡ Performance Audit	Run actions/setup-node@v6	2026-01-08T19:00:47.3322340Z   SKIP_ENV_VALIDATION: true
âš¡ Performance Audit	Run actions/setup-node@v6	2026-01-08T19:00:47.3322691Z   PNPM_HOME: /home/runner/setup-pnpm/node_modules/.bin
âš¡ Performance Audit	Run actions/setup-node@v6	2026-01-08T19:00:47.3323044Z ##[endgroup]
âš¡ Performance Audit	Run actions/setup-node@v6	2026-01-08T19:00:47.4752222Z Found in cache @ /opt/hostedtoolcache/node/22.21.1/x64
âš¡ Performance Audit	Run actions/setup-node@v6	2026-01-08T19:00:47.4757076Z (node:2129) [DEP0040] DeprecationWarning: The `punycode` module is deprecated. Please use a userland alternative instead.
âš¡ Performance Audit	Run actions/setup-node@v6	2026-01-08T19:00:47.4758109Z (Use `node --trace-deprecation ...` to show where the warning was created)
âš¡ Performance Audit	Run actions/setup-node@v6	2026-01-08T19:00:47.4760315Z ##[group]Environment details
âš¡ Performance Audit	Run actions/setup-node@v6	2026-01-08T19:00:47.8404659Z node: v22.21.1
âš¡ Performance Audit	Run actions/setup-node@v6	2026-01-08T19:00:47.8405156Z npm: 10.9.4
âš¡ Performance Audit	Run actions/setup-node@v6	2026-01-08T19:00:47.8433346Z yarn: 1.22.22
âš¡ Performance Audit	Run actions/setup-node@v6	2026-01-08T19:00:47.8434187Z ##[endgroup]
âš¡ Performance Audit	Run actions/setup-node@v6	2026-01-08T19:00:47.8434557Z [command]/home/runner/setup-pnpm/node_modules/.bin/pnpm store path --silent
âš¡ Performance Audit	Run actions/setup-node@v6	2026-01-08T19:00:48.2486216Z /home/runner/setup-pnpm/node_modules/.bin/store/v3
âš¡ Performance Audit	Run actions/setup-node@v6	2026-01-08T19:00:48.4139843Z Cache hit for: node-cache-Linux-x64-pnpm-87c008dc9358694f3b5b0ccd1343d2730c2250451e2d227da281c5b1338a0c60
âš¡ Performance Audit	Run actions/setup-node@v6	2026-01-08T19:00:48.4244606Z (node:2129) [DEP0169] DeprecationWarning: `url.parse()` behavior is not standardized and prone to errors that have security implications. Use the WHATWG URL API instead. CVEs are not issued for `url.parse()` vulnerabilities.
âš¡ Performance Audit	Run actions/setup-node@v6	2026-01-08T19:00:49.5516196Z Received 117440512 of 432780340 (27.1%), 111.9 MBs/sec
âš¡ Performance Audit	Run actions/setup-node@v6	2026-01-08T19:00:50.5519943Z Received 268435456 of 432780340 (62.0%), 127.9 MBs/sec
âš¡ Performance Audit	Run actions/setup-node@v6	2026-01-08T19:00:51.3490944Z Received 432780340 of 432780340 (100.0%), 147.5 MBs/sec
âš¡ Performance Audit	Run actions/setup-node@v6	2026-01-08T19:00:51.3492186Z Cache Size: ~413 MB (432780340 B)
âš¡ Performance Audit	Run actions/setup-node@v6	2026-01-08T19:00:51.3639887Z [command]/usr/bin/tar -xf /home/runner/work/_temp/b87dd9d9-352d-4a67-886b-e9a5ead47699/cache.tzst -P -C /home/runner/work/IronForge/IronForge --use-compress-program unzstd
âš¡ Performance Audit	Run actions/setup-node@v6	2026-01-08T19:00:56.7379860Z Cache restored successfully
âš¡ Performance Audit	Run actions/setup-node@v6	2026-01-08T19:00:56.8163902Z Cache restored from key: node-cache-Linux-x64-pnpm-87c008dc9358694f3b5b0ccd1343d2730c2250451e2d227da281c5b1338a0c60
âš¡ Performance Audit	Run pnpm install --frozen-lockfile	ï»¿2026-01-08T19:00:56.8345297Z ##[group]Run pnpm install --frozen-lockfile
âš¡ Performance Audit	Run pnpm install --frozen-lockfile	2026-01-08T19:00:56.8345827Z [36;1mpnpm install --frozen-lockfile[0m
âš¡ Performance Audit	Run pnpm install --frozen-lockfile	2026-01-08T19:00:56.8392926Z shell: /usr/bin/bash -e {0}
âš¡ Performance Audit	Run pnpm install --frozen-lockfile	2026-01-08T19:00:56.8393208Z env:
âš¡ Performance Audit	Run pnpm install --frozen-lockfile	2026-01-08T19:00:56.8394159Z   DATABASE_URL: ***
âš¡ Performance Audit	Run pnpm install --frozen-lockfile	2026-01-08T19:00:56.8394759Z   DIRECT_URL: ***
âš¡ Performance Audit	Run pnpm install --frozen-lockfile	2026-01-08T19:00:56.8395101Z   NEXT_PUBLIC_SUPABASE_URL: ***
âš¡ Performance Audit	Run pnpm install --frozen-lockfile	2026-01-08T19:00:56.8396425Z   NEXT_PUBLIC_SUPABASE_ANON_KEY: ***
âš¡ Performance Audit	Run pnpm install --frozen-lockfile	2026-01-08T19:00:56.8396973Z   SKIP_ENV_VALIDATION: true
âš¡ Performance Audit	Run pnpm install --frozen-lockfile	2026-01-08T19:00:56.8397273Z   PNPM_HOME: /home/runner/setup-pnpm/node_modules/.bin
âš¡ Performance Audit	Run pnpm install --frozen-lockfile	2026-01-08T19:00:56.8397575Z ##[endgroup]
âš¡ Performance Audit	Run pnpm install --frozen-lockfile	2026-01-08T19:00:57.3103055Z Lockfile is up to date, resolution step is skipped
âš¡ Performance Audit	Run pnpm install --frozen-lockfile	2026-01-08T19:00:57.4194453Z Progress: resolved 1, reused 0, downloaded 0, added 0
âš¡ Performance Audit	Run pnpm install --frozen-lockfile	2026-01-08T19:00:57.6333424Z Packages: +1498
âš¡ Performance Audit	Run pnpm install --frozen-lockfile	2026-01-08T19:00:57.6334192Z ++++++++++++++++++++++++++++++++++++++++++++++++++++++++++++++++++++++++++++++++
âš¡ Performance Audit	Run pnpm install --frozen-lockfile	2026-01-08T19:00:58.4491799Z Progress: resolved 1498, reused 1108, downloaded 0, added 0
âš¡ Performance Audit	Run pnpm install --frozen-lockfile	2026-01-08T19:00:59.4501453Z Progress: resolved 1498, reused 1498, downloaded 0, added 549
âš¡ Performance Audit	Run pnpm install --frozen-lockfile	2026-01-08T19:01:00.4503541Z Progress: resolved 1498, reused 1498, downloaded 0, added 1349
âš¡ Performance Audit	Run pnpm install --frozen-lockfile	2026-01-08T19:01:00.5437146Z Progress: resolved 1498, reused 1498, downloaded 0, added 1498, done
âš¡ Performance Audit	Run pnpm install --frozen-lockfile	2026-01-08T19:01:01.6397779Z 
âš¡ Performance Audit	Run pnpm install --frozen-lockfile	2026-01-08T19:01:01.6398492Z dependencies:
âš¡ Performance Audit	Run pnpm install --frozen-lockfile	2026-01-08T19:01:01.6398948Z + @ai-sdk/google 3.0.2
âš¡ Performance Audit	Run pnpm install --frozen-lockfile	2026-01-08T19:01:01.6399404Z + @ai-sdk/react 3.0.6
âš¡ Performance Audit	Run pnpm install --frozen-lockfile	2026-01-08T19:01:01.6399845Z + @capacitor/android 8.0.0
âš¡ Performance Audit	Run pnpm install --frozen-lockfile	2026-01-08T19:01:01.6400324Z + @capacitor/cli 8.0.0
âš¡ Performance Audit	Run pnpm install --frozen-lockfile	2026-01-08T19:01:01.6400824Z + @capacitor/core 8.0.0
âš¡ Performance Audit	Run pnpm install --frozen-lockfile	2026-01-08T19:01:01.6401321Z + @google/genai 1.34.0
âš¡ Performance Audit	Run pnpm install --frozen-lockfile	2026-01-08T19:01:01.6401894Z + @mediapipe/tasks-vision 0.10.9
âš¡ Performance Audit	Run pnpm install --frozen-lockfile	2026-01-08T19:01:01.6402566Z + @neondatabase/serverless 1.0.2
âš¡ Performance Audit	Run pnpm install --frozen-lockfile	2026-01-08T19:01:01.6403271Z + @prisma/adapter-neon 7.2.0
âš¡ Performance Audit	Run pnpm install --frozen-lockfile	2026-01-08T19:01:01.6403957Z + @prisma/adapter-pg 7.2.0
âš¡ Performance Audit	Run pnpm install --frozen-lockfile	2026-01-08T19:01:01.6404528Z + @prisma/client 7.2.0
âš¡ Performance Audit	Run pnpm install --frozen-lockfile	2026-01-08T19:01:01.6405194Z + @radix-ui/react-avatar 1.1.11
âš¡ Performance Audit	Run pnpm install --frozen-lockfile	2026-01-08T19:01:01.6406015Z + @radix-ui/react-dialog 1.1.15
âš¡ Performance Audit	Run pnpm install --frozen-lockfile	2026-01-08T19:01:01.6407086Z + @radix-ui/react-label 2.1.8
âš¡ Performance Audit	Run pnpm install --frozen-lockfile	2026-01-08T19:01:01.6407921Z + @radix-ui/react-popover 1.1.15
âš¡ Performance Audit	Run pnpm install --frozen-lockfile	2026-01-08T19:01:01.6408788Z + @radix-ui/react-progress 1.1.8
âš¡ Performance Audit	Run pnpm install --frozen-lockfile	2026-01-08T19:01:01.6409724Z + @radix-ui/react-scroll-area 1.2.10
âš¡ Performance Audit	Run pnpm install --frozen-lockfile	2026-01-08T19:01:01.6410648Z + @radix-ui/react-select 2.2.6
âš¡ Performance Audit	Run pnpm install --frozen-lockfile	2026-01-08T19:01:01.6411543Z + @radix-ui/react-slider 1.3.6
âš¡ Performance Audit	Run pnpm install --frozen-lockfile	2026-01-08T19:01:01.6412286Z + @radix-ui/react-slot 1.2.4
âš¡ Performance Audit	Run pnpm install --frozen-lockfile	2026-01-08T19:01:01.6413067Z + @radix-ui/react-tabs 1.1.13
âš¡ Performance Audit	Run pnpm install --frozen-lockfile	2026-01-08T19:01:01.6413858Z + @react-three/drei 10.7.7
âš¡ Performance Audit	Run pnpm install --frozen-lockfile	2026-01-08T19:01:01.6414661Z + @react-three/fiber 9.5.0
âš¡ Performance Audit	Run pnpm install --frozen-lockfile	2026-01-08T19:01:01.6415386Z + @sentry/nextjs 10.32.1
âš¡ Performance Audit	Run pnpm install --frozen-lockfile	2026-01-08T19:01:01.6416097Z + @serwist/next 9.4.2
âš¡ Performance Audit	Run pnpm install --frozen-lockfile	2026-01-08T19:01:01.6416986Z + @supabase/ssr 0.5.2
âš¡ Performance Audit	Run pnpm install --frozen-lockfile	2026-01-08T19:01:01.6417606Z + @supabase/supabase-js 2.89.0
âš¡ Performance Audit	Run pnpm install --frozen-lockfile	2026-01-08T19:01:01.6418155Z + @types/canvas-confetti 1.9.0
âš¡ Performance Audit	Run pnpm install --frozen-lockfile	2026-01-08T19:01:01.6418627Z + @types/howler 2.2.12
âš¡ Performance Audit	Run pnpm install --frozen-lockfile	2026-01-08T19:01:01.6419065Z + @types/web-push 3.6.4
âš¡ Performance Audit	Run pnpm install --frozen-lockfile	2026-01-08T19:01:01.6419588Z + @vercel/speed-insights 1.3.1
âš¡ Performance Audit	Run pnpm install --frozen-lockfile	2026-01-08T19:01:01.6420015Z + ai 6.0.6
âš¡ Performance Audit	Run pnpm install --frozen-lockfile	2026-01-08T19:01:01.6420385Z + axios 1.13.2
âš¡ Performance Audit	Run pnpm install --frozen-lockfile	2026-01-08T19:01:01.6420787Z + canvas-confetti 1.9.4
âš¡ Performance Audit	Run pnpm install --frozen-lockfile	2026-01-08T19:01:01.6421311Z + class-variance-authority 0.7.1
âš¡ Performance Audit	Run pnpm install --frozen-lockfile	2026-01-08T19:01:01.6422127Z + clsx 2.1.1
âš¡ Performance Audit	Run pnpm install --frozen-lockfile	2026-01-08T19:01:01.6422548Z + framer-motion 11.18.2
âš¡ Performance Audit	Run pnpm install --frozen-lockfile	2026-01-08T19:01:01.6422960Z + h3-js 4.4.0
âš¡ Performance Audit	Run pnpm install --frozen-lockfile	2026-01-08T19:01:01.6423332Z + howler 2.2.4
âš¡ Performance Audit	Run pnpm install --frozen-lockfile	2026-01-08T19:01:01.6423720Z + import-in-the-middle 2.0.1
âš¡ Performance Audit	Run pnpm install --frozen-lockfile	2026-01-08T19:01:01.6424175Z + lucide-react 0.562.0
âš¡ Performance Audit	Run pnpm install --frozen-lockfile	2026-01-08T19:01:01.6424602Z + maplibre-gl 5.15.0
âš¡ Performance Audit	Run pnpm install --frozen-lockfile	2026-01-08T19:01:01.6424972Z + next 16.1.1
âš¡ Performance Audit	Run pnpm install --frozen-lockfile	2026-01-08T19:01:01.6425314Z + pg 8.16.3
âš¡ Performance Audit	Run pnpm install --frozen-lockfile	2026-01-08T19:01:01.6425659Z + pino 10.1.0
âš¡ Performance Audit	Run pnpm install --frozen-lockfile	2026-01-08T19:01:01.6426037Z + pino-pretty 13.1.3
âš¡ Performance Audit	Run pnpm install --frozen-lockfile	2026-01-08T19:01:01.6426457Z + qrcode.react 4.2.0
âš¡ Performance Audit	Run pnpm install --frozen-lockfile	2026-01-08T19:01:01.6427095Z + react 19.2.3
âš¡ Performance Audit	Run pnpm install --frozen-lockfile	2026-01-08T19:01:01.6427490Z + react-dom 19.2.3
âš¡ Performance Audit	Run pnpm install --frozen-lockfile	2026-01-08T19:01:01.6427890Z + react-dropzone 14.3.8
âš¡ Performance Audit	Run pnpm install --frozen-lockfile	2026-01-08T19:01:01.6428330Z + react-player 2.16.1
âš¡ Performance Audit	Run pnpm install --frozen-lockfile	2026-01-08T19:01:01.6429182Z + reactflow 11.11.4
âš¡ Performance Audit	Run pnpm install --frozen-lockfile	2026-01-08T19:01:01.6429586Z + recharts 3.6.0
âš¡ Performance Audit	Run pnpm install --frozen-lockfile	2026-01-08T19:01:01.6430027Z + require-in-the-middle 8.0.1
âš¡ Performance Audit	Run pnpm install --frozen-lockfile	2026-01-08T19:01:01.6430490Z + serwist 9.4.2
âš¡ Performance Audit	Run pnpm install --frozen-lockfile	2026-01-08T19:01:01.6430860Z + sonner 2.0.7
âš¡ Performance Audit	Run pnpm install --frozen-lockfile	2026-01-08T19:01:01.6431255Z + tailwind-merge 3.4.0
âš¡ Performance Audit	Run pnpm install --frozen-lockfile	2026-01-08T19:01:01.6431710Z + tailwindcss-animate 1.0.7
âš¡ Performance Audit	Run pnpm install --frozen-lockfile	2026-01-08T19:01:01.6432135Z + three 0.182.0
âš¡ Performance Audit	Run pnpm install --frozen-lockfile	2026-01-08T19:01:01.6432494Z + web-push 3.6.7
âš¡ Performance Audit	Run pnpm install --frozen-lockfile	2026-01-08T19:01:01.6432848Z + zod 3.25.76
âš¡ Performance Audit	Run pnpm install --frozen-lockfile	2026-01-08T19:01:01.6433208Z + zustand 5.0.9
âš¡ Performance Audit	Run pnpm install --frozen-lockfile	2026-01-08T19:01:01.6433417Z 
âš¡ Performance Audit	Run pnpm install --frozen-lockfile	2026-01-08T19:01:01.6433581Z devDependencies:
âš¡ Performance Audit	Run pnpm install --frozen-lockfile	2026-01-08T19:01:01.6433972Z + @lhci/cli 0.15.1
âš¡ Performance Audit	Run pnpm install --frozen-lockfile	2026-01-08T19:01:01.6434445Z + @playwright/test 1.57.0
âš¡ Performance Audit	Run pnpm install --frozen-lockfile	2026-01-08T19:01:01.6434931Z + @tailwindcss/postcss 4.1.18
âš¡ Performance Audit	Run pnpm install --frozen-lockfile	2026-01-08T19:01:01.6435424Z + @testing-library/dom 10.4.1
âš¡ Performance Audit	Run pnpm install --frozen-lockfile	2026-01-08T19:01:01.6435939Z + @testing-library/react 16.3.1
âš¡ Performance Audit	Run pnpm install --frozen-lockfile	2026-01-08T19:01:01.6436393Z + @types/node 25.0.3
âš¡ Performance Audit	Run pnpm install --frozen-lockfile	2026-01-08T19:01:01.6437011Z + @types/pg 8.16.0
âš¡ Performance Audit	Run pnpm install --frozen-lockfile	2026-01-08T19:01:01.6437421Z + @types/react 19.2.7
âš¡ Performance Audit	Run pnpm install --frozen-lockfile	2026-01-08T19:01:01.6437882Z + @types/react-dom 19.2.3
âš¡ Performance Audit	Run pnpm install --frozen-lockfile	2026-01-08T19:01:01.6438326Z + @types/three 0.182.0
âš¡ Performance Audit	Run pnpm install --frozen-lockfile	2026-01-08T19:01:01.6438762Z + @types/web-bluetooth 0.0.21
âš¡ Performance Audit	Run pnpm install --frozen-lockfile	2026-01-08T19:01:01.6439207Z + @types/ws 8.18.1
âš¡ Performance Audit	Run pnpm install --frozen-lockfile	2026-01-08T19:01:01.6439733Z + @typescript-eslint/eslint-plugin 7.18.0
âš¡ Performance Audit	Run pnpm install --frozen-lockfile	2026-01-08T19:01:01.6440349Z + @typescript-eslint/parser 7.18.0
âš¡ Performance Audit	Run pnpm install --frozen-lockfile	2026-01-08T19:01:01.6440861Z + @vitest/coverage-v8 4.0.16
âš¡ Performance Audit	Run pnpm install --frozen-lockfile	2026-01-08T19:01:01.6441333Z + autoprefixer 10.4.23
âš¡ Performance Audit	Run pnpm install --frozen-lockfile	2026-01-08T19:01:01.6441772Z + dotenv 17.2.3
âš¡ Performance Audit	Run pnpm install --frozen-lockfile	2026-01-08T19:01:01.6442197Z + dotenv-cli 11.0.0
âš¡ Performance Audit	Run pnpm install --frozen-lockfile	2026-01-08T19:01:01.6442585Z + eslint 8.57.0
âš¡ Performance Audit	Run pnpm install --frozen-lockfile	2026-01-08T19:01:01.6443017Z + eslint-config-next 14.2.5
âš¡ Performance Audit	Run pnpm install --frozen-lockfile	2026-01-08T19:01:01.6443481Z + husky 9.1.7
âš¡ Performance Audit	Run pnpm install --frozen-lockfile	2026-01-08T19:01:01.6443850Z + jsdom 27.4.0
âš¡ Performance Audit	Run pnpm install --frozen-lockfile	2026-01-08T19:01:01.6444219Z + magicast 0.3.5
âš¡ Performance Audit	Run pnpm install --frozen-lockfile	2026-01-08T19:01:01.6444606Z + postcss 8.5.6
âš¡ Performance Audit	Run pnpm install --frozen-lockfile	2026-01-08T19:01:01.6444991Z + prisma 7.2.0
âš¡ Performance Audit	Run pnpm install --frozen-lockfile	2026-01-08T19:01:01.6445396Z + tailwindcss 4.1.18
âš¡ Performance Audit	Run pnpm install --frozen-lockfile	2026-01-08T19:01:01.6445800Z + tsx 4.21.0
âš¡ Performance Audit	Run pnpm install --frozen-lockfile	2026-01-08T19:01:01.6446152Z + turbo 2.7.2
âš¡ Performance Audit	Run pnpm install --frozen-lockfile	2026-01-08T19:01:01.6446760Z + typedoc 0.28.15
âš¡ Performance Audit	Run pnpm install --frozen-lockfile	2026-01-08T19:01:01.6447257Z + typedoc-plugin-markdown 4.9.0
âš¡ Performance Audit	Run pnpm install --frozen-lockfile	2026-01-08T19:01:01.6447764Z + typescript 5.9.3
âš¡ Performance Audit	Run pnpm install --frozen-lockfile	2026-01-08T19:01:01.6448158Z + vercel 50.1.3
âš¡ Performance Audit	Run pnpm install --frozen-lockfile	2026-01-08T19:01:01.6448549Z + vitest 4.0.16
âš¡ Performance Audit	Run pnpm install --frozen-lockfile	2026-01-08T19:01:01.6448919Z + ws 8.18.3
âš¡ Performance Audit	Run pnpm install --frozen-lockfile	2026-01-08T19:01:01.6449127Z 
âš¡ Performance Audit	Run pnpm install --frozen-lockfile	2026-01-08T19:01:01.6703758Z 
âš¡ Performance Audit	Run pnpm install --frozen-lockfile	2026-01-08T19:01:01.6704717Z > ironforge-rpg@1.0.0 postinstall /home/runner/work/IronForge/IronForge
âš¡ Performance Audit	Run pnpm install --frozen-lockfile	2026-01-08T19:01:01.6705418Z > prisma generate
âš¡ Performance Audit	Run pnpm install --frozen-lockfile	2026-01-08T19:01:01.6705593Z 
âš¡ Performance Audit	Run pnpm install --frozen-lockfile	2026-01-08T19:01:02.6147621Z Loaded Prisma config from prisma.config.ts.
âš¡ Performance Audit	Run pnpm install --frozen-lockfile	2026-01-08T19:01:02.6148168Z 
âš¡ Performance Audit	Run pnpm install --frozen-lockfile	2026-01-08T19:01:02.6624059Z Prisma schema loaded from prisma/schema.prisma.
âš¡ Performance Audit	Run pnpm install --frozen-lockfile	2026-01-08T19:01:02.6698509Z warn Preview feature "driverAdapters" is deprecated. The functionality can be used without specifying it as a preview feature.
âš¡ Performance Audit	Run pnpm install --frozen-lockfile	2026-01-08T19:01:03.3319932Z 
âš¡ Performance Audit	Run pnpm install --frozen-lockfile	2026-01-08T19:01:03.3321906Z âœ” Generated Prisma Client (v7.2.0) to ./node_modules/.pnpm/@prisma+client@7.2.0_prisma@7.2.0_@types+react@19.2.7_magicast@0.3.5_react-dom@19.2.3_react@1_q4f4ihbqwb6kirxwuk5vzzv5eu/node_modules/@prisma/client in 345ms
âš¡ Performance Audit	Run pnpm install --frozen-lockfile	2026-01-08T19:01:03.3322914Z 
âš¡ Performance Audit	Run pnpm install --frozen-lockfile	2026-01-08T19:01:03.3323324Z Start by importing your Prisma Client (See: https://pris.ly/d/importing-client)
âš¡ Performance Audit	Run pnpm install --frozen-lockfile	2026-01-08T19:01:03.3323995Z 
âš¡ Performance Audit	Run pnpm install --frozen-lockfile	2026-01-08T19:01:03.3324349Z Tip: Want to turn off tips and other hints? https://pris.ly/tip-4-nohints
âš¡ Performance Audit	Run pnpm install --frozen-lockfile	2026-01-08T19:01:03.3324708Z 
âš¡ Performance Audit	Run pnpm install --frozen-lockfile	2026-01-08T19:01:03.3535810Z 
âš¡ Performance Audit	Run pnpm install --frozen-lockfile	2026-01-08T19:01:03.3536910Z > ironforge-rpg@1.0.0 prepare /home/runner/work/IronForge/IronForge
âš¡ Performance Audit	Run pnpm install --frozen-lockfile	2026-01-08T19:01:03.3537510Z > husky
âš¡ Performance Audit	Run pnpm install --frozen-lockfile	2026-01-08T19:01:03.3537680Z 
âš¡ Performance Audit	Run pnpm install --frozen-lockfile	2026-01-08T19:01:03.3991912Z Done in 6.5s
âš¡ Performance Audit	Generate Prisma Client	ï»¿2026-01-08T19:01:03.4522483Z ##[group]Run npx prisma generate
âš¡ Performance Audit	Generate Prisma Client	2026-01-08T19:01:03.4522828Z [36;1mnpx prisma generate[0m
âš¡ Performance Audit	Generate Prisma Client	2026-01-08T19:01:03.4555935Z shell: /usr/bin/bash -e {0}
âš¡ Performance Audit	Generate Prisma Client	2026-01-08T19:01:03.4556212Z env:
âš¡ Performance Audit	Generate Prisma Client	2026-01-08T19:01:03.4557072Z   DATABASE_URL: ***
âš¡ Performance Audit	Generate Prisma Client	2026-01-08T19:01:03.4557684Z   DIRECT_URL: ***
âš¡ Performance Audit	Generate Prisma Client	2026-01-08T19:01:03.4558032Z   NEXT_PUBLIC_SUPABASE_URL: ***
âš¡ Performance Audit	Generate Prisma Client	2026-01-08T19:01:03.4559390Z   NEXT_PUBLIC_SUPABASE_ANON_KEY: ***
âš¡ Performance Audit	Generate Prisma Client	2026-01-08T19:01:03.4559674Z   SKIP_ENV_VALIDATION: true
âš¡ Performance Audit	Generate Prisma Client	2026-01-08T19:01:03.4559982Z   PNPM_HOME: /home/runner/setup-pnpm/node_modules/.bin
âš¡ Performance Audit	Generate Prisma Client	2026-01-08T19:01:03.4560308Z ##[endgroup]
âš¡ Performance Audit	Generate Prisma Client	2026-01-08T19:01:04.8552582Z Loaded Prisma config from prisma.config.ts.
âš¡ Performance Audit	Generate Prisma Client	2026-01-08T19:01:04.8553156Z 
âš¡ Performance Audit	Generate Prisma Client	2026-01-08T19:01:04.8977784Z Prisma schema loaded from prisma/schema.prisma.
âš¡ Performance Audit	Generate Prisma Client	2026-01-08T19:01:04.9029824Z warn Preview feature "driverAdapters" is deprecated. The functionality can be used without specifying it as a preview feature.
âš¡ Performance Audit	Generate Prisma Client	2026-01-08T19:01:05.5678343Z 
âš¡ Performance Audit	Generate Prisma Client	2026-01-08T19:01:05.5680243Z âœ” Generated Prisma Client (v7.2.0) to ./node_modules/.pnpm/@prisma+client@7.2.0_prisma@7.2.0_@types+react@19.2.7_magicast@0.3.5_react-dom@19.2.3_react@1_q4f4ihbqwb6kirxwuk5vzzv5eu/node_modules/@prisma/client in 382ms
âš¡ Performance Audit	Generate Prisma Client	2026-01-08T19:01:05.5681113Z 
âš¡ Performance Audit	Generate Prisma Client	2026-01-08T19:01:05.5681463Z Start by importing your Prisma Client (See: https://pris.ly/d/importing-client)
âš¡ Performance Audit	Generate Prisma Client	2026-01-08T19:01:05.5681802Z 
âš¡ Performance Audit	Generate Prisma Client	2026-01-08T19:01:05.5682272Z Tip: Interested in query caching in just a few lines of code? Try Accelerate today! https://pris.ly/tip-3-accelerate
âš¡ Performance Audit	Generate Prisma Client	2026-01-08T19:01:05.5682698Z 
âš¡ Performance Audit	Build Application	ï»¿2026-01-08T19:01:05.6356139Z ##[group]Run pnpm build
âš¡ Performance Audit	Build Application	2026-01-08T19:01:05.6356469Z [36;1mpnpm build[0m
âš¡ Performance Audit	Build Application	2026-01-08T19:01:05.6388922Z shell: /usr/bin/bash -e {0}
âš¡ Performance Audit	Build Application	2026-01-08T19:01:05.6389183Z env:
âš¡ Performance Audit	Build Application	2026-01-08T19:01:05.6389886Z   DATABASE_URL: ***
âš¡ Performance Audit	Build Application	2026-01-08T19:01:05.6390468Z   DIRECT_URL: ***
âš¡ Performance Audit	Build Application	2026-01-08T19:01:05.6390805Z   NEXT_PUBLIC_SUPABASE_URL: ***
âš¡ Performance Audit	Build Application	2026-01-08T19:01:05.6392146Z   NEXT_PUBLIC_SUPABASE_ANON_KEY: ***
âš¡ Performance Audit	Build Application	2026-01-08T19:01:05.6392419Z   SKIP_ENV_VALIDATION: true
âš¡ Performance Audit	Build Application	2026-01-08T19:01:05.6392710Z   PNPM_HOME: /home/runner/setup-pnpm/node_modules/.bin
âš¡ Performance Audit	Build Application	2026-01-08T19:01:05.6393010Z ##[endgroup]
âš¡ Performance Audit	Build Application	2026-01-08T19:01:06.0340634Z 
âš¡ Performance Audit	Build Application	2026-01-08T19:01:06.0341693Z > ironforge-rpg@1.0.0 prebuild /home/runner/work/IronForge/IronForge
âš¡ Performance Audit	Build Application	2026-01-08T19:01:06.0342687Z > npm run clean:logs
âš¡ Performance Audit	Build Application	2026-01-08T19:01:06.0342985Z 
âš¡ Performance Audit	Build Application	2026-01-08T19:01:06.1306138Z 
âš¡ Performance Audit	Build Application	2026-01-08T19:01:06.1307008Z > ironforge-rpg@1.0.0 clean:logs
âš¡ Performance Audit	Build Application	2026-01-08T19:01:06.1307555Z > npx tsx scripts/clean-logs.ts
âš¡ Performance Audit	Build Application	2026-01-08T19:01:06.1307780Z 
âš¡ Performance Audit	Build Application	2026-01-08T19:01:06.6494612Z No log directory found at /home/runner/work/IronForge/IronForge/src/logs
âš¡ Performance Audit	Build Application	2026-01-08T19:01:06.6757792Z 
âš¡ Performance Audit	Build Application	2026-01-08T19:01:06.6758493Z > ironforge-rpg@1.0.0 build /home/runner/work/IronForge/IronForge
âš¡ Performance Audit	Build Application	2026-01-08T19:01:06.6758941Z > next build --webpack
âš¡ Performance Audit	Build Application	2026-01-08T19:01:06.6759094Z 
âš¡ Performance Audit	Build Application	2026-01-08T19:01:07.7515262Z âš  No build cache found. Please configure build caching for faster rebuilds. Read more: https://nextjs.org/docs/messages/no-cache
âš¡ Performance Audit	Build Application	2026-01-08T19:01:07.7958537Z Attention: Next.js now collects completely anonymous telemetry regarding usage.
âš¡ Performance Audit	Build Application	2026-01-08T19:01:07.7964630Z This information is used to shape Next.js' roadmap and prioritize features.
âš¡ Performance Audit	Build Application	2026-01-08T19:01:07.7966794Z You can learn more, including how to opt-out if you'd not like to participate in this anonymous program, by visiting the following URL:
âš¡ Performance Audit	Build Application	2026-01-08T19:01:07.7968139Z https://nextjs.org/telemetry
âš¡ Performance Audit	Build Application	2026-01-08T19:01:07.7968533Z 
âš¡ Performance Audit	Build Application	2026-01-08T19:01:07.8097114Z â–² Next.js 16.1.1 (webpack)
âš¡ Performance Audit	Build Application	2026-01-08T19:01:07.8097766Z - Environments: .env.local
âš¡ Performance Audit	Build Application	2026-01-08T19:01:07.8098089Z 
âš¡ Performance Audit	Build Application	2026-01-08T19:01:07.8788328Z âš  The "middleware" file convention is deprecated. Please use "proxy" instead. Learn more: https://nextjs.org/docs/messages/middleware-to-proxy
âš¡ Performance Audit	Build Application	2026-01-08T19:01:07.9053041Z   Creating an optimized production build ...
âš¡ Performance Audit	Build Application	2026-01-08T19:01:35.0019116Z âš  Compiled with warnings in 25.9s
âš¡ Performance Audit	Build Application	2026-01-08T19:01:35.0019516Z 
âš¡ Performance Audit	Build Application	2026-01-08T19:01:35.0022949Z ./node_modules/.pnpm/@opentelemetry+instrumentation@0.208.0_@opentelemetry+api@1.9.0/node_modules/@opentelemetry/instrumentation/build/esm/platform/node/instrumentation.js
âš¡ Performance Audit	Build Application	2026-01-08T19:01:35.0024048Z Critical dependency: the request of a dependency is an expression
âš¡ Performance Audit	Build Application	2026-01-08T19:01:35.0024368Z 
âš¡ Performance Audit	Build Application	2026-01-08T19:01:35.0024544Z Import trace for requested module:
âš¡ Performance Audit	Build Application	2026-01-08T19:01:35.0025583Z ./node_modules/.pnpm/@opentelemetry+instrumentation@0.208.0_@opentelemetry+api@1.9.0/node_modules/@opentelemetry/instrumentation/build/esm/platform/node/instrumentation.js
âš¡ Performance Audit	Build Application	2026-01-08T19:01:35.0027319Z ./node_modules/.pnpm/@opentelemetry+instrumentation@0.208.0_@opentelemetry+api@1.9.0/node_modules/@opentelemetry/instrumentation/build/esm/platform/node/index.js
âš¡ Performance Audit	Build Application	2026-01-08T19:01:35.0028630Z ./node_modules/.pnpm/@opentelemetry+instrumentation@0.208.0_@opentelemetry+api@1.9.0/node_modules/@opentelemetry/instrumentation/build/esm/platform/index.js
âš¡ Performance Audit	Build Application	2026-01-08T19:01:35.0029797Z ./node_modules/.pnpm/@opentelemetry+instrumentation@0.208.0_@opentelemetry+api@1.9.0/node_modules/@opentelemetry/instrumentation/build/esm/index.js
âš¡ Performance Audit	Build Application	2026-01-08T19:01:35.0030779Z ./node_modules/.pnpm/@sentry+node@10.32.1/node_modules/@sentry/node/build/cjs/integrations/tracing/postgresjs.js
âš¡ Performance Audit	Build Application	2026-01-08T19:01:35.0031493Z ./node_modules/.pnpm/@sentry+node@10.32.1/node_modules/@sentry/node/build/cjs/index.js
âš¡ Performance Audit	Build Application	2026-01-08T19:01:35.0032613Z ./node_modules/.pnpm/@sentry+nextjs@10.32.1_@opentelemetry+context-async-hooks@2.2.0_@opentelemetry+api@1.9.0__@op_b3lqjbo3wsq5kr6w2tdabxyfj4/node_modules/@sentry/nextjs/build/cjs/index.server.js
âš¡ Performance Audit	Build Application	2026-01-08T19:01:35.0033465Z ./src/app/api/cron/heartbeat/route.ts
âš¡ Performance Audit	Build Application	2026-01-08T19:01:35.0034004Z 
âš¡ Performance Audit	Build Application	2026-01-08T19:01:38.0891037Z <w> [webpack.cache.PackFileCacheStrategy] Serializing big strings (130kiB) impacts deserialization performance (consider using Buffer instead and decode when needed)
âš¡ Performance Audit	Build Application	2026-01-08T19:01:38.2327360Z âš  Compiled with warnings in 1880.3ms
âš¡ Performance Audit	Build Application	2026-01-08T19:01:38.2328991Z 
âš¡ Performance Audit	Build Application	2026-01-08T19:01:38.2329957Z ./node_modules/.pnpm/@supabase+realtime-js@2.89.0/node_modules/@supabase/realtime-js/dist/module/lib/websocket-factory.js
âš¡ Performance Audit	Build Application	2026-01-08T19:01:38.2331363Z A Node.js API is used (process.versions at line: 39) which is not supported in the Edge Runtime.
âš¡ Performance Audit	Build Application	2026-01-08T19:01:38.2332005Z Learn more: https://nextjs.org/docs/api-reference/edge-runtime
âš¡ Performance Audit	Build Application	2026-01-08T19:01:38.2332280Z 
âš¡ Performance Audit	Build Application	2026-01-08T19:01:38.2332478Z Import trace for requested module:
âš¡ Performance Audit	Build Application	2026-01-08T19:01:38.2333173Z ./node_modules/.pnpm/@supabase+realtime-js@2.89.0/node_modules/@supabase/realtime-js/dist/module/lib/websocket-factory.js
âš¡ Performance Audit	Build Application	2026-01-08T19:01:38.2334072Z ./node_modules/.pnpm/@supabase+realtime-js@2.89.0/node_modules/@supabase/realtime-js/dist/module/index.js
âš¡ Performance Audit	Build Application	2026-01-08T19:01:38.2334893Z ./node_modules/.pnpm/@supabase+supabase-js@2.89.0/node_modules/@supabase/supabase-js/dist/index.mjs
âš¡ Performance Audit	Build Application	2026-01-08T19:01:38.2335763Z ./node_modules/.pnpm/@supabase+ssr@0.5.2_@supabase+supabase-js@2.89.0/node_modules/@supabase/ssr/dist/module/createBrowserClient.js
âš¡ Performance Audit	Build Application	2026-01-08T19:01:38.2336957Z ./node_modules/.pnpm/@supabase+ssr@0.5.2_@supabase+supabase-js@2.89.0/node_modules/@supabase/ssr/dist/module/index.js
âš¡ Performance Audit	Build Application	2026-01-08T19:01:38.2337561Z ./src/utils/supabase/middleware.ts
âš¡ Performance Audit	Build Application	2026-01-08T19:01:38.2337745Z 
âš¡ Performance Audit	Build Application	2026-01-08T19:01:53.7875990Z ./node_modules/.pnpm/@supabase+supabase-js@2.89.0/node_modules/@supabase/supabase-js/dist/index.mjs
âš¡ Performance Audit	Build Application	2026-01-08T19:01:53.7877603Z A Node.js API is used (process.version at line: 389) which is not supported in the Edge Runtime.
âš¡ Performance Audit	Build Application	2026-01-08T19:01:53.7878657Z Learn more: https://nextjs.org/docs/api-reference/edge-runtime
âš¡ Performance Audit	Build Application	2026-01-08T19:01:53.7879114Z 
âš¡ Performance Audit	Build Application	2026-01-08T19:01:53.7879365Z Import trace for requested module:
âš¡ Performance Audit	Build Application	2026-01-08T19:01:53.7880350Z ./node_modules/.pnpm/@supabase+supabase-js@2.89.0/node_modules/@supabase/supabase-js/dist/index.mjs
âš¡ Performance Audit	Build Application	2026-01-08T19:01:53.7882355Z ./node_modules/.pnpm/@supabase+ssr@0.5.2_@supabase+supabase-js@2.89.0/node_modules/@supabase/ssr/dist/module/createBrowserClient.js
âš¡ Performance Audit	Build Application	2026-01-08T19:01:53.7883927Z ./node_modules/.pnpm/@supabase+ssr@0.5.2_@supabase+supabase-js@2.89.0/node_modules/@supabase/ssr/dist/module/index.js
âš¡ Performance Audit	Build Application	2026-01-08T19:01:53.7884890Z ./src/utils/supabase/middleware.ts
âš¡ Performance Audit	Build Application	2026-01-08T19:01:53.7885202Z 
âš¡ Performance Audit	Build Application	2026-01-08T19:01:53.7885741Z âœ“ Compiled successfully in 42s
âš¡ Performance Audit	Build Application	2026-01-08T19:01:53.7918361Z   Running TypeScript ...
âš¡ Performance Audit	Build Application	2026-01-08T19:02:13.7725846Z   Collecting page data using 3 workers ...
âš¡ Performance Audit	Build Application	2026-01-08T19:02:20.4712729Z   Generating static pages using 3 workers (0/36) ...
âš¡ Performance Audit	Build Application	2026-01-08T19:02:20.6328269Z   Generating static pages using 3 workers (9/36) 
âš¡ Performance Audit	Build Application	2026-01-08T19:02:21.0462646Z   Generating static pages using 3 workers (18/36) 
âš¡ Performance Audit	Build Application	2026-01-08T19:02:21.0920209Z   Generating static pages using 3 workers (27/36) 
âš¡ Performance Audit	Build Application	2026-01-08T19:02:21.1669339Z âœ“ Generating static pages using 3 workers (36/36) in 695.5ms
âš¡ Performance Audit	Build Application	2026-01-08T19:02:22.0072409Z   Finalizing page optimization ...
âš¡ Performance Audit	Build Application	2026-01-08T19:02:22.0073008Z   Collecting build traces ...
âš¡ Performance Audit	Build Application	2026-01-08T19:02:50.2177352Z 
âš¡ Performance Audit	Build Application	2026-01-08T19:02:50.2202036Z Route (app)
âš¡ Performance Audit	Build Application	2026-01-08T19:02:50.2203928Z â”Œ â—‹ /
âš¡ Performance Audit	Build Application	2026-01-08T19:02:50.2204389Z â”œ â—‹ /_not-found
âš¡ Performance Audit	Build Application	2026-01-08T19:02:50.2204800Z â”œ â—‹ /admin/cron
âš¡ Performance Audit	Build Application	2026-01-08T19:02:50.2205179Z â”œ Æ’ /admin/growth
âš¡ Performance Audit	Build Application	2026-01-08T19:02:50.2205427Z â”œ Æ’ /api/chat
âš¡ Performance Audit	Build Application	2026-01-08T19:02:50.2205698Z â”œ Æ’ /api/cron/daily-oracle
âš¡ Performance Audit	Build Application	2026-01-08T19:02:50.2206015Z â”œ Æ’ /api/cron/duel-scoring
âš¡ Performance Audit	Build Application	2026-01-08T19:02:50.2206313Z â”œ Æ’ /api/cron/generate-plans
âš¡ Performance Audit	Build Application	2026-01-08T19:02:50.2206899Z â”œ Æ’ /api/cron/heartbeat
âš¡ Performance Audit	Build Application	2026-01-08T19:02:50.2207245Z â”œ Æ’ /api/cron/maintenance/daily
âš¡ Performance Audit	Build Application	2026-01-08T19:02:50.2207601Z â”œ Æ’ /api/cron/maintenance/weekly
âš¡ Performance Audit	Build Application	2026-01-08T19:02:50.2207921Z â”œ Æ’ /api/cron/power-rating
âš¡ Performance Audit	Build Application	2026-01-08T19:02:50.2208250Z â”œ Æ’ /api/cron/season-transition
âš¡ Performance Audit	Build Application	2026-01-08T19:02:50.2208568Z â”œ Æ’ /api/cron/territory/income
âš¡ Performance Audit	Build Application	2026-01-08T19:02:50.2209234Z â”œ Æ’ /api/cron/territory/settlement
âš¡ Performance Audit	Build Application	2026-01-08T19:02:50.2209538Z â”œ Æ’ /api/health
âš¡ Performance Audit	Build Application	2026-01-08T19:02:50.2209826Z â”œ Æ’ /api/hevy/exercise-templates
âš¡ Performance Audit	Build Application	2026-01-08T19:02:50.2210113Z â”œ Æ’ /api/hevy/routines
âš¡ Performance Audit	Build Application	2026-01-08T19:02:50.2210373Z â”œ Æ’ /api/hevy/workouts
âš¡ Performance Audit	Build Application	2026-01-08T19:02:50.2210632Z â”œ Æ’ /api/intervals/events
âš¡ Performance Audit	Build Application	2026-01-08T19:02:50.2210907Z â”œ Æ’ /api/intervals/history
âš¡ Performance Audit	Build Application	2026-01-08T19:02:50.2211322Z â”œ Æ’ /api/intervals/wellness
âš¡ Performance Audit	Build Application	2026-01-08T19:02:50.2211671Z â”œ Æ’ /api/podcast
âš¡ Performance Audit	Build Application	2026-01-08T19:02:50.2211918Z â”œ Æ’ /api/podcast/login
âš¡ Performance Audit	Build Application	2026-01-08T19:02:50.2212165Z â”œ Æ’ /api/sync/logs
âš¡ Performance Audit	Build Application	2026-01-08T19:02:50.2212403Z â”œ Æ’ /api/sync/user
âš¡ Performance Audit	Build Application	2026-01-08T19:02:50.2212654Z â”œ Æ’ /api/webhooks/hevy
âš¡ Performance Audit	Build Application	2026-01-08T19:02:50.2212911Z â”œ Æ’ /api/webhooks/intervals
âš¡ Performance Audit	Build Application	2026-01-08T19:02:50.2213182Z â”œ Æ’ /api/webhooks/strava
âš¡ Performance Audit	Build Application	2026-01-08T19:02:50.2213422Z â”œ Æ’ /armory
âš¡ Performance Audit	Build Application	2026-01-08T19:02:50.2213641Z â”œ Æ’ /auth/callback
âš¡ Performance Audit	Build Application	2026-01-08T19:02:50.2213870Z â”œ Æ’ /battle-pass
âš¡ Performance Audit	Build Application	2026-01-08T19:02:50.2214090Z â”œ Æ’ /bestiary
âš¡ Performance Audit	Build Application	2026-01-08T19:02:50.2214316Z â”œ â—‹ /campaign/debug
âš¡ Performance Audit	Build Application	2026-01-08T19:02:50.2214564Z â”œ Æ’ /colosseum
âš¡ Performance Audit	Build Application	2026-01-08T19:02:50.2214788Z â”œ Æ’ /dashboard
âš¡ Performance Audit	Build Application	2026-01-08T19:02:50.2214994Z â”œ â—‹ /grimoire
âš¡ Performance Audit	Build Application	2026-01-08T19:02:50.2215200Z â”œ Æ’ /iron-arena
âš¡ Performance Audit	Build Application	2026-01-08T19:02:50.2215411Z â”œ Æ’ /logger
âš¡ Performance Audit	Build Application	2026-01-08T19:02:50.2215612Z â”œ â—‹ /login
âš¡ Performance Audit	Build Application	2026-01-08T19:02:50.2215818Z â”œ Æ’ /map
âš¡ Performance Audit	Build Application	2026-01-08T19:02:50.2216018Z â”œ â—‹ /privacy
âš¡ Performance Audit	Build Application	2026-01-08T19:02:50.2216243Z â”œ Æ’ /ranked-arena
âš¡ Performance Audit	Build Application	2026-01-08T19:02:50.2216467Z â”œ Æ’ /settings
âš¡ Performance Audit	Build Application	2026-01-08T19:02:50.2216956Z â”œ Æ’ /settings/podcast
âš¡ Performance Audit	Build Application	2026-01-08T19:02:50.2217204Z â”œ Æ’ /strength
âš¡ Performance Audit	Build Application	2026-01-08T19:02:50.2217407Z â”œ Æ’ /territory
âš¡ Performance Audit	Build Application	2026-01-08T19:02:50.2217613Z â”” â—‹ /welcome
âš¡ Performance Audit	Build Application	2026-01-08T19:02:50.2217718Z 
âš¡ Performance Audit	Build Application	2026-01-08T19:02:50.2217732Z 
âš¡ Performance Audit	Build Application	2026-01-08T19:02:50.2217858Z Æ’ Proxy (Middleware)
âš¡ Performance Audit	Build Application	2026-01-08T19:02:50.2217999Z 
âš¡ Performance Audit	Build Application	2026-01-08T19:02:50.2218192Z â—‹  (Static)   prerendered as static content
âš¡ Performance Audit	Build Application	2026-01-08T19:02:50.2218569Z Æ’  (Dynamic)  server-rendered on demand
âš¡ Performance Audit	Build Application	2026-01-08T19:02:50.2218758Z 
âš¡ Performance Audit	Run Lighthouse CI	ï»¿2026-01-08T19:02:50.3198602Z ##[group]Run pnpm run lhci
âš¡ Performance Audit	Run Lighthouse CI	2026-01-08T19:02:50.3199130Z [36;1mpnpm run lhci[0m
âš¡ Performance Audit	Run Lighthouse CI	2026-01-08T19:02:50.3246304Z shell: /usr/bin/bash -e {0}
âš¡ Performance Audit	Run Lighthouse CI	2026-01-08T19:02:50.3247015Z env:
âš¡ Performance Audit	Run Lighthouse CI	2026-01-08T19:02:50.3248206Z   DATABASE_URL: ***
âš¡ Performance Audit	Run Lighthouse CI	2026-01-08T19:02:50.3249299Z   DIRECT_URL: ***
âš¡ Performance Audit	Run Lighthouse CI	2026-01-08T19:02:50.3249931Z   NEXT_PUBLIC_SUPABASE_URL: ***
âš¡ Performance Audit	Run Lighthouse CI	2026-01-08T19:02:50.3252519Z   NEXT_PUBLIC_SUPABASE_ANON_KEY: ***
âš¡ Performance Audit	Run Lighthouse CI	2026-01-08T19:02:50.3253031Z   SKIP_ENV_VALIDATION: true
âš¡ Performance Audit	Run Lighthouse CI	2026-01-08T19:02:50.3253567Z   PNPM_HOME: /home/runner/setup-pnpm/node_modules/.bin
âš¡ Performance Audit	Run Lighthouse CI	2026-01-08T19:02:50.3254306Z   LHCI_GITHUB_APP_TOKEN: ***
âš¡ Performance Audit	Run Lighthouse CI	2026-01-08T19:02:50.3254725Z ##[endgroup]
âš¡ Performance Audit	Run Lighthouse CI	2026-01-08T19:02:50.7309166Z 
âš¡ Performance Audit	Run Lighthouse CI	2026-01-08T19:02:50.7310011Z > ironforge-rpg@1.0.0 lhci /home/runner/work/IronForge/IronForge
âš¡ Performance Audit	Run Lighthouse CI	2026-01-08T19:02:50.7310544Z > lhci autorun
âš¡ Performance Audit	Run Lighthouse CI	2026-01-08T19:02:50.7310699Z 
âš¡ Performance Audit	Run Lighthouse CI	2026-01-08T19:02:51.3329776Z âœ…  .lighthouseci/ directory writable
âš¡ Performance Audit	Run Lighthouse CI	2026-01-08T19:02:51.3334115Z âœ…  Configuration file found
âš¡ Performance Audit	Run Lighthouse CI	2026-01-08T19:02:51.3558126Z âœ…  Chrome installation found
âš¡ Performance Audit	Run Lighthouse CI	2026-01-08T19:02:51.3559757Z âœ…  GitHub token set
âš¡ Performance Audit	Run Lighthouse CI	2026-01-08T19:02:51.3560506Z Healthcheck passed!
âš¡ Performance Audit	Run Lighthouse CI	2026-01-08T19:02:51.3618230Z 
âš¡ Performance Audit	Run Lighthouse CI	2026-01-08T19:02:52.7491767Z Started a web server with "pnpm run start"...
âš¡ Performance Audit	Run Lighthouse CI	2026-01-08T19:02:52.7495189Z Running Lighthouse 3 time(s) on http://localhost:3000/
âš¡ Performance Audit	Run Lighthouse CI	2026-01-08T19:03:15.8013420Z Run #1...done.
âš¡ Performance Audit	Run Lighthouse CI	2026-01-08T19:03:28.1688118Z Run #2...done.
âš¡ Performance Audit	Run Lighthouse CI	2026-01-08T19:03:40.4804452Z Run #3...done.
âš¡ Performance Audit	Run Lighthouse CI	2026-01-08T19:03:40.4805229Z Running Lighthouse 3 time(s) on http://localhost:3000/login
âš¡ Performance Audit	Run Lighthouse CI	2026-01-08T19:03:52.4791284Z Run #1...done.
âš¡ Performance Audit	Run Lighthouse CI	2026-01-08T19:04:04.3515162Z Run #2...done.
âš¡ Performance Audit	Run Lighthouse CI	2026-01-08T19:04:16.2528657Z Run #3...done.
âš¡ Performance Audit	Run Lighthouse CI	2026-01-08T19:04:16.2892911Z Done running Lighthouse!
âš¡ Performance Audit	Run Lighthouse CI	2026-01-08T19:04:16.3005655Z 
âš¡ Performance Audit	Run Lighthouse CI	2026-01-08T19:04:16.6068214Z Checking assertions against 2 URL(s), 6 total run(s)
âš¡ Performance Audit	Run Lighthouse CI	2026-01-08T19:04:16.6068750Z 
âš¡ Performance Audit	Run Lighthouse CI	2026-01-08T19:04:16.6069935Z 1 result(s) for [1mhttp://localhost:3000/welcome[0m :
âš¡ Performance Audit	Run Lighthouse CI	2026-01-08T19:04:16.6070379Z 
âš¡ Performance Audit	Run Lighthouse CI	2026-01-08T19:04:16.6071305Z   [31mâœ˜[0m  [1mcategories[0m.performance failure for [1mminScore[0m assertion
âš¡ Performance Audit	Run Lighthouse CI	2026-01-08T19:04:16.6072022Z         expected: >=[32m0.9[0m
âš¡ Performance Audit	Run Lighthouse CI	2026-01-08T19:04:16.6072589Z            found: [31m0.88[0m
âš¡ Performance Audit	Run Lighthouse CI	2026-01-08T19:04:16.6073126Z       [2mall values: 0.57, 0.87, 0.88[0m
âš¡ Performance Audit	Run Lighthouse CI	2026-01-08T19:04:16.6073443Z 
âš¡ Performance Audit	Run Lighthouse CI	2026-01-08T19:04:16.6073698Z Assertion failed. Exiting with status code 1.
âš¡ Performance Audit	Run Lighthouse CI	2026-01-08T19:04:16.6136446Z 
âš¡ Performance Audit	Run Lighthouse CI	2026-01-08T19:04:18.1486222Z Uploading median LHR of http://localhost:3000/welcome...success!
âš¡ Performance Audit	Run Lighthouse CI	2026-01-08T19:04:18.1488663Z Open the report at https://storage.googleapis.com/lighthouse-infrastructure.appspot.com/reports/1767899057882-28955.report.html
âš¡ Performance Audit	Run Lighthouse CI	2026-01-08T19:04:18.3761703Z Uploading median LHR of http://localhost:3000/login...success!
âš¡ Performance Audit	Run Lighthouse CI	2026-01-08T19:04:18.3763272Z Open the report at https://storage.googleapis.com/lighthouse-infrastructure.appspot.com/reports/1767899058224-22088.report.html
âš¡ Performance Audit	Run Lighthouse CI	2026-01-08T19:04:18.3822240Z GitHub token found, attempting to set status...
âš¡ Performance Audit	Run Lighthouse CI	2026-01-08T19:04:19.2007884Z GitHub accepted "failure" status for "lhci/url/welcome".
âš¡ Performance Audit	Run Lighthouse CI	2026-01-08T19:04:19.2138038Z 
âš¡ Performance Audit	Run Lighthouse CI	2026-01-08T19:04:19.2138783Z assert command failed. Exiting with status code 1.
âš¡ Performance Audit	Run Lighthouse CI	2026-01-08T19:04:19.2204815Z â€‰ELIFECYCLEâ€‰ Command failed with exit code 1.
âš¡ Performance Audit	Run Lighthouse CI	2026-01-08T19:04:19.2391941Z ##[error]Process completed with exit code 1.
âš¡ Performance Audit	Post Run actions/setup-node@v6	ï»¿2026-01-08T19:04:19.2461048Z Post job cleanup.
âš¡ Performance Audit	Post Run actions/setup-node@v6	2026-01-08T19:04:19.3671922Z (node:3542) [DEP0040] DeprecationWarning: The `punycode` module is deprecated. Please use a userland alternative instead.
âš¡ Performance Audit	Post Run actions/setup-node@v6	2026-01-08T19:04:19.3672909Z (Use `node --trace-deprecation ...` to show where the warning was created)
âš¡ Performance Audit	Post Run actions/setup-node@v6	2026-01-08T19:04:19.3676182Z Cache hit occurred on the primary key node-cache-Linux-x64-pnpm-87c008dc9358694f3b5b0ccd1343d2730c2250451e2d227da281c5b1338a0c60, not saving cache.
âš¡ Performance Audit	Post Run pnpm/action-setup@v4	ï»¿2026-01-08T19:04:19.3765346Z Post job cleanup.
âš¡ Performance Audit	Post Run pnpm/action-setup@v4	2026-01-08T19:04:19.4320545Z Pruning is unnecessary.
âš¡ Performance Audit	Post Run actions/checkout@v4	ï»¿2026-01-08T19:04:19.4421583Z Post job cleanup.
âš¡ Performance Audit	Post Run actions/checkout@v4	2026-01-08T19:04:19.5364072Z [command]/usr/bin/git version
âš¡ Performance Audit	Post Run actions/checkout@v4	2026-01-08T19:04:19.5400296Z git version 2.52.0
âš¡ Performance Audit	Post Run actions/checkout@v4	2026-01-08T19:04:19.5455433Z Temporarily overriding HOME='/home/runner/work/_temp/17f8e1c4-8c1a-4e77-a874-1b7f15660801' before making global git config changes
âš¡ Performance Audit	Post Run actions/checkout@v4	2026-01-08T19:04:19.5457717Z Adding repository directory to the temporary git global config as a safe directory
âš¡ Performance Audit	Post Run actions/checkout@v4	2026-01-08T19:04:19.5460766Z [command]/usr/bin/git config --global --add safe.directory /home/runner/work/IronForge/IronForge
âš¡ Performance Audit	Post Run actions/checkout@v4	2026-01-08T19:04:19.5494074Z [command]/usr/bin/git config --local --name-only --get-regexp core\.sshCommand
âš¡ Performance Audit	Post Run actions/checkout@v4	2026-01-08T19:04:19.5526087Z [command]/usr/bin/git submodule foreach --recursive sh -c "git config --local --name-only --get-regexp 'core\.sshCommand' && git config --local --unset-all 'core.sshCommand' || :"
âš¡ Performance Audit	Post Run actions/checkout@v4	2026-01-08T19:04:19.5757801Z [command]/usr/bin/git config --local --name-only --get-regexp http\.https\:\/\/github\.com\/\.extraheader
âš¡ Performance Audit	Post Run actions/checkout@v4	2026-01-08T19:04:19.5778484Z http.https://github.com/.extraheader
âš¡ Performance Audit	Post Run actions/checkout@v4	2026-01-08T19:04:19.5792450Z [command]/usr/bin/git config --local --unset-all http.https://github.com/.extraheader
âš¡ Performance Audit	Post Run actions/checkout@v4	2026-01-08T19:04:19.5823056Z [command]/usr/bin/git submodule foreach --recursive sh -c "git config --local --name-only --get-regexp 'http\.https\:\/\/github\.com\/\.extraheader' && git config --local --unset-all 'http.https://github.com/.extraheader' || :"
âš¡ Performance Audit	Post Run actions/checkout@v4	2026-01-08T19:04:19.6046305Z [command]/usr/bin/git config --local --name-only --get-regexp ^includeIf\.gitdir:
âš¡ Performance Audit	Post Run actions/checkout@v4	2026-01-08T19:04:19.6076864Z [command]/usr/bin/git submodule foreach --recursive git config --local --show-origin --name-only --get-regexp remote.origin.url
âš¡ Performance Audit	Complete job	ï»¿2026-01-08T19:04:19.6418329Z Cleaning up orphan processes
